Component: ARM Compiler 5.06 update 3 (build 300) Tool: armlink [4d35c9]

==============================================================================

Section Cross References

    beep.o(i.BEEP_Init) refers to stm32f4xx_rcc.o(i.RCC_APB1PeriphClockCmd) for RCC_APB1PeriphClockCmd
    beep.o(i.BEEP_Init) refers to stm32f4xx_rcc.o(i.RCC_AHB1PeriphClockCmd) for RCC_AHB1PeriphClockCmd
    beep.o(i.BEEP_Init) refers to stm32f4xx_gpio.o(i.GPIO_PinAFConfig) for GPIO_PinAFConfig
    beep.o(i.BEEP_Init) refers to stm32f4xx_gpio.o(i.GPIO_Init) for GPIO_Init
    beep.o(i.BEEP_Init) refers to stm32f4xx_tim.o(i.TIM_TimeBaseInit) for TIM_TimeBaseInit
    beep.o(i.BEEP_Init) refers to stm32f4xx_tim.o(i.TIM_OC1Init) for TIM_OC1Init
    beep.o(i.BEEP_Init) refers to stm32f4xx_tim.o(i.TIM_OC1PreloadConfig) for TIM_OC1PreloadConfig
    beep.o(i.BEEP_Init) refers to stm32f4xx_tim.o(i.TIM_ARRPreloadConfig) for TIM_ARRPreloadConfig
    beep.o(i.BEEP_Init) refers to stm32f4xx_tim.o(i.TIM_Cmd) for TIM_Cmd
    beep.o(i.Sing) refers to beep.o(.constdata) for tone_tab
    beep.o(i.Sing_Startup_music) refers to beep.o(i.Sing) for Sing
    beep.o(i.Sing_Startup_music) refers to beep.o(.constdata) for Mavic_Startup_music
    bsp_can.o(i.BSP_CAN_InitConfig) refers to stm32f4xx_rcc.o(i.RCC_APB1PeriphClockCmd) for RCC_APB1PeriphClockCmd
    bsp_can.o(i.BSP_CAN_InitConfig) refers to stm32f4xx_can.o(i.CAN_Init) for CAN_Init
    bsp_can.o(i.BSP_CAN_InitConfig) refers to stm32f4xx_can.o(i.CAN_FilterInit) for CAN_FilterInit
    bsp_dma.o(i.BSP_DMA_InitConfig) refers to stm32f4xx_rcc.o(i.RCC_AHB1PeriphClockCmd) for RCC_AHB1PeriphClockCmd
    bsp_dma.o(i.BSP_DMA_InitConfig) refers to stm32f4xx_dma.o(i.DMA_Init) for DMA_Init
    bsp_dma.o(i.BSP_DMA_InitConfig) refers to stm32f4xx_dma.o(i.DMA_Cmd) for DMA_Cmd
    bsp_dma.o(i.BSP_DMA_InitConfig) refers to driver_dbus.o(.bss) for DBUSBuffer
    bsp_gpio.o(i.BSP_GPIO_InitConfig) refers to stm32f4xx_rcc.o(i.RCC_AHB1PeriphClockCmd) for RCC_AHB1PeriphClockCmd
    bsp_gpio.o(i.BSP_GPIO_InitConfig) refers to stm32f4xx_gpio.o(i.GPIO_Init) for GPIO_Init
    bsp_gpio.o(i.BSP_GPIO_InitConfig) refers to stm32f4xx_gpio.o(i.GPIO_PinAFConfig) for GPIO_PinAFConfig
    bsp_nvic.o(i.BSP_NVIC_InitConfig) refers to misc.o(i.NVIC_PriorityGroupConfig) for NVIC_PriorityGroupConfig
    bsp_nvic.o(i.BSP_NVIC_InitConfig) refers to misc.o(i.NVIC_Init) for NVIC_Init
    bsp_nvic.o(i.BSP_NVIC_InitConfig) refers to stm32f4xx_usart.o(i.USART_ITConfig) for USART_ITConfig
    bsp_nvic.o(i.BSP_NVIC_InitConfig) refers to stm32f4xx_can.o(i.CAN_ITConfig) for CAN_ITConfig
    bsp_nvic.o(i.BSP_NVIC_InitConfig) refers to stm32f4xx_tim.o(i.TIM_ITConfig) for TIM_ITConfig
    bsp_nvic.o(i.BSP_NVIC_InitConfig) refers to stm32f4xx_tim.o(i.TIM_ClearFlag) for TIM_ClearFlag
    bsp_tim.o(i.BSP_TIM_InitConfig) refers to stm32f4xx_rcc.o(i.RCC_APB1PeriphClockCmd) for RCC_APB1PeriphClockCmd
    bsp_tim.o(i.BSP_TIM_InitConfig) refers to stm32f4xx_tim.o(i.TIM_TimeBaseInit) for TIM_TimeBaseInit
    bsp_tim.o(i.BSP_TIM_InitConfig) refers to stm32f4xx_tim.o(i.TIM_Cmd) for TIM_Cmd
    bsp_tim.o(i.TIM4_PWM_Init) refers to stm32f4xx_rcc.o(i.RCC_APB1PeriphClockCmd) for RCC_APB1PeriphClockCmd
    bsp_tim.o(i.TIM4_PWM_Init) refers to stm32f4xx_rcc.o(i.RCC_AHB1PeriphClockCmd) for RCC_AHB1PeriphClockCmd
    bsp_tim.o(i.TIM4_PWM_Init) refers to stm32f4xx_gpio.o(i.GPIO_PinAFConfig) for GPIO_PinAFConfig
    bsp_tim.o(i.TIM4_PWM_Init) refers to stm32f4xx_gpio.o(i.GPIO_Init) for GPIO_Init
    bsp_tim.o(i.TIM4_PWM_Init) refers to stm32f4xx_tim.o(i.TIM_TimeBaseInit) for TIM_TimeBaseInit
    bsp_tim.o(i.TIM4_PWM_Init) refers to stm32f4xx_tim.o(i.TIM_OC1Init) for TIM_OC1Init
    bsp_tim.o(i.TIM4_PWM_Init) refers to stm32f4xx_tim.o(i.TIM_OC1PreloadConfig) for TIM_OC1PreloadConfig
    bsp_tim.o(i.TIM4_PWM_Init) refers to stm32f4xx_tim.o(i.TIM_ARRPreloadConfig) for TIM_ARRPreloadConfig
    bsp_tim.o(i.TIM4_PWM_Init) refers to stm32f4xx_tim.o(i.TIM_Cmd) for TIM_Cmd
    bsp_uart.o(i.BSP_UART_InitConfig) refers to stm32f4xx_rcc.o(i.RCC_APB2PeriphClockCmd) for RCC_APB2PeriphClockCmd
    bsp_uart.o(i.BSP_UART_InitConfig) refers to stm32f4xx_usart.o(i.USART_Init) for USART_Init
    bsp_uart.o(i.BSP_UART_InitConfig) refers to stm32f4xx_usart.o(i.USART_DMACmd) for USART_DMACmd
    bsp_uart.o(i.BSP_UART_InitConfig) refers to stm32f4xx_usart.o(i.USART_Cmd) for USART_Cmd
    key.o(i.KEY_Init) refers to stm32f4xx_rcc.o(i.RCC_AHB1PeriphClockCmd) for RCC_AHB1PeriphClockCmd
    key.o(i.KEY_Init) refers to stm32f4xx_gpio.o(i.GPIO_Init) for GPIO_Init
    led.o(i.LED_Init) refers to stm32f4xx_rcc.o(i.RCC_AHB1PeriphClockCmd) for RCC_AHB1PeriphClockCmd
    led.o(i.LED_Init) refers to stm32f4xx_gpio.o(i.GPIO_Init) for GPIO_Init
    led.o(i.LED_Init) refers to stm32f4xx_gpio.o(i.GPIO_SetBits) for GPIO_SetBits
    startup_stm32f427xx.o(STACK) refers (Special) to heapauxi.o(.text) for __use_two_region_memory
[...]
    i.Task_DBUS                              0x08001fec   Section        0  task_irq.o(i.Task_DBUS)
    i.Task_SysInit                           0x08002014   Section        0  task_sysinit.o(i.Task_SysInit)
    i.Task_USART3                            0x080022a0   Section        0  task_irq.o(i.Task_USART3)
    i.USART1_IRQHandler                      0x080022c8   Section        0  stm32f4xx_it.o(i.USART1_IRQHandler)
    i.USART3_IRQHandler                      0x080022d8   Section        0  stm32f4xx_it.o(i.USART3_IRQHandler)
    i.USART_Cmd                              0x080022e8   Section        0  stm32f4xx_usart.o(i.USART_Cmd)
    i.USART_DMACmd                           0x08002300   Section        0  stm32f4xx_usart.o(i.USART_DMACmd)
    i.USART_ITConfig                         0x08002312   Section        0  stm32f4xx_usart.o(i.USART_ITConfig)
    i.USART_Init                             0x0800235c   Section        0  stm32f4xx_usart.o(i.USART_Init)
    i.UsageFault_Handler                     0x08002430   Section        0  stm32f4xx_it.o(i.UsageFault_Handler)
    i.delay_init                             0x08002434   Section        0  delay.o(i.delay_init)
    i.delay_ms                               0x08002488   Section        0  delay.o(i.delay_ms)
    i.delay_us                               0x080024cc   Section        0  delay.o(i.delay_us)
    i.fputc                                  0x08002514   Section        0  usart.o(i.fputc)
    i.main                                   0x08002530   Section        0  main.o(i.main)
    i.prvAddCurrentTaskToDelayedList         0x08002564   Section        0  tasks.o(i.prvAddCurrentTaskToDelayedList)
    prvAddCurrentTaskToDelayedList           0x08002565   Thumb Code   124  tasks.o(i.prvAddCurrentTaskToDelayedList)
    i.prvAddNewTaskToReadyList               0x080025fc   Section        0  tasks.o(i.prvAddNewTaskToReadyList)
    prvAddNewTaskToReadyList                 0x080025fd   Thumb Code   156  tasks.o(i.prvAddNewTaskToReadyList)
    i.prvCheckForValidListAndQueue           0x080026b4   Section        0  timers.o(i.prvCheckForValidListAndQueue)
    prvCheckForValidListAndQueue             0x080026b5   Thumb Code    72  timers.o(i.prvCheckForValidListAndQueue)
    i.prvCheckTasksWaitingTermination        0x08002718   Section        0  tasks.o(i.prvCheckTasksWaitingTermination)
    prvCheckTasksWaitingTermination          0x08002719   Thumb Code    86  tasks.o(i.prvCheckTasksWaitingTermination)
    i.prvCopyDataFromQueue                   0x0800277c   Section        0  queue.o(i.prvCopyDataFromQueue)
    prvCopyDataFromQueue                     0x0800277d   Thumb Code    42  queue.o(i.prvCopyDataFromQueue)
    i.prvCopyDataToQueue                     0x080027a6   Section        0  queue.o(i.prvCopyDataToQueue)
    prvCopyDataToQueue                       0x080027a7   Thumb Code   124  queue.o(i.prvCopyDataToQueue)
    i.prvDeleteTCB                           0x08002822   Section        0  tasks.o(i.prvDeleteTCB)
    prvDeleteTCB                             0x08002823   Thumb Code    18  tasks.o(i.prvDeleteTCB)
    i.prvGetNextExpireTime                   0x08002834   Section        0  timers.o(i.prvGetNextExpireTime)
    prvGetNextExpireTime                     0x08002835   Thumb Code    36  timers.o(i.prvGetNextExpireTime)
    i.prvHeapInit                            0x0800285c   Section        0  heap_4.o(i.prvHeapInit)
    prvHeapInit                              0x0800285d   Thumb Code    98  heap_4.o(i.prvHeapInit)
    i.prvIdleTask                            0x080028d8   Section        0  tasks.o(i.prvIdleTask)
    prvIdleTask                              0x080028d9   Thumb Code    32  tasks.o(i.prvIdleTask)
    i.prvInitialiseNewQueue                  0x08002900   Section        0  queue.o(i.prvInitialiseNewQueue)
    prvInitialiseNewQueue                    0x08002901   Thumb Code    42  queue.o(i.prvInitialiseNewQueue)
    i.prvInitialiseNewTask                   0x0800292a   Section        0  tasks.o(i.prvInitialiseNewTask)
    prvInitialiseNewTask                     0x0800292b   Thumb Code   180  tasks.o(i.prvInitialiseNewTask)
    i.prvInitialiseTaskLists                 0x080029e0   Section        0  tasks.o(i.prvInitialiseTaskLists)
    prvInitialiseTaskLists                   0x080029e1   Thumb Code    70  tasks.o(i.prvInitialiseTaskLists)
    i.prvInsertBlockIntoFreeList             0x08002a48   Section        0  heap_4.o(i.prvInsertBlockIntoFreeList)
    prvInsertBlockIntoFreeList               0x08002a49   Thumb Code    96  heap_4.o(i.prvInsertBlockIntoFreeList)
    i.prvInsertTimerInActiveList             0x08002ab0   Section        0  timers.o(i.prvInsertTimerInActiveList)
    prvInsertTimerInActiveList               0x08002ab1   Thumb Code    80  timers.o(i.prvInsertTimerInActiveList)
    i.prvIsQueueEmpty                        0x08002b08   Section        0  queue.o(i.prvIsQueueEmpty)
    prvIsQueueEmpty                          0x08002b09   Thumb Code    26  queue.o(i.prvIsQueueEmpty)
    i.prvIsQueueFull                         0x08002b22   Section        0  queue.o(i.prvIsQueueFull)
    prvIsQueueFull                           0x08002b23   Thumb Code    30  queue.o(i.prvIsQueueFull)
    i.prvProcessExpiredTimer                 0x08002b40   Section        0  timers.o(i.prvProcessExpiredTimer)
    prvProcessExpiredTimer                   0x08002b41   Thumb Code    94  timers.o(i.prvProcessExpiredTimer)
    i.prvProcessReceivedCommands             0x08002ba4   Section        0  timers.o(i.prvProcessReceivedCommands)
    prvProcessReceivedCommands               0x08002ba5   Thumb Code   242  timers.o(i.prvProcessReceivedCommands)
    i.prvProcessTimerOrBlockTask             0x08002c9c   Section        0  timers.o(i.prvProcessTimerOrBlockTask)
    prvProcessTimerOrBlockTask               0x08002c9d   Thumb Code   102  timers.o(i.prvProcessTimerOrBlockTask)
    i.prvResetNextTaskUnblockTime            0x08002d10   Section        0  tasks.o(i.prvResetNextTaskUnblockTime)
    prvResetNextTaskUnblockTime              0x08002d11   Thumb Code    42  tasks.o(i.prvResetNextTaskUnblockTime)
    i.prvSampleTimeNow                       0x08002d44   Section        0  timers.o(i.prvSampleTimeNow)
    prvSampleTimeNow                         0x08002d45   Thumb Code    40  timers.o(i.prvSampleTimeNow)
    i.prvSwitchTimerLists                    0x08002d70   Section        0  timers.o(i.prvSwitchTimerLists)
    prvSwitchTimerLists                      0x08002d71   Thumb Code   150  timers.o(i.prvSwitchTimerLists)
    i.prvTaskExitError                       0x08002e10   Section        0  port.o(i.prvTaskExitError)
    prvTaskExitError                         0x08002e11   Thumb Code    60  port.o(i.prvTaskExitError)
    i.prvTaskIsTaskSuspended                 0x08002e50   Section        0  tasks.o(i.prvTaskIsTaskSuspended)
    prvTaskIsTaskSuspended                   0x08002e51   Thumb Code    80  tasks.o(i.prvTaskIsTaskSuspended)
    i.prvTimerTask                           0x08002ea8   Section        0  timers.o(i.prvTimerTask)
    prvTimerTask                             0x08002ea9   Thumb Code    26  timers.o(i.prvTimerTask)
    i.prvUnlockQueue                         0x08002ec2   Section        0  queue.o(i.prvUnlockQueue)
    prvUnlockQueue                           0x08002ec3   Thumb Code   126  queue.o(i.prvUnlockQueue)
    i.pvPortMalloc                           0x08002f40   Section        0  heap_4.o(i.pvPortMalloc)
    i.pvTaskIncrementMutexHeldCount          0x0800307c   Section        0  tasks.o(i.pvTaskIncrementMutexHeldCount)
    i.pxPortInitialiseStack                  0x0800309c   Section        0  port.o(i.pxPortInitialiseStack)
    i.uart_init                              0x080030c8   Section        0  usart.o(i.uart_init)
    i.uxListRemove                           0x08003178   Section        0  list.o(i.uxListRemove)
    i.vListInitialise                        0x080031a0   Section        0  list.o(i.vListInitialise)
    i.vListInitialiseItem                    0x080031ba   Section        0  list.o(i.vListInitialiseItem)
    i.vListInsert                            0x080031c0   Section        0  list.o(i.vListInsert)
    i.vListInsertEnd                         0x080031f4   Section        0  list.o(i.vListInsertEnd)
    i.vPortEnterCritical                     0x0800320c   Section        0  port.o(i.vPortEnterCritical)
    i.vPortExitCritical                      0x08003260   Section        0  port.o(i.vPortExitCritical)
    i.vPortFree                              0x0800329c   Section        0  heap_4.o(i.vPortFree)
    i.vPortSetupTimerInterrupt               0x08003330   Section        0  port.o(i.vPortSetupTimerInterrupt)
    i.vPortValidateInterruptPriority         0x08003350   Section        0  port.o(i.vPortValidateInterruptPriority)
    i.vQueueAddToRegistry                    0x080033c8   Section        0  queue.o(i.vQueueAddToRegistry)
    i.vQueueWaitForMessageRestricted         0x080033f4   Section        0  queue.o(i.vQueueWaitForMessageRestricted)
    i.vTaskDelay                             0x08003440   Section        0  tasks.o(i.vTaskDelay)
    i.vTaskDelayUntil                        0x0800349c   Section        0  tasks.o(i.vTaskDelayUntil)
    i.vTaskDelete                            0x08003570   Section        0  tasks.o(i.vTaskDelete)
    i.vTaskMissedYield                       0x08003664   Section        0  tasks.o(i.vTaskMissedYield)
    i.vTaskPlaceOnEventList                  0x08003670   Section        0  tasks.o(i.vTaskPlaceOnEventList)
    i.vTaskPlaceOnEventListRestricted        0x080036a8   Section        0  tasks.o(i.vTaskPlaceOnEventListRestricted)
    i.vTaskPriorityInherit                   0x080036e8   Section        0  tasks.o(i.vTaskPriorityInherit)
    i.vTaskSetTimeOutState                   0x08003798   Section        0  tasks.o(i.vTaskSetTimeOutState)
    i.vTaskStartScheduler                    0x080037c8   Section        0  tasks.o(i.vTaskStartScheduler)
    i.vTaskSuspend                           0x0800385c   Section        0  tasks.o(i.vTaskSuspend)
    i.vTaskSuspendAll                        0x08003940   Section        0  tasks.o(i.vTaskSuspendAll)
    i.vTaskSwitchContext                     0x08003950   Section        0  tasks.o(i.vTaskSwitchContext)
    i.xPortStartScheduler                    0x080039dc   Section        0  port.o(i.xPortStartScheduler)
    i.xPortSysTickHandler                    0x08003b18   Section        0  port.o(i.xPortSysTickHandler)
    i.xQueueGenericCreate                    0x08003b4c   Section        0  queue.o(i.xQueueGenericCreate)
    i.xQueueGenericReceive                   0x08003ba4   Section        0  queue.o(i.xQueueGenericReceive)
    i.xQueueGenericReset                     0x08003d68   Section        0  queue.o(i.xQueueGenericReset)
    i.xQueueGenericSend                      0x08003e00   Section        0  queue.o(i.xQueueGenericSend)
    i.xQueueGenericSendFromISR               0x08003fa8   Section        0  queue.o(i.xQueueGenericSendFromISR)
    i.xTaskCheckForTimeOut                   0x080040a0   Section        0  tasks.o(i.xTaskCheckForTimeOut)
    i.xTaskCreate                            0x0800412c   Section        0  tasks.o(i.xTaskCreate)
    i.xTaskGetSchedulerState                 0x0800418c   Section        0  tasks.o(i.xTaskGetSchedulerState)
    i.xTaskGetTickCount                      0x080041ac   Section        0  tasks.o(i.xTaskGetTickCount)
    i.xTaskIncrementTick                     0x080041b8   Section        0  tasks.o(i.xTaskIncrementTick)
    i.xTaskPriorityDisinherit                0x08004300   Section        0  tasks.o(i.xTaskPriorityDisinherit)
    i.xTaskRemoveFromEventList               0x080043c8   Section        0  tasks.o(i.xTaskRemoveFromEventList)
    i.xTaskResumeAll                         0x08004460   Section        0  tasks.o(i.xTaskResumeAll)
    i.xTaskResumeFromISR                     0x08004564   Section        0  tasks.o(i.xTaskResumeFromISR)
    i.xTimerCreateTimerTask                  0x08004618   Section        0  timers.o(i.xTimerCreateTimerTask)
    i.xTimerGenericCommand                   0x08004670   Section        0  timers.o(i.xTimerGenericCommand)
    x$fpl$fpinit                             0x080046f4   Section       10  fpinit.o(x$fpl$fpinit)
    $v0                                      0x080046f4   Number         0  fpinit.o(x$fpl$fpinit)
    .data                                    0x20000000   Section       16  stm32f4xx_rcc.o(.data)
    APBAHBPrescTable                         0x20000000   Data          16  stm32f4xx_rcc.o(.data)
    .data                                    0x20000010   Section       60  tasks.o(.data)
    pxDelayedTaskList                        0x20000014   Data           4  tasks.o(.data)
    pxOverflowDelayedTaskList                0x20000018   Data           4  tasks.o(.data)
    uxDeletedTasksWaitingCleanUp             0x2000001c   Data           4  tasks.o(.data)
    uxCurrentNumberOfTasks                   0x20000020   Data           4  tasks.o(.data)
    xTickCount                               0x20000024   Data           4  tasks.o(.data)
    uxTopReadyPriority                       0x20000028   Data           4  tasks.o(.data)
    xSchedulerRunning                        0x2000002c   Data           4  tasks.o(.data)
    uxPendedTicks                            0x20000030   Data           4  tasks.o(.data)
    xYieldPending                            0x20000034   Data           4  tasks.o(.data)
    xNumOfOverflows                          0x20000038   Data           4  tasks.o(.data)
    uxTaskNumber                             0x2000003c   Data           4  tasks.o(.data)
    xNextTaskUnblockTime                     0x20000040   Data           4  tasks.o(.data)
    xIdleTaskHandle                          0x20000044   Data           4  tasks.o(.data)
    uxSchedulerSuspended                     0x20000048   Data           4  tasks.o(.data)
    .data                                    0x2000004c   Section       20  timers.o(.data)
    pxCurrentTimerList                       0x2000004c   Data           4  timers.o(.data)
    pxOverflowTimerList                      0x20000050   Data           4  timers.o(.data)
    xTimerQueue                              0x20000054   Data           4  timers.o(.data)
    xTimerTaskHandle                         0x20000058   Data           4  timers.o(.data)
    xLastTime                                0x2000005c   Data           4  timers.o(.data)
    .data                                    0x20000060   Section       24  heap_4.o(.data)
    xStart                                   0x20000060   Data           8  heap_4.o(.data)
    pxEnd                                    0x20000068   Data           4  heap_4.o(.data)
    xFreeBytesRemaining                      0x2000006c   Data           4  heap_4.o(.data)
    xMinimumEverFreeBytesRemaining           0x20000070   Data           4  heap_4.o(.data)
    xBlockAllocatedBit                       0x20000074   Data           4  heap_4.o(.data)
    .data                                    0x20000078   Section       12  port.o(.data)
    uxCriticalNesting                        0x20000078   Data           4  port.o(.data)
    ucMaxSysCallPriority                     0x2000007c   Data           1  port.o(.data)
    ulMaxPRIGROUPValue                       0x20000080   Data           4  port.o(.data)
    .data                                    0x20000084   Section        4  delay.o(.data)
    fac_us                                   0x20000084   Data           1  delay.o(.data)
    fac_ms                                   0x20000086   Data           2  delay.o(.data)
    .data                                    0x20000088   Section        4  usart.o(.data)
    .data                                    0x2000008c   Section       20  system_stm32f4xx.o(.data)
    .data                                    0x200000a0   Section       20  driver_armour.o(.data)
    .data                                    0x200000b4   Section       12  driver_hookcontroller.o(.data)
    .data                                    0x200000c0   Section       16  driver_pancontroller.o(.data)
    .data                                    0x200000d0   Section        2  mpu6500_driver.o(.data)
    .data                                    0x200000d2   Section        1  mpu6500_interrupt.o(.data)
    .data                                    0x200000d4   Section        4  task_low.o(.data)
    .data                                    0x200000d8   Section       12  task_sysinit.o(.data)
    .bss                                     0x200000e4   Section       64  queue.o(.bss)
    .bss                                     0x20000124   Section      240  tasks.o(.bss)
    pxReadyTasksLists                        0x20000124   Data         140  tasks.o(.bss)
    xDelayedTaskList1                        0x200001b0   Data          20  tasks.o(.bss)
    xDelayedTaskList2                        0x200001c4   Data          20  tasks.o(.bss)
    xPendingReadyList                        0x200001d8   Data          20  tasks.o(.bss)
    xTasksWaitingTermination                 0x200001ec   Data          20  tasks.o(.bss)
    xSuspendedTaskList                       0x20000200   Data          20  tasks.o(.bss)
    .bss                                     0x20000214   Section       40  timers.o(.bss)
    xActiveTimerList1                        0x20000214   Data          20  timers.o(.bss)
    xActiveTimerList2                        0x20000228   Data          20  timers.o(.bss)
    .bss                                     0x2000023c   Section    76800  heap_4.o(.bss)
    ucHeap                                   0x2000023c   Data       76800  heap_4.o(.bss)
    .bss                                     0x20012e3c   Section       52  stm32f4xx_it.o(.bss)
    .bss                                     0x20012e70   Section      456  driver_armour.o(.bss)
    .bss                                     0x20013038   Section      232  driver_can.o(.bss)
    .bss                                     0x20013120   Section       68  driver_dbus.o(.bss)
    .bss                                     0x20013164   Section      152  driver_hookcontroller.o(.bss)
    .bss                                     0x200131fc   Section      560  driver_pancontroller.o(.bss)
    .bss                                     0x2001342c   Section       40  mpu6500_driver.o(.bss)
    .bss                                     0x20013454   Section       96  libspace.o(.bss)
    HEAP                                     0x200134b8   Section     4096  startup_stm32f427xx.o(HEAP)
    Heap_Mem                                 0x200134b8   Data        4096  startup_stm32f427xx.o(HEAP)
    STACK                                    0x200144b8   Section     1024  startup_stm32f427xx.o(STACK)
    Stack_Mem                                0x200144b8   Data        1024  startup_stm32f427xx.o(STACK)
    __initial_sp                             0x200148b8   Data           0  startup_stm32f427xx.o(STACK)

    Global Symbols

    Symbol Name                              Value     Ov Type        Size  Object(Section)

    BuildAttributes$$THM_ISAv4$E$P$D$K$B$S$7EM$VFPi3$EXTD16$VFPS$VFMA$PE$A:L22UL41UL21$X:L11$S22US41US21$IEEE1$IW$USESV6$~STKCKD$USESV7$~SHL$OTIME$ROPI$IEEEX$EBA8$UX$STANDARDLIB$REQ8$PRES8$EABIv2 0x00000000   Number         0  anon$$obj.o ABSOLUTE
    __ARM_use_no_argv                        0x00000000   Number         0  main.o ABSOLUTE
    __ARM_exceptions_init                     - Undefined Weak Reference
    __alloca_initialize                       - Undefined Weak Reference
    __arm_preinit_                            - Undefined Weak Reference
    __cpp_initialize__aeabi_                  - Undefined Weak Reference
    __cxa_finalize                            - Undefined Weak Reference
    __rt_locale                               - Undefined Weak Reference
    __sigvec_lookup                           - Undefined Weak Reference
    _atexit_init                              - Undefined Weak Reference
    _call_atexit_fns                          - Undefined Weak Reference
    _clock_init                               - Undefined Weak Reference
    _fp_trap_init                             - Undefined Weak Reference
    _fp_trap_shutdown                         - Undefined Weak Reference
    _get_lc_collate                           - Undefined Weak Reference
    _get_lc_ctype                             - Undefined Weak Reference
    _get_lc_monetary                          - Undefined Weak Reference
    _get_lc_numeric                           - Undefined Weak Reference
    _get_lc_time                              - Undefined Weak Reference
    _getenv_init                              - Undefined Weak Reference
    _handle_redirection                       - Undefined Weak Reference
    _init_alloc                               - Undefined Weak Reference
    _init_user_alloc                          - Undefined Weak Reference
    _initio                                   - Undefined Weak Reference
    _mutex_acquire                            - Undefined Weak Reference
    _mutex_release                            - Undefined Weak Reference
    _rand_init                                - Undefined Weak Reference
    _signal_finish                            - Undefined Weak Reference
    _signal_init                              - Undefined Weak Reference
    _terminate_alloc                          - Undefined Weak Reference
    _terminate_user_alloc                     - Undefined Weak Reference
    _terminateio                              - Undefined Weak Reference
    __Vectors_Size                           0x000001ac   Number         0  startup_stm32f427xx.o ABSOLUTE
    __Vectors                                0x08000000   Data           4  startup_stm32f427xx.o(RESET)
    __Vectors_End                            0x080001ac   Data           0  startup_stm32f427xx.o(RESET)
    __main                                   0x080001ad   Thumb Code     8  __main.o(!!!main)
    __scatterload                            0x080001b5   Thumb Code     0  __scatter.o(!!!scatter)
    __scatterload_rt2                        0x080001b5   Thumb Code    44  __scatter.o(!!!scatter)
    __scatterload_rt2_thumb_only             0x080001b5   Thumb Code     0  __scatter.o(!!!scatter)
    __scatterload_null                       0x080001c3   Thumb Code     0  __scatter.o(!!!scatter)
    __scatterload_copy                       0x080001e9   Thumb Code    26  __scatter_copy.o(!!handler_copy)
    __scatterload_zeroinit                   0x08000205   Thumb Code    28  __scatter_zi.o(!!handler_zi)
    __rt_lib_init                            0x08000221   Thumb Code     0  libinit.o(.ARM.Collect$$libinit$$00000000)
    __rt_lib_init_fp_1                       0x08000223   Thumb Code     0  libinit2.o(.ARM.Collect$$libinit$$00000001)
    __rt_lib_init_alloca_1                   0x08000227   Thumb Code     0  libinit2.o(.ARM.Collect$$libinit$$0000002E)
    __rt_lib_init_argv_1                     0x08000227   Thumb Code     0  libinit2.o(.ARM.Collect$$libinit$$0000002C)
    __rt_lib_init_atexit_1                   0x08000227   Thumb Code     0  libinit2.o(.ARM.Collect$$libinit$$0000001B)
    __rt_lib_init_clock_1                    0x08000227   Thumb Code     0  libinit2.o(.ARM.Collect$$libinit$$00000021)
    __rt_lib_init_cpp_1                      0x08000227   Thumb Code     0  libinit2.o(.ARM.Collect$$libinit$$00000032)
    __rt_lib_init_exceptions_1               0x08000227   Thumb Code     0  libinit2.o(.ARM.Collect$$libinit$$00000030)
    __rt_lib_init_fp_trap_1                  0x08000227   Thumb Code     0  libinit2.o(.ARM.Collect$$libinit$$0000001F)
    __rt_lib_init_getenv_1                   0x08000227   Thumb Code     0  libinit2.o(.ARM.Collect$$libinit$$00000023)
    __rt_lib_init_heap_1                     0x08000227   Thumb Code     0  libinit2.o(.ARM.Collect$$libinit$$0000000A)
    __rt_lib_init_lc_collate_1               0x08000227   Thumb Code     0  libinit2.o(.ARM.Collect$$libinit$$00000011)
    __rt_lib_init_lc_ctype_1                 0x08000227   Thumb Code     0  libinit2.o(.ARM.Collect$$libinit$$00000013)
    __rt_lib_init_lc_monetary_1              0x08000227   Thumb Code     0  libinit2.o(.ARM.Collect$$libinit$$00000015)
    __rt_lib_init_lc_numeric_1               0x08000227   Thumb Code     0  libinit2.o(.ARM.Collect$$libinit$$00000017)
    __rt_lib_init_lc_time_1                  0x08000227   Thumb Code     0  libinit2.o(.ARM.Collect$$libinit$$00000019)
    __rt_lib_init_preinit_1                  0x08000227   Thumb Code     0  libinit2.o(.ARM.Collect$$libinit$$00000004)
    __rt_lib_init_rand_1                     0x08000227   Thumb Code     0  libinit2.o(.ARM.Collect$$libinit$$0000000E)
    __rt_lib_init_return                     0x08000227   Thumb Code     0  libinit2.o(.ARM.Collect$$libinit$$00000033)
    __rt_lib_init_signal_1                   0x08000227   Thumb Code     0  libinit2.o(.ARM.Collect$$libinit$$0000001D)
    __rt_lib_init_stdio_1                    0x08000227   Thumb Code     0  libinit2.o(.ARM.Collect$$libinit$$00000025)
    __rt_lib_init_user_alloc_1               0x08000227   Thumb Code     0  libinit2.o(.ARM.Collect$$libinit$$0000000C)
    __rt_lib_shutdown                        0x08000229   Thumb Code     0  libshutdown.o(.ARM.Collect$$libshutdown$$00000000)
    __rt_lib_shutdown_cpp_1                  0x0800022b   Thumb Code     0  libshutdown2.o(.ARM.Collect$$libshutdown$$00000002)
    __rt_lib_shutdown_fp_trap_1              0x0800022b   Thumb Code     0  libshutdown2.o(.ARM.Collect$$libshutdown$$00000007)
    __rt_lib_shutdown_heap_1                 0x0800022b   Thumb Code     0  libshutdown2.o(.ARM.Collect$$libshutdown$$0000000F)
    __rt_lib_shutdown_return                 0x0800022b   Thumb Code     0  libshutdown2.o(.ARM.Collect$$libshutdown$$00000010)
    __rt_lib_shutdown_signal_1               0x0800022b   Thumb Code     0  libshutdown2.o(.ARM.Collect$$libshutdown$$0000000A)
    __rt_lib_shutdown_stdio_1                0x0800022b   Thumb Code     0  libshutdown2.o(.ARM.Collect$$libshutdown$$00000004)
    __rt_lib_shutdown_user_alloc_1           0x0800022b   Thumb Code     0  libshutdown2.o(.ARM.Collect$$libshutdown$$0000000C)
    __rt_entry                               0x0800022d   Thumb Code     0  __rtentry.o(.ARM.Collect$$rtentry$$00000000)
    __rt_entry_presh_1                       0x0800022d   Thumb Code     0  __rtentry2.o(.ARM.Collect$$rtentry$$00000002)
    __rt_entry_sh                            0x0800022d   Thumb Code     0  __rtentry4.o(.ARM.Collect$$rtentry$$00000004)
    __rt_entry_li                            0x08000233   Thumb Code     0  __rtentry2.o(.ARM.Collect$$rtentry$$0000000A)
    __rt_entry_postsh_1                      0x08000233   Thumb Code     0  __rtentry2.o(.ARM.Collect$$rtentry$$00000009)
    __rt_entry_main                          0x08000237   Thumb Code     0  __rtentry2.o(.ARM.Collect$$rtentry$$0000000D)
    __rt_entry_postli_1                      0x08000237   Thumb Code     0  __rtentry2.o(.ARM.Collect$$rtentry$$0000000C)
    __rt_exit                                0x0800023f   Thumb Code     0  rtexit.o(.ARM.Collect$$rtexit$$00000000)
    __rt_exit_ls                             0x08000241   Thumb Code     0  rtexit2.o(.ARM.Collect$$rtexit$$00000003)
    __rt_exit_prels_1                        0x08000241   Thumb Code     0  rtexit2.o(.ARM.Collect$$rtexit$$00000002)
    __rt_exit_exit                           0x08000245   Thumb Code     0  rtexit2.o(.ARM.Collect$$rtexit$$00000004)
    SVC_Handler                              0x0800024d   Thumb Code    28  port.o(.emb_text)
    __asm___6_port_c_39a90d8d__prvStartFirstTask 0x0800026d   Thumb Code    28  port.o(.emb_text)
    __asm___6_port_c_39a90d8d__prvEnableVFP  0x0800028d   Thumb Code    16  port.o(.emb_text)
    PendSV_Handler                           0x080002a1   Thumb Code    88  port.o(.emb_text)
    vPortGetIPSR                             0x080002fd   Thumb Code     6  port.o(.emb_text)
    Reset_Handler                            0x08000305   Thumb Code     8  startup_stm32f427xx.o(.text)
    ADC_IRQHandler                           0x0800031f   Thumb Code     0  startup_stm32f427xx.o(.text)
    CAN1_RX1_IRQHandler                      0x0800031f   Thumb Code     0  startup_stm32f427xx.o(.text)
    CAN1_SCE_IRQHandler                      0x0800031f   Thumb Code     0  startup_stm32f427xx.o(.text)
    CAN1_TX_IRQHandler                       0x0800031f   Thumb Code     0  startup_stm32f427xx.o(.text)
    CAN2_RX1_IRQHandler                      0x0800031f   Thumb Code     0  startup_stm32f427xx.o(.text)
    CAN2_SCE_IRQHandler                      0x0800031f   Thumb Code     0  startup_stm32f427xx.o(.text)
    CAN2_TX_IRQHandler                       0x0800031f   Thumb Code     0  startup_stm32f427xx.o(.text)
    DCMI_IRQHandler                          0x0800031f   Thumb Code     0  startup_stm32f427xx.o(.text)
    DMA1_Stream0_IRQHandler                  0x0800031f   Thumb Code     0  startup_stm32f427xx.o(.text)
    DMA1_Stream1_IRQHandler                  0x0800031f   Thumb Code     0  startup_stm32f427xx.o(.text)
    DMA1_Stream2_IRQHandler                  0x0800031f   Thumb Code     0  startup_stm32f427xx.o(.text)
    DMA1_Stream3_IRQHandler                  0x0800031f   Thumb Code     0  startup_stm32f427xx.o(.text)
    DMA1_Stream4_IRQHandler                  0x0800031f   Thumb Code     0  startup_stm32f427xx.o(.text)
    DMA1_Stream5_IRQHandler                  0x0800031f   Thumb Code     0  startup_stm32f427xx.o(.text)
    DMA1_Stream6_IRQHandler                  0x0800031f   Thumb Code     0  startup_stm32f427xx.o(.text)
    DMA1_Stream7_IRQHandler                  0x0800031f   Thumb Code     0  startup_stm32f427xx.o(.text)
    DMA2D_IRQHandler                         0x0800031f   Thumb Code     0  startup_stm32f427xx.o(.text)
    DMA2_Stream0_IRQHandler                  0x0800031f   Thumb Code     0  startup_stm32f427xx.o(.text)
    DMA2_Stream1_IRQHandler                  0x0800031f   Thumb Code     0  startup_stm32f427xx.o(.text)
    DMA2_Stream2_IRQHandler                  0x0800031f   Thumb Code     0  startup_stm32f427xx.o(.text)
    DMA2_Stream3_IRQHandler                  0x0800031f   Thumb Code     0  startup_stm32f427xx.o(.text)
    DMA2_Stream4_IRQHandler                  0x0800031f   Thumb Code     0  startup_stm32f427xx.o(.text)
    DMA2_Stream5_IRQHandler                  0x0800031f   Thumb Code     0  startup_stm32f427xx.o(.text)
    DMA2_Stream6_IRQHandler                  0x0800031f   Thumb Code     0  startup_stm32f427xx.o(.text)
    DMA2_Stream7_IRQHandler                  0x0800031f   Thumb Code     0  startup_stm32f427xx.o(.text)
    ETH_IRQHandler                           0x0800031f   Thumb Code     0  startup_stm32f427xx.o(.text)
    ETH_WKUP_IRQHandler                      0x0800031f   Thumb Code     0  startup_stm32f427xx.o(.text)
    EXTI0_IRQHandler                         0x0800031f   Thumb Code     0  startup_stm32f427xx.o(.text)
    EXTI15_10_IRQHandler                     0x0800031f   Thumb Code     0  startup_stm32f427xx.o(.text)
    EXTI2_IRQHandler                         0x0800031f   Thumb Code     0  startup_stm32f427xx.o(.text)
    EXTI3_IRQHandler                         0x0800031f   Thumb Code     0  startup_stm32f427xx.o(.text)
    EXTI4_IRQHandler                         0x0800031f   Thumb Code     0  startup_stm32f427xx.o(.text)
    EXTI9_5_IRQHandler                       0x0800031f   Thumb Code     0  startup_stm32f427xx.o(.text)
    FLASH_IRQHandler                         0x0800031f   Thumb Code     0  startup_stm32f427xx.o(.text)
    FMC_IRQHandler                           0x0800031f   Thumb Code     0  startup_stm32f427xx.o(.text)
    FPU_IRQHandler                           0x0800031f   Thumb Code     0  startup_stm32f427xx.o(.text)
    HASH_RNG_IRQHandler                      0x0800031f   Thumb Code     0  startup_stm32f427xx.o(.text)
    I2C1_ER_IRQHandler                       0x0800031f   Thumb Code     0  startup_stm32f427xx.o(.text)
    I2C1_EV_IRQHandler                       0x0800031f   Thumb Code     0  startup_stm32f427xx.o(.text)
    I2C2_ER_IRQHandler                       0x0800031f   Thumb Code     0  startup_stm32f427xx.o(.text)
    I2C2_EV_IRQHandler                       0x0800031f   Thumb Code     0  startup_stm32f427xx.o(.text)
    I2C3_ER_IRQHandler                       0x0800031f   Thumb Code     0  startup_stm32f427xx.o(.text)
    I2C3_EV_IRQHandler                       0x0800031f   Thumb Code     0  startup_stm32f427xx.o(.text)
    OTG_FS_IRQHandler                        0x0800031f   Thumb Code     0  startup_stm32f427xx.o(.text)
    OTG_FS_WKUP_IRQHandler                   0x0800031f   Thumb Code     0  startup_stm32f427xx.o(.text)
    OTG_HS_EP1_IN_IRQHandler                 0x0800031f   Thumb Code     0  startup_stm32f427xx.o(.text)
    OTG_HS_EP1_OUT_IRQHandler                0x0800031f   Thumb Code     0  startup_stm32f427xx.o(.text)
    OTG_HS_IRQHandler                        0x0800031f   Thumb Code     0  startup_stm32f427xx.o(.text)
    OTG_HS_WKUP_IRQHandler                   0x0800031f   Thumb Code     0  startup_stm32f427xx.o(.text)
    PVD_IRQHandler                           0x0800031f   Thumb Code     0  startup_stm32f427xx.o(.text)
    RCC_IRQHandler                           0x0800031f   Thumb Code     0  startup_stm32f427xx.o(.text)
    RTC_Alarm_IRQHandler                     0x0800031f   Thumb Code     0  startup_stm32f427xx.o(.text)
    RTC_WKUP_IRQHandler                      0x0800031f   Thumb Code     0  startup_stm32f427xx.o(.text)
    SAI1_IRQHandler                          0x0800031f   Thumb Code     0  startup_stm32f427xx.o(.text)
    SDIO_IRQHandler                          0x0800031f   Thumb Code     0  startup_stm32f427xx.o(.text)
    SPI1_IRQHandler                          0x0800031f   Thumb Code     0  startup_stm32f427xx.o(.text)
    SPI2_IRQHandler                          0x0800031f   Thumb Code     0  startup_stm32f427xx.o(.text)
    SPI3_IRQHandler                          0x0800031f   Thumb Code     0  startup_stm32f427xx.o(.text)
    SPI4_IRQHandler                          0x0800031f   Thumb Code     0  startup_stm32f427xx.o(.text)
    SPI5_IRQHandler                          0x0800031f   Thumb Code     0  startup_stm32f427xx.o(.text)
    SPI6_IRQHandler                          0x0800031f   Thumb Code     0  startup_stm32f427xx.o(.text)
    TAMP_STAMP_IRQHandler                    0x0800031f   Thumb Code     0  startup_stm32f427xx.o(.text)
    TIM1_BRK_TIM9_IRQHandler                 0x0800031f   Thumb Code     0  startup_stm32f427xx.o(.text)
    TIM1_CC_IRQHandler                       0x0800031f   Thumb Code     0  startup_stm32f427xx.o(.text)
    TIM1_TRG_COM_TIM11_IRQHandler            0x0800031f   Thumb Code     0  startup_stm32f427xx.o(.text)
    TIM1_UP_TIM10_IRQHandler                 0x0800031f   Thumb Code     0  startup_stm32f427xx.o(.text)
    TIM3_IRQHandler                          0x0800031f   Thumb Code     0  startup_stm32f427xx.o(.text)
    TIM4_IRQHandler                          0x0800031f   Thumb Code     0  startup_stm32f427xx.o(.text)
    TIM5_IRQHandler                          0x0800031f   Thumb Code     0  startup_stm32f427xx.o(.text)
    TIM7_IRQHandler                          0x0800031f   Thumb Code     0  startup_stm32f427xx.o(.text)
    TIM8_BRK_TIM12_IRQHandler                0x0800031f   Thumb Code     0  startup_stm32f427xx.o(.text)
    TIM8_CC_IRQHandler                       0x0800031f   Thumb Code     0  startup_stm32f427xx.o(.text)
    TIM8_TRG_COM_TIM14_IRQHandler            0x0800031f   Thumb Code     0  startup_stm32f427xx.o(.text)
    TIM8_UP_TIM13_IRQHandler                 0x0800031f   Thumb Code     0  startup_stm32f427xx.o(.text)
    UART4_IRQHandler                         0x0800031f   Thumb Code     0  startup_stm32f427xx.o(.text)
    UART5_IRQHandler                         0x0800031f   Thumb Code     0  startup_stm32f427xx.o(.text)
    UART7_IRQHandler                         0x0800031f   Thumb Code     0  startup_stm32f427xx.o(.text)
    UART8_IRQHandler                         0x0800031f   Thumb Code     0  startup_stm32f427xx.o(.text)
    USART2_IRQHandler                        0x0800031f   Thumb Code     0  startup_stm32f427xx.o(.text)
    USART6_IRQHandler                        0x0800031f   Thumb Code     0  startup_stm32f427xx.o(.text)
    WWDG_IRQHandler                          0x0800031f   Thumb Code     0  startup_stm32f427xx.o(.text)
    __user_initial_stackheap                 0x08000321   Thumb Code     0  startup_stm32f427xx.o(.text)
    __2printf                                0x08000345   Thumb Code    20  noretval__2printf.o(.text)
    __aeabi_memcpy                           0x0800035d   Thumb Code     0  rt_memcpy_v6.o(.text)
    __rt_memcpy                              0x0800035d   Thumb Code   138  rt_memcpy_v6.o(.text)
    _memcpy_lastbytes                        0x080003c3   Thumb Code     0  rt_memcpy_v6.o(.text)
    __aeabi_memset                           0x080003e7   Thumb Code    16  aeabi_memset.o(.text)
    __aeabi_memclr                           0x080003f7   Thumb Code     0  rt_memclr.o(.text)
    __rt_memclr                              0x080003f7   Thumb Code    68  rt_memclr.o(.text)
    _memset                                  0x080003fb   Thumb Code     0  rt_memclr.o(.text)
    __use_two_region_memory                  0x0800043b   Thumb Code     2  heapauxi.o(.text)
    __rt_heap_escrow$2region                 0x0800043d   Thumb Code     2  heapauxi.o(.text)
    __rt_heap_expand$2region                 0x0800043f   Thumb Code     2  heapauxi.o(.text)
    _printf_char_file                        0x08000441   Thumb Code    32  _printf_char_file.o(.text)
    __aeabi_memcpy4                          0x08000465   Thumb Code     0  rt_memcpy_w.o(.text)
    __aeabi_memcpy8                          0x08000465   Thumb Code     0  rt_memcpy_w.o(.text)
    __rt_memcpy_w                            0x08000465   Thumb Code   100  rt_memcpy_w.o(.text)
    _memcpy_lastbytes_aligned                0x080004ad   Thumb Code     0  rt_memcpy_w.o(.text)
    __aeabi_memclr4                          0x080004c9   Thumb Code     0  rt_memclr_w.o(.text)
    __aeabi_memclr8                          0x080004c9   Thumb Code     0  rt_memclr_w.o(.text)
    __rt_memclr_w                            0x080004c9   Thumb Code    78  rt_memclr_w.o(.text)
    _memset_w                                0x080004cd   Thumb Code     0  rt_memclr_w.o(.text)
    _printf_char_common                      0x08000523   Thumb Code    32  _printf_char_common.o(.text)
    ferror                                   0x08000549   Thumb Code     8  ferror.o(.text)
    __user_libspace                          0x08000551   Thumb Code     8  libspace.o(.text)
    __user_perproc_libspace                  0x08000551   Thumb Code     0  libspace.o(.text)
    __user_perthread_libspace                0x08000551   Thumb Code     0  libspace.o(.text)
    __user_setup_stackheap                   0x08000559   Thumb Code    74  sys_stackheap_outer.o(.text)
    __printf                                 0x080005a3   Thumb Code    40  __printf_nopercent.o(.text)
    exit                                     0x080005cb   Thumb Code    18  exit.o(.text)
    _sys_exit                                0x080005dd   Thumb Code     8  sys_exit.o(.text)
    __I$use$semihosting                      0x080005e9   Thumb Code     0  use_no_semi.o(.text)
    __use_no_semihosting_swi                 0x080005e9   Thumb Code     2  use_no_semi.o(.text)
    ArmourAnglePIDInit                       0x080005eb   Thumb Code    54  driver_armour.o(i.ArmourAnglePIDInit)
    __semihosting_library_function           0x080005eb   Thumb Code     0  indicate_semi.o(.text)
    ArmourSpeedPIDInit                       0x08000621   Thumb Code    54  driver_armour.o(i.ArmourSpeedPIDInit)
    ArmourTargetAngleInit                    0x08000659   Thumb Code    32  driver_armour.o(i.ArmourTargetAngleInit)
    BEEP_Init                                0x08000689   Thumb Code   150  beep.o(i.BEEP_Init)
    BSP_CAN_InitConfig                       0x08000729   Thumb Code   254  bsp_can.o(i.BSP_CAN_InitConfig)
    BSP_DMA_InitConfig                       0x08000831   Thumb Code    92  bsp_dma.o(i.BSP_DMA_InitConfig)
    BSP_GPIO_InitConfig                      0x08000899   Thumb Code   386  bsp_gpio.o(i.BSP_GPIO_InitConfig)
    BSP_TIM_InitConfig                       0x08000a2d   Thumb Code    98  bsp_tim.o(i.BSP_TIM_InitConfig)
    BSP_UART_InitConfig                      0x08000a95   Thumb Code    68  bsp_uart.o(i.BSP_UART_InitConfig)
    BusFault_Handler                         0x08000ae1   Thumb Code     4  stm32f4xx_it.o(i.BusFault_Handler)
    CAN1_RX0_IRQHandler                      0x08000ae5   Thumb Code   178  stm32f4xx_it.o(i.CAN1_RX0_IRQHandler)
    CAN2_RX0_IRQHandler                      0x08000ba5   Thumb Code   140  stm32f4xx_it.o(i.CAN2_RX0_IRQHandler)
    CAN_FilterInit                           0x08000c3d   Thumb Code   258  stm32f4xx_can.o(i.CAN_FilterInit)
    CAN_Init                                 0x08000d45   Thumb Code   276  stm32f4xx_can.o(i.CAN_Init)
    CAN_Receive                              0x08000e59   Thumb Code   240  stm32f4xx_can.o(i.CAN_Receive)
    DMA_Cmd                                  0x08000f49   Thumb Code    22  stm32f4xx_dma.o(i.DMA_Cmd)
    DMA_Init                                 0x08000f61   Thumb Code    82  stm32f4xx_dma.o(i.DMA_Init)
    DebugMon_Handler                         0x08000fb9   Thumb Code     2  stm32f4xx_it.o(i.DebugMon_Handler)
    EXTI1_IRQHandler                         0x08000fbd   Thumb Code    34  mpu6500_interrupt.o(i.EXTI1_IRQHandler)
    EXTI_ClearFlag                           0x08000fe5   Thumb Code     6  stm32f4xx_exti.o(i.EXTI_ClearFlag)
    EXTI_ClearITPendingBit                   0x08000ff1   Thumb Code     6  stm32f4xx_exti.o(i.EXTI_ClearITPendingBit)
    EXTI_GetITStatus                         0x08000ffd   Thumb Code    20  stm32f4xx_exti.o(i.EXTI_GetITStatus)
    EXTI_Init                                0x08001015   Thumb Code   142  stm32f4xx_exti.o(i.EXTI_Init)
    GPIO_Init                                0x080010a9   Thumb Code   144  stm32f4xx_gpio.o(i.GPIO_Init)
    GPIO_PinAFConfig                         0x08001139   Thumb Code    70  stm32f4xx_gpio.o(i.GPIO_PinAFConfig)
    GPIO_ResetBits                           0x0800117f   Thumb Code     4  stm32f4xx_gpio.o(i.GPIO_ResetBits)
    GPIO_SetBits                             0x08001183   Thumb Code     4  stm32f4xx_gpio.o(i.GPIO_SetBits)
    GetEncoderBias                           0x08001187   Thumb Code    14  driver_can.o(i.GetEncoderBias)
    HardFault_Handler                        0x08001195   Thumb Code     4  stm32f4xx_it.o(i.HardFault_Handler)
    HookAnglePIDInit                         0x08001199   Thumb Code    54  driver_hookcontroller.o(i.HookAnglePIDInit)
    HookSpeedPIDInit                         0x080011cf   Thumb Code    54  driver_hookcontroller.o(i.HookSpeedPIDInit)
    HookTargetAngleInit                      0x08001205   Thumb Code    12  driver_hookcontroller.o(i.HookTargetAngleInit)
    IIC_Ack                                  0x08001219   Thumb Code    66  mpu6500_i2c.o(i.IIC_Ack)
    IIC_Delay                                0x08001265   Thumb Code    26  mpu6500_i2c.o(i.IIC_Delay)
    IIC_GPIO_Init                            0x08001281   Thumb Code    16  mpu6500_i2c.o(i.IIC_GPIO_Init)
    IIC_ReadBit                              0x08001299   Thumb Code    78  mpu6500_i2c.o(i.IIC_ReadBit)
    IIC_ReadData                             0x080012f1   Thumb Code   152  mpu6500_i2c.o(i.IIC_ReadData)
    IIC_SDA_In                               0x080013ad   Thumb Code    40  mpu6500_i2c.o(i.IIC_SDA_In)
    IIC_SDA_Out                              0x080013d9   Thumb Code    42  mpu6500_i2c.o(i.IIC_SDA_Out)
    IIC_Start                                0x08001409   Thumb Code    86  mpu6500_i2c.o(i.IIC_Start)
    IIC_Stop                                 0x08001481   Thumb Code    44  mpu6500_i2c.o(i.IIC_Stop)
    IIC_WaitAck                              0x080014b5   Thumb Code    74  mpu6500_i2c.o(i.IIC_WaitAck)
    IIC_WriteBit                             0x08001509   Thumb Code    86  mpu6500_i2c.o(i.IIC_WriteBit)
    IIC_WriteData                            0x08001569   Thumb Code   106  mpu6500_i2c.o(i.IIC_WriteData)
    LED_Init                                 0x08001605   Thumb Code   104  led.o(i.LED_Init)
    MPU6500_EnableInt                        0x08001675   Thumb Code    44  mpu6500_driver.o(i.MPU6500_EnableInt)
    MPU6500_Init                             0x080016a1   Thumb Code   190  mpu6500_driver.o(i.MPU6500_Init)
    MPU6500_Initialize                       0x08001765   Thumb Code    20  mpu6500_driver.o(i.MPU6500_Initialize)
    MPU6500_IntConfiguration                 0x08001779   Thumb Code   124  mpu6500_interrupt.o(i.MPU6500_IntConfiguration)
    MPU6500_ReadData                         0x080017f9   Thumb Code    36  mpu6500_driver.o(i.MPU6500_ReadData)
    MPU6500_getMotion6                       0x0800181d   Thumb Code   198  mpu6500_driver.o(i.MPU6500_getMotion6)
    MemManage_Handler                        0x080018f1   Thumb Code     4  stm32f4xx_it.o(i.MemManage_Handler)
    NMI_Handler                              0x080018f5   Thumb Code     2  stm32f4xx_it.o(i.NMI_Handler)
    NVIC_Init                                0x080018f9   Thumb Code   106  misc.o(i.NVIC_Init)
    PANAnglePIDInit                          0x08001971   Thumb Code    54  driver_pancontroller.o(i.PANAnglePIDInit)
    PANSpeedPIDInit                          0x080019a7   Thumb Code    54  driver_pancontroller.o(i.PANSpeedPIDInit)
    PanTargetAngleInit                       0x080019dd   Thumb Code    12  driver_pancontroller.o(i.PanTargetAngleInit)
    PanYawSpeedPIDInit                       0x080019f1   Thumb Code    54  driver_pancontroller.o(i.PanYawSpeedPIDInit)
    RCC_AHB1PeriphClockCmd                   0x08001a29   Thumb Code    26  stm32f4xx_rcc.o(i.RCC_AHB1PeriphClockCmd)
    RCC_APB1PeriphClockCmd                   0x08001a49   Thumb Code    26  stm32f4xx_rcc.o(i.RCC_APB1PeriphClockCmd)
    RCC_APB2PeriphClockCmd                   0x08001a69   Thumb Code    26  stm32f4xx_rcc.o(i.RCC_APB2PeriphClockCmd)
    RCC_GetClocksFreq                        0x08001a89   Thumb Code   214  stm32f4xx_rcc.o(i.RCC_GetClocksFreq)
    SYSCFG_EXTILineConfig                    0x08001b71   Thumb Code    60  stm32f4xx_syscfg.o(i.SYSCFG_EXTILineConfig)
    SysTick_CLKSourceConfig                  0x08001cd1   Thumb Code    40  misc.o(i.SysTick_CLKSourceConfig)
    SysTick_Handler                          0x08001cf9   Thumb Code    16  delay.o(i.SysTick_Handler)
    SystemInit                               0x08001d09   Thumb Code    88  system_stm32f4xx.o(i.SystemInit)
    TIM2_IRQHandler                          0x08001d71   Thumb Code    22  stm32f4xx_it.o(i.TIM2_IRQHandler)
    TIM4_PWM_Init                            0x08001d89   Thumb Code   158  bsp_tim.o(i.TIM4_PWM_Init)
    TIM6_DAC_IRQHandler                      0x08001e31   Thumb Code    30  stm32f4xx_it.o(i.TIM6_DAC_IRQHandler)
    TIM_ARRPreloadConfig                     0x08001e55   Thumb Code    24  stm32f4xx_tim.o(i.TIM_ARRPreloadConfig)
    TIM_ClearFlag                            0x08001e6d   Thumb Code     6  stm32f4xx_tim.o(i.TIM_ClearFlag)
    TIM_ClearITPendingBit                    0x08001e73   Thumb Code     6  stm32f4xx_tim.o(i.TIM_ClearITPendingBit)
    TIM_Cmd                                  0x08001e79   Thumb Code    24  stm32f4xx_tim.o(i.TIM_Cmd)
    TIM_GetITStatus                          0x08001e91   Thumb Code    34  stm32f4xx_tim.o(i.TIM_GetITStatus)
    TIM_OC1Init                              0x08001eb5   Thumb Code   114  stm32f4xx_tim.o(i.TIM_OC1Init)
    TIM_OC1PreloadConfig                     0x08001f31   Thumb Code    18  stm32f4xx_tim.o(i.TIM_OC1PreloadConfig)
    TIM_TimeBaseInit                         0x08001f45   Thumb Code   104  stm32f4xx_tim.o(i.TIM_TimeBaseInit)
    Task_Blink                               0x08001fc9   Thumb Code    32  task_low.o(i.Task_Blink)
    Task_DBUS                                0x08001fed   Thumb Code    34  task_irq.o(i.Task_DBUS)
    Task_SysInit                             0x08002015   Thumb Code   494  task_sysinit.o(i.Task_SysInit)
    Task_USART3                              0x080022a1   Thumb Code    34  task_irq.o(i.Task_USART3)
    USART1_IRQHandler                        0x080022c9   Thumb Code    12  stm32f4xx_it.o(i.USART1_IRQHandler)
    USART3_IRQHandler                        0x080022d9   Thumb Code    12  stm32f4xx_it.o(i.USART3_IRQHandler)
    USART_Cmd                                0x080022e9   Thumb Code    24  stm32f4xx_usart.o(i.USART_Cmd)
    USART_DMACmd                             0x08002301   Thumb Code    18  stm32f4xx_usart.o(i.USART_DMACmd)
    USART_ITConfig                           0x08002313   Thumb Code    74  stm32f4xx_usart.o(i.USART_ITConfig)
    USART_Init                               0x0800235d   Thumb Code   204  stm32f4xx_usart.o(i.USART_Init)
    UsageFault_Handler                       0x08002431   Thumb Code     4  stm32f4xx_it.o(i.UsageFault_Handler)
    delay_init                               0x08002435   Thumb Code    76  delay.o(i.delay_init)
    delay_ms                                 0x08002489   Thumb Code    62  delay.o(i.delay_ms)
    delay_us                                 0x080024cd   Thumb Code    68  delay.o(i.delay_us)
    fputc                                    0x08002515   Thumb Code    24  usart.o(i.fputc)
    main                                     0x08002531   Thumb Code    32  main.o(i.main)
    pvPortMalloc                             0x08002f41   Thumb Code   296  heap_4.o(i.pvPortMalloc)
    pvTaskIncrementMutexHeldCount            0x0800307d   Thumb Code    26  tasks.o(i.pvTaskIncrementMutexHeldCount)
    pxPortInitialiseStack                    0x0800309d   Thumb Code    38  port.o(i.pxPortInitialiseStack)
    uart_init                                0x080030c9   Thumb Code   166  usart.o(i.uart_init)
    uxListRemove                             0x08003179   Thumb Code    40  list.o(i.uxListRemove)
    vListInitialise                          0x080031a1   Thumb Code    26  list.o(i.vListInitialise)
    vListInitialiseItem                      0x080031bb   Thumb Code     6  list.o(i.vListInitialiseItem)
    vListInsert                              0x080031c1   Thumb Code    52  list.o(i.vListInsert)
    vListInsertEnd                           0x080031f5   Thumb Code    24  list.o(i.vListInsertEnd)
    vPortEnterCritical                       0x0800320d   Thumb Code    76  port.o(i.vPortEnterCritical)
    vPortExitCritical                        0x08003261   Thumb Code    56  port.o(i.vPortExitCritical)
    vPortFree                                0x0800329d   Thumb Code   140  heap_4.o(i.vPortFree)
    vPortSetupTimerInterrupt                 0x08003331   Thumb Code    26  port.o(i.vPortSetupTimerInterrupt)
    vPortValidateInterruptPriority           0x08003351   Thumb Code   106  port.o(i.vPortValidateInterruptPriority)
    vQueueAddToRegistry                      0x080033c9   Thumb Code    38  queue.o(i.vQueueAddToRegistry)
    vQueueWaitForMessageRestricted           0x080033f5   Thumb Code    74  queue.o(i.vQueueWaitForMessageRestricted)
    vTaskDelay                               0x08003441   Thumb Code    82  tasks.o(i.vTaskDelay)
    vTaskDelayUntil                          0x0800349d   Thumb Code   200  tasks.o(i.vTaskDelayUntil)
    vTaskDelete                              0x08003571   Thumb Code   202  tasks.o(i.vTaskDelete)
    vTaskMissedYield                         0x08003665   Thumb Code     8  tasks.o(i.vTaskMissedYield)
    vTaskPlaceOnEventList                    0x08003671   Thumb Code    52  tasks.o(i.vTaskPlaceOnEventList)
    vTaskPlaceOnEventListRestricted          0x080036a9   Thumb Code    60  tasks.o(i.vTaskPlaceOnEventListRestricted)
    vTaskPriorityInherit                     0x080036e9   Thumb Code   164  tasks.o(i.vTaskPriorityInherit)
    vTaskSetTimeOutState                     0x08003799   Thumb Code    38  tasks.o(i.vTaskSetTimeOutState)
    vTaskStartScheduler                      0x080037c9   Thumb Code   118  tasks.o(i.vTaskStartScheduler)
    vTaskSuspend                             0x0800385d   Thumb Code   196  tasks.o(i.vTaskSuspend)
    vTaskSuspendAll                          0x08003941   Thumb Code    12  tasks.o(i.vTaskSuspendAll)
    vTaskSwitchContext                       0x08003951   Thumb Code   118  tasks.o(i.vTaskSwitchContext)
    xPortStartScheduler                      0x080039dd   Thumb Code   288  port.o(i.xPortStartScheduler)
    xPortSysTickHandler                      0x08003b19   Thumb Code    46  port.o(i.xPortSysTickHandler)
    xQueueGenericCreate                      0x08003b4d   Thumb Code    88  queue.o(i.xQueueGenericCreate)
    xQueueGenericReceive                     0x08003ba5   Thumb Code   446  queue.o(i.xQueueGenericReceive)
    xQueueGenericReset                       0x08003d69   Thumb Code   146  queue.o(i.xQueueGenericReset)
    xQueueGenericSend                        0x08003e01   Thumb Code   420  queue.o(i.xQueueGenericSend)
    xQueueGenericSendFromISR                 0x08003fa9   Thumb Code   248  queue.o(i.xQueueGenericSendFromISR)
    xTaskCheckForTimeOut                     0x080040a1   Thumb Code   132  tasks.o(i.xTaskCheckForTimeOut)
    xTaskCreate                              0x0800412d   Thumb Code    96  tasks.o(i.xTaskCreate)
    xTaskGetSchedulerState                   0x0800418d   Thumb Code    24  tasks.o(i.xTaskGetSchedulerState)
    xTaskGetTickCount                        0x080041ad   Thumb Code     6  tasks.o(i.xTaskGetTickCount)
    xTaskIncrementTick                       0x080041b9   Thumb Code   282  tasks.o(i.xTaskIncrementTick)
    xTaskPriorityDisinherit                  0x08004301   Thumb Code   188  tasks.o(i.xTaskPriorityDisinherit)
    xTaskRemoveFromEventList                 0x080043c9   Thumb Code   128  tasks.o(i.xTaskRemoveFromEventList)
    xTaskResumeAll                           0x08004461   Thumb Code   224  tasks.o(i.xTaskResumeAll)
    xTaskResumeFromISR                       0x08004565   Thumb Code   158  tasks.o(i.xTaskResumeFromISR)
    xTimerCreateTimerTask                    0x08004619   Thumb Code    66  timers.o(i.xTimerCreateTimerTask)
    xTimerGenericCommand                     0x08004671   Thumb Code   126  timers.o(i.xTimerGenericCommand)
    _fp_init                                 0x080046f5   Thumb Code    10  fpinit.o(x$fpl$fpinit)
    __fplib_config_fpu_vfp                   0x080046fd   Thumb Code     0  fpinit.o(x$fpl$fpinit)
    __fplib_config_pureend_doubles           0x080046fd   Thumb Code     0  fpinit.o(x$fpl$fpinit)
    Region$$Table$$Base                      0x08004700   Number         0  anon$$obj.o(Region$$Table)
    Region$$Table$$Limit                     0x08004720   Number         0  anon$$obj.o(Region$$Table)
    pxCurrentTCB                             0x20000010   Data           4  tasks.o(.data)
    __stdout                                 0x20000088   Data           4  usart.o(.data)
    SystemCoreClock                          0x2000008c   Data           4  system_stm32f4xx.o(.data)
    AHBPrescTable                            0x20000090   Data          16  system_stm32f4xx.o(.data)
    Armour1TargetAngle                       0x200000a0   Data           4  driver_armour.o(.data)
    Armour2TargetAngle                       0x200000a4   Data           4  driver_armour.o(.data)
    Armour1FeedAngle                         0x200000a8   Data           4  driver_armour.o(.data)
    Armour2FeedAngle                         0x200000ac   Data           4  driver_armour.o(.data)
    SinglePID_TargetSpeed                    0x200000b0   Data           4  driver_armour.o(.data)
    HookRotateSpeed                          0x200000b4   Data           4  driver_hookcontroller.o(.data)
    HookTargetAngle                          0x200000b8   Data           4  driver_hookcontroller.o(.data)
    HookFeedAngle                            0x200000bc   Data           4  driver_hookcontroller.o(.data)
    TargetYawAngle                           0x200000c0   Data           4  driver_pancontroller.o(.data)
    YawAngleFeed                             0x200000c4   Data           4  driver_pancontroller.o(.data)
    YawSpeedFeed                             0x200000c8   Data           4  driver_pancontroller.o(.data)
    LastMode                                 0x200000cc   Data           4  driver_pancontroller.o(.data)
    IMU_id                                   0x200000d0   Data           2  mpu6500_driver.o(.data)
    isMPU6500_is_DRY                         0x200000d2   Data           1  mpu6500_interrupt.o(.data)
    debug_timestamp                          0x200000d4   Data           4  task_low.o(.data)
    TaskHandler_DBUS                         0x200000d8   Data           4  task_sysinit.o(.data)
    TaskHandler_USART3                       0x200000dc   Data           4  task_sysinit.o(.data)
    TaskHandler_Blink                        0x200000e0   Data           4  task_sysinit.o(.data)
    xQueueRegistry                           0x200000e4   Data          64  queue.o(.bss)
    ArmatureRotateSpeed                      0x20012e3c   Data          16  stm32f4xx_it.o(.bss)
    Buffer                                   0x20012e4c   Data          16  stm32f4xx_it.o(.bss)
    CanRxData                                0x20012e5c   Data          20  stm32f4xx_it.o(.bss)
    Armour1_SpeedPID                         0x20012e70   Data          76  driver_armour.o(.bss)
    Armour2_SpeedPID                         0x20012ebc   Data          76  driver_armour.o(.bss)
    Armour1_AnglePID                         0x20012f08   Data          76  driver_armour.o(.bss)
    Armour2_AnglePID                         0x20012f54   Data          76  driver_armour.o(.bss)
    Armour1_SinglePID_SpeedPID               0x20012fa0   Data          76  driver_armour.o(.bss)
    Armour2_SinglePID_SpeedPID               0x20012fec   Data          76  driver_armour.o(.bss)
    Motor_Feedback                           0x20013038   Data          28  driver_can.o(.bss)
    Hook_Encoder                             0x20013054   Data          68  driver_can.o(.bss)
    Armour1_Encoder                          0x20013098   Data          68  driver_can.o(.bss)
    Armour2_Encoder                          0x200130dc   Data          68  driver_can.o(.bss)
    DBUSBuffer                               0x20013120   Data          19  driver_dbus.o(.bss)
    DBUS_ReceiveData                         0x20013134   Data          24  driver_dbus.o(.bss)
    LASTDBUS_ReceiveData                     0x2001314c   Data          24  driver_dbus.o(.bss)
    Hook_SpeedPID                            0x20013164   Data          76  driver_hookcontroller.o(.bss)
    Hook_AnglePID                            0x200131b0   Data          76  driver_hookcontroller.o(.bss)
    CM1PID                                   0x200131fc   Data          76  driver_pancontroller.o(.bss)
    CM2PID                                   0x20013248   Data          76  driver_pancontroller.o(.bss)
    CM3PID                                   0x20013294   Data          76  driver_pancontroller.o(.bss)
    CM4PID                                   0x200132e0   Data          76  driver_pancontroller.o(.bss)
    YawAnglePID                              0x2001332c   Data          76  driver_pancontroller.o(.bss)
    YawSpeedPID1                             0x20013378   Data          76  driver_pancontroller.o(.bss)
    YawSpeedPID2                             0x200133c4   Data          76  driver_pancontroller.o(.bss)
    ChassisParam                             0x20013410   Data          28  driver_pancontroller.o(.bss)
    mpu6500_data                             0x2001342c   Data          20  mpu6500_driver.o(.bss)
    mpu_buf                                  0x20013440   Data          20  mpu6500_driver.o(.bss)
    __libspace_start                         0x20013454   Data          96  libspace.o(.bss)
    __temporary_stack_top$libspace           0x200134b4   Data           0  libspace.o(.bss)



==============================================================================

Memory Map of the image

  Image Entry point : 0x080001ad

  Load Region LR_IROM1 (Base: 0x08000000, Size: 0x00004804, Max: 0x00200000, ABSOLUTE)

    Execution Region ER_IROM1 (Base: 0x08000000, Size: 0x00004720, Max: 0x00200000, ABSOLUTE)

    Base Addr    Size         Type   Attr      Idx    E Section Name        Object

    0x08000000   0x000001ac   Data   RO          354    RESET               startup_stm32f427xx.o
    0x080001ac   0x00000008   Code   RO         4341  * !!!main             c_w.l(__main.o)
    0x080001b4   0x00000034   Code   RO         4663    !!!scatter          c_w.l(__scatter.o)
    0x080001e8   0x0000001a   Code   RO         4665    !!handler_copy      c_w.l(__scatter_copy.o)
    0x08000202   0x00000002   PAD
    0x08000204   0x0000001c   Code   RO         4667    !!handler_zi        c_w.l(__scatter_zi.o)
    0x08000220   0x00000002   Code   RO         4532    .ARM.Collect$$libinit$$00000000  c_w.l(libinit.o)
    0x08000222   0x00000004   Code   RO         4537    .ARM.Collect$$libinit$$00000001  c_w.l(libinit2.o)
    0x08000226   0x00000000   Code   RO         4540    .ARM.Collect$$libinit$$00000004  c_w.l(libinit2.o)
    0x08000226   0x00000000   Code   RO         4543    .ARM.Collect$$libinit$$0000000A  c_w.l(libinit2.o)
    0x08000226   0x00000000   Code   RO         4545    .ARM.Collect$$libinit$$0000000C  c_w.l(libinit2.o)
    0x08000226   0x00000000   Code   RO         4547    .ARM.Collect$$libinit$$0000000E  c_w.l(libinit2.o)
    0x08000226   0x00000000   Code   RO         4550    .ARM.Collect$$libinit$$00000011  c_w.l(libinit2.o)
    0x08000226   0x00000000   Code   RO         4552    .ARM.Collect$$libinit$$00000013  c_w.l(libinit2.o)
    0x08000226   0x00000000   Code   RO         4554    .ARM.Collect$$libinit$$00000015  c_w.l(libinit2.o)
    0x08000226   0x00000000   Code   RO         4556    .ARM.Collect$$libinit$$00000017  c_w.l(libinit2.o)
    0x08000226   0x00000000   Code   RO         4558    .ARM.Collect$$libinit$$00000019  c_w.l(libinit2.o)
    0x08000226   0x00000000   Code   RO         4560    .ARM.Collect$$libinit$$0000001B  c_w.l(libinit2.o)
    0x08000226   0x00000000   Code   RO         4562    .ARM.Collect$$libinit$$0000001D  c_w.l(libinit2.o)
    0x08000226   0x00000000   Code   RO         4564    .ARM.Collect$$libinit$$0000001F  c_w.l(libinit2.o)
    0x08000226   0x00000000   Code   RO         4566    .ARM.Collect$$libinit$$00000021  c_w.l(libinit2.o)
    0x08000226   0x00000000   Code   RO         4568    .ARM.Collect$$libinit$$00000023  c_w.l(libinit2.o)
    0x08000226   0x00000000   Code   RO         4570    .ARM.Collect$$libinit$$00000025  c_w.l(libinit2.o)
    0x08000226   0x00000000   Code   RO         4574    .ARM.Collect$$libinit$$0000002C  c_w.l(libinit2.o)
    0x08000226   0x00000000   Code   RO         4576    .ARM.Collect$$libinit$$0000002E  c_w.l(libinit2.o)
    0x08000226   0x00000000   Code   RO         4578    .ARM.Collect$$libinit$$00000030  c_w.l(libinit2.o)
    0x08000226   0x00000000   Code   RO         4580    .ARM.Collect$$libinit$$00000032  c_w.l(libinit2.o)
    0x08000226   0x00000002   Code   RO         4581    .ARM.Collect$$libinit$$00000033  c_w.l(libinit2.o)
    0x08000228   0x00000002   Code   RO         4603    .ARM.Collect$$libshutdown$$00000000  c_w.l(libshutdown.o)
    0x0800022a   0x00000000   Code   RO         4616    .ARM.Collect$$libshutdown$$00000002  c_w.l(libshutdown2.o)
    0x0800022a   0x00000000   Code   RO         4618    .ARM.Collect$$libshutdown$$00000004  c_w.l(libshutdown2.o)
    0x0800022a   0x00000000   Code   RO         4621    .ARM.Collect$$libshutdown$$00000007  c_w.l(libshutdown2.o)
    0x0800022a   0x00000000   Code   RO         4624    .ARM.Collect$$libshutdown$$0000000A  c_w.l(libshutdown2.o)
    0x0800022a   0x00000000   Code   RO         4626    .ARM.Collect$$libshutdown$$0000000C  c_w.l(libshutdown2.o)
    0x0800022a   0x00000000   Code   RO         4629    .ARM.Collect$$libshutdown$$0000000F  c_w.l(libshutdown2.o)
    0x0800022a   0x00000002   Code   RO         4630    .ARM.Collect$$libshutdown$$00000010  c_w.l(libshutdown2.o)
    0x0800022c   0x00000000   Code   RO         4441    .ARM.Collect$$rtentry$$00000000  c_w.l(__rtentry.o)
    0x0800022c   0x00000000   Code   RO         4491    .ARM.Collect$$rtentry$$00000002  c_w.l(__rtentry2.o)
    0x0800022c   0x00000006   Code   RO         4503    .ARM.Collect$$rtentry$$00000004  c_w.l(__rtentry4.o)
    0x08000232   0x00000000   Code   RO         4493    .ARM.Collect$$rtentry$$00000009  c_w.l(__rtentry2.o)
    0x08000232   0x00000004   Code   RO         4494    .ARM.Collect$$rtentry$$0000000A  c_w.l(__rtentry2.o)
    0x08000236   0x00000000   Code   RO         4496    .ARM.Collect$$rtentry$$0000000C  c_w.l(__rtentry2.o)
    0x08000236   0x00000008   Code   RO         4497    .ARM.Collect$$rtentry$$0000000D  c_w.l(__rtentry2.o)
    0x0800023e   0x00000002   Code   RO         4535    .ARM.Collect$$rtexit$$00000000  c_w.l(rtexit.o)
    0x08000240   0x00000000   Code   RO         4585    .ARM.Collect$$rtexit$$00000002  c_w.l(rtexit2.o)
    0x08000240   0x00000004   Code   RO         4586    .ARM.Collect$$rtexit$$00000003  c_w.l(rtexit2.o)
    0x08000244   0x00000006   Code   RO         4587    .ARM.Collect$$rtexit$$00000004  c_w.l(rtexit2.o)
    0x0800024a   0x00000002   PAD
    0x0800024c   0x000000b6   Code   RO         3330    .emb_text           port.o
    0x08000302   0x00000002   PAD
    0x08000304   0x00000040   Code   RO          355    .text               startup_stm32f427xx.o
    0x08000344   0x00000018   Code   RO         4331    .text               c_w.l(noretval__2printf.o)
    0x0800035c   0x0000008a   Code   RO         4333    .text               c_w.l(rt_memcpy_v6.o)
    0x080003e6   0x00000010   Code   RO         4335    .text               c_w.l(aeabi_memset.o)
    0x080003f6   0x00000044   Code   RO         4337    .text               c_w.l(rt_memclr.o)
    0x0800043a   0x00000006   Code   RO         4339    .text               c_w.l(heapauxi.o)
    0x08000440   0x00000024   Code   RO         4444    .text               c_w.l(_printf_char_file.o)
    0x08000464   0x00000064   Code   RO         4446    .text               c_w.l(rt_memcpy_w.o)
    0x080004c8   0x0000004e   Code   RO         4448    .text               c_w.l(rt_memclr_w.o)
    0x08000516   0x00000002   PAD
    0x08000518   0x00000030   Code   RO         4510    .text               c_w.l(_printf_char_common.o)
    0x08000548   0x00000008   Code   RO         4512    .text               c_w.l(ferror.o)
    0x08000550   0x00000008   Code   RO         4518    .text               c_w.l(libspace.o)
    0x08000558   0x0000004a   Code   RO         4521    .text               c_w.l(sys_stackheap_outer.o)
    0x080005a2   0x00000028   Code   RO         4523    .text               c_w.l(__printf_nopercent.o)
    0x080005ca   0x00000012   Code   RO         4525    .text               c_w.l(exit.o)
    0x080005dc   0x0000000c   Code   RO         4595    .text               c_w.l(sys_exit.o)
    0x080005e8   0x00000002   Code   RO         4606    .text               c_w.l(use_no_semi.o)
    0x080005ea   0x00000000   Code   RO         4608    .text               c_w.l(indicate_semi.o)
    0x080005ea   0x00000036   Code   RO         3785    i.ArmourAnglePIDInit  driver_armour.o
    0x08000620   0x00000036   Code   RO         3787    i.ArmourSpeedPIDInit  driver_armour.o
    0x08000656   0x00000002   PAD
    0x08000658   0x00000030   Code   RO         3788    i.ArmourTargetAngleInit  driver_armour.o
    0x08000688   0x000000a0   Code   RO            3    i.BEEP_Init         beep.o
    0x08000728   0x00000108   Code   RO          157    i.BSP_CAN_InitConfig  bsp_can.o
    0x08000830   0x00000068   Code   RO          180    i.BSP_DMA_InitConfig  bsp_dma.o
    0x08000898   0x00000194   Code   RO          207    i.BSP_GPIO_InitConfig  bsp_gpio.o
    0x08000a2c   0x00000068   Code   RO          253    i.BSP_TIM_InitConfig  bsp_tim.o
    0x08000a94   0x0000004c   Code   RO          288    i.BSP_UART_InitConfig  bsp_uart.o
    0x08000ae0   0x00000004   Code   RO         3597    i.BusFault_Handler  stm32f4xx_it.o
    0x08000ae4   0x000000c0   Code   RO         3598    i.CAN1_RX0_IRQHandler  stm32f4xx_it.o
    0x08000ba4   0x00000098   Code   RO         3599    i.CAN2_RX0_IRQHandler  stm32f4xx_it.o
    0x08000c3c   0x00000108   Code   RO          411    i.CAN_FilterInit    stm32f4xx_can.o
    0x08000d44   0x00000114   Code   RO          418    i.CAN_Init          stm32f4xx_can.o
    0x08000e58   0x000000f0   Code   RO          421    i.CAN_Receive       stm32f4xx_can.o
    0x08000f48   0x00000016   Code   RO          570    i.DMA_Cmd           stm32f4xx_dma.o
    0x08000f5e   0x00000002   PAD
    0x08000f60   0x00000058   Code   RO          582    i.DMA_Init          stm32f4xx_dma.o
    0x08000fb8   0x00000002   Code   RO         3600    i.DebugMon_Handler  stm32f4xx_it.o
    0x08000fba   0x00000002   PAD
    0x08000fbc   0x00000028   Code   RO         4222    i.EXTI1_IRQHandler  mpu6500_interrupt.o
    0x08000fe4   0x0000000c   Code   RO          824    i.EXTI_ClearFlag    stm32f4xx_exti.o
    0x08000ff0   0x0000000c   Code   RO          825    i.EXTI_ClearITPendingBit  stm32f4xx_exti.o
    0x08000ffc   0x00000018   Code   RO          829    i.EXTI_GetITStatus  stm32f4xx_exti.o
    0x08001014   0x00000094   Code   RO          830    i.EXTI_Init         stm32f4xx_exti.o
    0x080010a8   0x00000090   Code   RO         1141    i.GPIO_Init         stm32f4xx_gpio.o
    0x08001138   0x00000046   Code   RO         1142    i.GPIO_PinAFConfig  stm32f4xx_gpio.o
    0x0800117e   0x00000004   Code   RO         1148    i.GPIO_ResetBits    stm32f4xx_gpio.o
    0x08001182   0x00000004   Code   RO         1149    i.GPIO_SetBits      stm32f4xx_gpio.o
    0x08001186   0x0000000e   Code   RO         3836    i.GetEncoderBias    driver_can.o
    0x08001194   0x00000004   Code   RO         3601    i.HardFault_Handler  stm32f4xx_it.o
    0x08001198   0x00000036   Code   RO         3912    i.HookAnglePIDInit  driver_hookcontroller.o
    0x080011ce   0x00000036   Code   RO         3914    i.HookSpeedPIDInit  driver_hookcontroller.o
    0x08001204   0x00000014   Code   RO         3915    i.HookTargetAngleInit  driver_hookcontroller.o
    0x08001218   0x0000004c   Code   RO         4136    i.IIC_Ack           mpu6500_i2c.o
    0x08001264   0x0000001a   Code   RO         4137    i.IIC_Delay         mpu6500_i2c.o
    0x0800127e   0x00000002   PAD
    0x08001280   0x00000018   Code   RO         4138    i.IIC_GPIO_Init     mpu6500_i2c.o
    0x08001298   0x00000058   Code   RO         4139    i.IIC_ReadBit       mpu6500_i2c.o
    0x080012f0   0x000000bc   Code   RO         4140    i.IIC_ReadData      mpu6500_i2c.o
    0x080013ac   0x0000002c   Code   RO         4141    i.IIC_SDA_In        mpu6500_i2c.o
    0x080013d8   0x00000030   Code   RO         4142    i.IIC_SDA_Out       mpu6500_i2c.o
    0x08001408   0x00000078   Code   RO         4143    i.IIC_Start         mpu6500_i2c.o
    0x08001480   0x00000034   Code   RO         4144    i.IIC_Stop          mpu6500_i2c.o
    0x080014b4   0x00000054   Code   RO         4145    i.IIC_WaitAck       mpu6500_i2c.o
    0x08001508   0x00000060   Code   RO         4146    i.IIC_WriteBit      mpu6500_i2c.o
    0x08001568   0x0000009c   Code   RO         4147    i.IIC_WriteData     mpu6500_i2c.o
    0x08001604   0x00000070   Code   RO          334    i.LED_Init          led.o
    0x08001674   0x0000002c   Code   RO         4079    i.MPU6500_EnableInt  mpu6500_driver.o
    0x080016a0   0x000000c4   Code   RO         4080    i.MPU6500_Init      mpu6500_driver.o
    0x08001764   0x00000014   Code   RO         4081    i.MPU6500_Initialize  mpu6500_driver.o
    0x08001778   0x00000080   Code   RO         4223    i.MPU6500_IntConfiguration  mpu6500_interrupt.o
    0x080017f8   0x00000024   Code   RO         4082    i.MPU6500_ReadData  mpu6500_driver.o
    0x0800181c   0x000000d4   Code   RO         4083    i.MPU6500_getMotion6  mpu6500_driver.o
    0x080018f0   0x00000004   Code   RO         3602    i.MemManage_Handler  stm32f4xx_it.o
    0x080018f4   0x00000002   Code   RO         3603    i.NMI_Handler       stm32f4xx_it.o
    0x080018f6   0x00000002   PAD
    0x080018f8   0x00000078   Code   RO          361    i.NVIC_Init         misc.o
    0x08001970   0x00000036   Code   RO         3966    i.PANAnglePIDInit   driver_pancontroller.o
    0x080019a6   0x00000036   Code   RO         3968    i.PANSpeedPIDInit   driver_pancontroller.o
    0x080019dc   0x00000014   Code   RO         3970    i.PanTargetAngleInit  driver_pancontroller.o
    0x080019f0   0x00000036   Code   RO         3972    i.PanYawSpeedPIDInit  driver_pancontroller.o
    0x08001a26   0x00000002   PAD
    0x08001a28   0x00000020   Code   RO         1238    i.RCC_AHB1PeriphClockCmd  stm32f4xx_rcc.o
    0x08001a48   0x00000020   Code   RO         1247    i.RCC_APB1PeriphClockCmd  stm32f4xx_rcc.o
    0x08001a68   0x00000020   Code   RO         1250    i.RCC_APB2PeriphClockCmd  stm32f4xx_rcc.o
    0x08001a88   0x000000e8   Code   RO         1259    i.RCC_GetClocksFreq  stm32f4xx_rcc.o
    0x08001b70   0x00000040   Code   RO         1575    i.SYSCFG_EXTILineConfig  stm32f4xx_syscfg.o
    0x08001bb0   0x00000120   Code   RO         3696    i.SetSysClock       system_stm32f4xx.o
    0x08001cd0   0x00000028   Code   RO          365    i.SysTick_CLKSourceConfig  misc.o
    0x08001cf8   0x00000010   Code   RO         3409    i.SysTick_Handler   delay.o
    0x08001d08   0x00000068   Code   RO         3698    i.SystemInit        system_stm32f4xx.o
    0x08001d70   0x00000016   Code   RO         3604    i.TIM2_IRQHandler   stm32f4xx_it.o
    0x08001d86   0x00000002   PAD
    0x08001d88   0x000000a8   Code   RO          254    i.TIM4_PWM_Init     bsp_tim.o
    0x08001e30   0x00000024   Code   RO         3605    i.TIM6_DAC_IRQHandler  stm32f4xx_it.o
    0x08001e54   0x00000018   Code   RO         1632    i.TIM_ARRPreloadConfig  stm32f4xx_tim.o
    0x08001e6c   0x00000006   Code   RO         1638    i.TIM_ClearFlag     stm32f4xx_tim.o
    0x08001e72   0x00000006   Code   RO         1639    i.TIM_ClearITPendingBit  stm32f4xx_tim.o
    0x08001e78   0x00000018   Code   RO         1644    i.TIM_Cmd           stm32f4xx_tim.o
    0x08001e90   0x00000022   Code   RO         1665    i.TIM_GetITStatus   stm32f4xx_tim.o
    0x08001eb2   0x00000002   PAD
    0x08001eb4   0x0000007c   Code   RO         1673    i.TIM_OC1Init       stm32f4xx_tim.o
    0x08001f30   0x00000012   Code   RO         1676    i.TIM_OC1PreloadConfig  stm32f4xx_tim.o
    0x08001f42   0x00000002   PAD
    0x08001f44   0x00000084   Code   RO         1716    i.TIM_TimeBaseInit  stm32f4xx_tim.o
    0x08001fc8   0x00000024   Code   RO         4280    i.Task_Blink        task_low.o
    0x08001fec   0x00000028   Code   RO         4254    i.Task_DBUS         task_irq.o
    0x08002014   0x0000028c   Code   RO         4303    i.Task_SysInit      task_sysinit.o
    0x080022a0   0x00000028   Code   RO         4255    i.Task_USART3       task_irq.o
    0x080022c8   0x00000010   Code   RO         3606    i.USART1_IRQHandler  stm32f4xx_it.o
    0x080022d8   0x00000010   Code   RO         3607    i.USART3_IRQHandler  stm32f4xx_it.o
    0x080022e8   0x00000018   Code   RO         2194    i.USART_Cmd         stm32f4xx_usart.o
    0x08002300   0x00000012   Code   RO         2195    i.USART_DMACmd      stm32f4xx_usart.o
    0x08002312   0x0000004a   Code   RO         2200    i.USART_ITConfig    stm32f4xx_usart.o
    0x0800235c   0x000000d4   Code   RO         2201    i.USART_Init        stm32f4xx_usart.o
    0x08002430   0x00000004   Code   RO         3608    i.UsageFault_Handler  stm32f4xx_it.o
    0x08002434   0x00000054   Code   RO         3410    i.delay_init        delay.o
    0x08002488   0x00000044   Code   RO         3411    i.delay_ms          delay.o
    0x080024cc   0x00000048   Code   RO         3412    i.delay_us          delay.o
    0x08002514   0x0000001c   Code   RO         3471    i.fputc             usart.o
    0x08002530   0x00000034   Code   RO         3516    i.main              main.o
    0x08002564   0x00000098   Code   RO         2814    i.prvAddCurrentTaskToDelayedList  tasks.o
    0x080025fc   0x000000b8   Code   RO         2815    i.prvAddNewTaskToReadyList  tasks.o
    0x080026b4   0x00000064   Code   RO         3151    i.prvCheckForValidListAndQueue  timers.o
    0x08002718   0x00000064   Code   RO         2816    i.prvCheckTasksWaitingTermination  tasks.o
    0x0800277c   0x0000002a   Code   RO         2613    i.prvCopyDataFromQueue  queue.o
    0x080027a6   0x0000007c   Code   RO         2614    i.prvCopyDataToQueue  queue.o
    0x08002822   0x00000012   Code   RO         2817    i.prvDeleteTCB      tasks.o
    0x08002834   0x00000028   Code   RO         3152    i.prvGetNextExpireTime  timers.o
    0x0800285c   0x0000007c   Code   RO         3281    i.prvHeapInit       heap_4.o
    0x080028d8   0x00000028   Code   RO         2818    i.prvIdleTask       tasks.o
    0x08002900   0x0000002a   Code   RO         2616    i.prvInitialiseNewQueue  queue.o
    0x0800292a   0x000000b4   Code   RO         2819    i.prvInitialiseNewTask  tasks.o
    0x080029de   0x00000002   PAD
    0x080029e0   0x00000068   Code   RO         2820    i.prvInitialiseTaskLists  tasks.o
    0x08002a48   0x00000068   Code   RO         3282    i.prvInsertBlockIntoFreeList  heap_4.o
    0x08002ab0   0x00000058   Code   RO         3154    i.prvInsertTimerInActiveList  timers.o
    0x08002b08   0x0000001a   Code   RO         2617    i.prvIsQueueEmpty   queue.o
    0x08002b22   0x0000001e   Code   RO         2618    i.prvIsQueueFull    queue.o
    0x08002b40   0x00000064   Code   RO         3155    i.prvProcessExpiredTimer  timers.o
    0x08002ba4   0x000000f8   Code   RO         3156    i.prvProcessReceivedCommands  timers.o
    0x08002c9c   0x00000074   Code   RO         3157    i.prvProcessTimerOrBlockTask  timers.o
    0x08002d10   0x00000034   Code   RO         2822    i.prvResetNextTaskUnblockTime  tasks.o
    0x08002d44   0x0000002c   Code   RO         3158    i.prvSampleTimeNow  timers.o
    0x08002d70   0x000000a0   Code   RO         3159    i.prvSwitchTimerLists  timers.o
    0x08002e10   0x00000040   Code   RO         3331    i.prvTaskExitError  port.o
    0x08002e50   0x00000058   Code   RO         2824    i.prvTaskIsTaskSuspended  tasks.o
    0x08002ea8   0x0000001a   Code   RO         3160    i.prvTimerTask      timers.o
    0x08002ec2   0x0000007e   Code   RO         2619    i.prvUnlockQueue    queue.o
    0x08002f40   0x0000013c   Code   RO         3283    i.pvPortMalloc      heap_4.o
    0x0800307c   0x00000020   Code   RO         2825    i.pvTaskIncrementMutexHeldCount  tasks.o
    0x0800309c   0x0000002c   Code   RO         3332    i.pxPortInitialiseStack  port.o
    0x080030c8   0x000000b0   Code   RO         3472    i.uart_init         usart.o
    0x08003178   0x00000028   Code   RO         2576    i.uxListRemove      list.o
    0x080031a0   0x0000001a   Code   RO         2577    i.vListInitialise   list.o
    0x080031ba   0x00000006   Code   RO         2578    i.vListInitialiseItem  list.o
    0x080031c0   0x00000034   Code   RO         2579    i.vListInsert       list.o
    0x080031f4   0x00000018   Code   RO         2580    i.vListInsertEnd    list.o
    0x0800320c   0x00000054   Code   RO         3334    i.vPortEnterCritical  port.o
    0x08003260   0x0000003c   Code   RO         3335    i.vPortExitCritical  port.o
    0x0800329c   0x00000094   Code   RO         3284    i.vPortFree         heap_4.o
    0x08003330   0x00000020   Code   RO         3336    i.vPortSetupTimerInterrupt  port.o
    0x08003350   0x00000078   Code   RO         3337    i.vPortValidateInterruptPriority  port.o
    0x080033c8   0x0000002c   Code   RO         2625    i.vQueueAddToRegistry  queue.o
    0x080033f4   0x0000004a   Code   RO         2629    i.vQueueWaitForMessageRestricted  queue.o
    0x0800343e   0x00000002   PAD
    0x08003440   0x0000005c   Code   RO         2833    i.vTaskDelay        tasks.o
    0x0800349c   0x000000d4   Code   RO         2834    i.vTaskDelayUntil   tasks.o
    0x08003570   0x000000f4   Code   RO         2835    i.vTaskDelete       tasks.o
    0x08003664   0x0000000c   Code   RO         2838    i.vTaskMissedYield  tasks.o
    0x08003670   0x00000038   Code   RO         2840    i.vTaskPlaceOnEventList  tasks.o
    0x080036a8   0x00000040   Code   RO         2841    i.vTaskPlaceOnEventListRestricted  tasks.o
    0x080036e8   0x000000b0   Code   RO         2843    i.vTaskPriorityInherit  tasks.o
    0x08003798   0x00000030   Code   RO         2847    i.vTaskSetTimeOutState  tasks.o
    0x080037c8   0x00000094   Code   RO         2848    i.vTaskStartScheduler  tasks.o
    0x0800385c   0x000000e4   Code   RO         2849    i.vTaskSuspend      tasks.o
    0x08003940   0x00000010   Code   RO         2850    i.vTaskSuspendAll   tasks.o
    0x08003950   0x0000008c   Code   RO         2851    i.vTaskSwitchContext  tasks.o
    0x080039dc   0x0000013c   Code   RO         3338    i.xPortStartScheduler  port.o
    0x08003b18   0x00000034   Code   RO         3339    i.xPortSysTickHandler  port.o
    0x08003b4c   0x00000058   Code   RO         2632    i.xQueueGenericCreate  queue.o
    0x08003ba4   0x000001c4   Code   RO         2633    i.xQueueGenericReceive  queue.o
    0x08003d68   0x00000098   Code   RO         2634    i.xQueueGenericReset  queue.o
    0x08003e00   0x000001a8   Code   RO         2635    i.xQueueGenericSend  queue.o
    0x08003fa8   0x000000f8   Code   RO         2636    i.xQueueGenericSendFromISR  queue.o
    0x080040a0   0x0000008c   Code   RO         2852    i.xTaskCheckForTimeOut  tasks.o
    0x0800412c   0x00000060   Code   RO         2853    i.xTaskCreate       tasks.o
    0x0800418c   0x00000020   Code   RO         2857    i.xTaskGetSchedulerState  tasks.o
    0x080041ac   0x0000000c   Code   RO         2858    i.xTaskGetTickCount  tasks.o
    0x080041b8   0x00000148   Code   RO         2860    i.xTaskIncrementTick  tasks.o
    0x08004300   0x000000c8   Code   RO         2863    i.xTaskPriorityDisinherit  tasks.o
    0x080043c8   0x00000098   Code   RO         2864    i.xTaskRemoveFromEventList  tasks.o
    0x08004460   0x00000104   Code   RO         2866    i.xTaskResumeAll    tasks.o
    0x08004564   0x000000b4   Code   RO         2867    i.xTaskResumeFromISR  tasks.o
    0x08004618   0x00000058   Code   RO         3164    i.xTimerCreateTimerTask  timers.o
    0x08004670   0x00000084   Code   RO         3165    i.xTimerGenericCommand  timers.o
    0x080046f4   0x0000000a   Code   RO         4593    x$fpl$fpinit        fz_wm.l(fpinit.o)
    0x080046fe   0x00000002   PAD
    0x08004700   0x00000020   Data   RO         4661    Region$$Table       anon$$obj.o


    Execution Region RW_IRAM1 (Base: 0x20000000, Size: 0x000148b8, Max: 0x00030000, ABSOLUTE)

    Base Addr    Size         Type   Attr      Idx    E Section Name        Object

    0x20000000   0x00000010   Data   RW         1291    .data               stm32f4xx_rcc.o
    0x20000010   0x0000003c   Data   RW         2869    .data               tasks.o
    0x2000004c   0x00000014   Data   RW         3171    .data               timers.o
    0x20000060   0x00000018   Data   RW         3289    .data               heap_4.o
    0x20000078   0x0000000c   Data   RW         3340    .data               port.o
    0x20000084   0x00000004   Data   RW         3413    .data               delay.o
    0x20000088   0x00000004   Data   RW         3473    .data               usart.o
    0x2000008c   0x00000014   Data   RW         3699    .data               system_stm32f4xx.o
    0x200000a0   0x00000014   Data   RW         3790    .data               driver_armour.o
    0x200000b4   0x0000000c   Data   RW         3917    .data               driver_hookcontroller.o
    0x200000c0   0x00000010   Data   RW         3974    .data               driver_pancontroller.o
    0x200000d0   0x00000002   Data   RW         4085    .data               mpu6500_driver.o
    0x200000d2   0x00000001   Data   RW         4224    .data               mpu6500_interrupt.o
    0x200000d3   0x00000001   PAD
    0x200000d4   0x00000004   Data   RW         4281    .data               task_low.o
    0x200000d8   0x0000000c   Data   RW         4304    .data               task_sysinit.o
    0x200000e4   0x00000040   Zero   RW         2644    .bss                queue.o
    0x20000124   0x000000f0   Zero   RW         2868    .bss                tasks.o
    0x20000214   0x00000028   Zero   RW         3170    .bss                timers.o
    0x2000023c   0x00012c00   Zero   RW         3288    .bss                heap_4.o
    0x20012e3c   0x00000034   Zero   RW         3610    .bss                stm32f4xx_it.o
    0x20012e70   0x000001c8   Zero   RW         3789    .bss                driver_armour.o
    0x20013038   0x000000e8   Zero   RW         3839    .bss                driver_can.o
    0x20013120   0x00000044   Zero   RW         3881    .bss                driver_dbus.o
    0x20013164   0x00000098   Zero   RW         3916    .bss                driver_hookcontroller.o
    0x200131fc   0x00000230   Zero   RW         3973    .bss                driver_pancontroller.o
    0x2001342c   0x00000028   Zero   RW         4084    .bss                mpu6500_driver.o
    0x20013454   0x00000060   Zero   RW         4519    .bss                c_w.l(libspace.o)
    0x200134b4   0x00000004   PAD
    0x200134b8   0x00001000   Zero   RW          353    HEAP                startup_stm32f427xx.o
    0x200144b8   0x00000400   Zero   RW          352    STACK               startup_stm32f427xx.o


==============================================================================

Image component sizes


      Code (inc. data)   RO Data    RW Data    ZI Data      Debug   Object Name

       160         10          0          0          0     311888   beep.o
       264         10          0          0          0        749   bsp_can.o
       104         12          0          0          0        601   bsp_dma.o
       404         18          0          0          0        790   bsp_gpio.o
       272         16          0          0          0       1233   bsp_tim.o
        76          8          0          0          0        546   bsp_uart.o
         0          0          0          0          0      10032   croutine.o
       240         18          0          4          0       2421   delay.o
       156         16          0         20        456       3556   driver_armour.o
        14          0          0          0        232       2223   driver_can.o
         0          0          0          0         68       1219   driver_dbus.o
       128          8          0         12        152       3236   driver_hookcontroller.o
       182          8          0         16        560       4377   driver_pancontroller.o
         0          0          0          0          0      11808   event_groups.o
       692         62          0         24      76800       4387   heap_4.o
       112          8          0          0          0        535   led.o
       148          0          0          0          0       3202   list.o
        52         20          0          0          0        467   main.o
       160         14          0          0          0       1526   misc.o
       508         20          0          2         40       4262   mpu6500_driver.o
      1002        186          0          0          0       7262   mpu6500_i2c.o
       168         10          0          1          0       1413   mpu6500_interrupt.o
       954         92          0         12          0      11381   port.o
      1872         22          0          0         64      15949   queue.o
        64         26        428          0       5120        820   startup_stm32f427xx.o
       780          6          0          0          0       3062   stm32f4xx_can.o
       110          6          0          0          0       2333   stm32f4xx_dma.o
       196         22          0          0          0       2585   stm32f4xx_exti.o
       222          0          0          0          0       2843   stm32f4xx_gpio.o
       454         40          0          0         52       7243   stm32f4xx_it.o
       328         36          0         16          0       4563   stm32f4xx_rcc.o
        64          4          0          0          0        644   stm32f4xx_syscfg.o
       368         38          0          0          0       5471   stm32f4xx_tim.o
       328          8          0          0          0       3481   stm32f4xx_usart.o
       392         32          0         20          0       1765   system_stm32f4xx.o
        80         12          0          0          0       1026   task_irq.o
        36          4          0          4          0        783   task_low.o
       652        158          0         12          0       1047   task_sysinit.o
      3786        484          0         60        240      26905   tasks.o
      1142        118          0         20         40      17275   timers.o
       204         14          0          4          0       3030   usart.o

    ----------------------------------------------------------------------
     16898       1566        460        228      83824     489939   Object Totals
         0          0         32          0          0          0   (incl. Generated)
        24          0          0          1          0          0   (incl. Padding)

    ----------------------------------------------------------------------

      Code (inc. data)   RO Data    RW Data    ZI Data      Debug   Library Member Name

         8          0          0          0          0         68   __main.o
        40          0          0          0          0         84   __printf_nopercent.o
         0          0          0          0          0          0   __rtentry.o
        12          0          0          0          0          0   __rtentry2.o
         6          0          0          0          0          0   __rtentry4.o
        52          8          0          0          0          0   __scatter.o
        26          0          0          0          0          0   __scatter_copy.o
        28          0          0          0          0          0   __scatter_zi.o
        48          6          0          0          0         96   _printf_char_common.o
        36          4          0          0          0         80   _printf_char_file.o
        16          0          0          0          0         68   aeabi_memset.o
        18          0          0          0          0         80   exit.o
         8          0          0          0          0         68   ferror.o
         6          0          0          0          0        152   heapauxi.o
         0          0          0          0          0          0   indicate_semi.o
         2          0          0          0          0          0   libinit.o
         6          0          0          0          0          0   libinit2.o
         2          0          0          0          0          0   libshutdown.o
         2          0          0          0          0          0   libshutdown2.o
         8          4          0          0         96         68   libspace.o
        24          4          0          0          0         84   noretval__2printf.o
        68          0          0          0          0         68   rt_memclr.o
        78          0          0          0          0         80   rt_memclr_w.o
       138          0          0          0          0         68   rt_memcpy_v6.o
       100          0          0          0          0         80   rt_memcpy_w.o
         2          0          0          0          0          0   rtexit.o
        10          0          0          0          0          0   rtexit2.o
        12          4          0          0          0         68   sys_exit.o
        74          0          0          0          0         80   sys_stackheap_outer.o
         2          0          0          0          0         68   use_no_semi.o
        10          0          0          0          0        116   fpinit.o

    ----------------------------------------------------------------------
       850         30          0          0        100       1476   Library Totals
         8          0          0          0          4          0   (incl. Padding)

    ----------------------------------------------------------------------

      Code (inc. data)   RO Data    RW Data    ZI Data      Debug   Library Name

       832         30          0          0         96       1360   c_w.l
        10          0          0          0          0        116   fz_wm.l

    ----------------------------------------------------------------------
       850         30          0          0        100       1476   Library Totals

    ----------------------------------------------------------------------

==============================================================================


      Code (inc. data)   RO Data    RW Data    ZI Data      Debug   

     17748       1596        460        228      83924     474639   Grand Totals
     17748       1596        460        228      83924     474639   ELF Image Totals
     17748       1596        460        228          0          0   ROM Totals

==============================================================================

    Total RO  Size (Code + RO Data)                18208 (  17.78kB)
    Total RW  Size (RW Data + ZI Data)             84152 (  82.18kB)
    Total ROM Size (Code + RO Data + RW Data)      18436 (  18.00kB)

==============================================================================

