Component: ARM Compiler 5.06 update 7 (build 960) Tool: armlink [4d3601]

==============================================================================

Section Cross References

    startup_stm32f427xx.o(STACK) refers (Special) to heapauxi.o(.text) for __use_two_region_memory
    startup_stm32f427xx.o(HEAP) refers (Special) to heapauxi.o(.text) for __use_two_region_memory
    startup_stm32f427xx.o(RESET) refers (Special) to heapauxi.o(.text) for __use_two_region_memory
    startup_stm32f427xx.o(RESET) refers to startup_stm32f427xx.o(STACK) for __initial_sp
    startup_stm32f427xx.o(RESET) refers to startup_stm32f427xx.o(.text) for Reset_Handler
    startup_stm32f427xx.o(RESET) refers to interrupt.o(i.NMI_Handler) for NMI_Handler
    startup_stm32f427xx.o(RESET) refers to interrupt.o(i.HardFault_Handler) for HardFault_Handler
    startup_stm32f427xx.o(RESET) refers to interrupt.o(i.MemManage_Handler) for MemManage_Handler
    startup_stm32f427xx.o(RESET) refers to interrupt.o(i.BusFault_Handler) for BusFault_Handler
    startup_stm32f427xx.o(RESET) refers to interrupt.o(i.UsageFault_Handler) for UsageFault_Handler
    startup_stm32f427xx.o(RESET) refers to port.o(.emb_text) for SVC_Handler
    startup_stm32f427xx.o(RESET) refers to interrupt.o(i.DebugMon_Handler) for DebugMon_Handler
    startup_stm32f427xx.o(RESET) refers to delay.o(i.SysTick_Handler) for SysTick_Handler
    startup_stm32f427xx.o(RESET) refers to interrupt.o(i.CAN1_RX0_IRQHandler) for CAN1_RX0_IRQHandler
    startup_stm32f427xx.o(RESET) refers to interrupt.o(i.EXTI9_5_IRQHandler) for EXTI9_5_IRQHandler
    startup_stm32f427xx.o(RESET) refers to interrupt.o(i.TIM2_IRQHandler) for TIM2_IRQHandler
    startup_stm32f427xx.o(RESET) refers to interrupt.o(i.USART1_IRQHandler) for USART1_IRQHandler
    startup_stm32f427xx.o(RESET) refers to interrupt.o(i.USART3_IRQHandler) for USART3_IRQHandler
    startup_stm32f427xx.o(RESET) refers to interrupt.o(i.CAN2_RX0_IRQHandler) for CAN2_RX0_IRQHandler
    startup_stm32f427xx.o(RESET) refers to interrupt.o(i.USART6_IRQHandler) for USART6_IRQHandler
    startup_stm32f427xx.o(RESET) refers to interrupt.o(i.UART7_IRQHandler) for UART7_IRQHandler
    startup_stm32f427xx.o(RESET) refers to interrupt.o(i.UART8_IRQHandler) for UART8_IRQHandler
    startup_stm32f427xx.o(.text) refers (Special) to heapauxi.o(.text) for __use_two_region_memory
    startup_stm32f427xx.o(.text) refers to system_stm32f4xx.o(i.SystemInit) for SystemInit
    startup_stm32f427xx.o(.text) refers to __main.o(!!!main) for __main
    startup_stm32f427xx.o(.text) refers to startup_stm32f427xx.o(HEAP) for Heap_Mem
    startup_stm32f427xx.o(.text) refers to startup_stm32f427xx.o(STACK) for Stack_Mem
    stm32f4xx_adc.o(i.ADC_DeInit) refers to stm32f4xx_rcc.o(i.RCC_APB2PeriphResetCmd) for RCC_APB2PeriphResetCmd
    stm32f4xx_can.o(i.CAN_DeInit) refers to stm32f4xx_rcc.o(i.RCC_APB1PeriphResetCmd) for RCC_APB1PeriphResetCmd
    stm32f4xx_can.o(i.CAN_GetITStatus) refers to stm32f4xx_can.o(i.CheckITStatus) for CheckITStatus
    stm32f4xx_dma2d.o(i.DMA2D_DeInit) refers to stm32f4xx_rcc.o(i.RCC_AHB1PeriphResetCmd) for RCC_AHB1PeriphResetCmd
    stm32f4xx_flash.o(i.FLASH_EraseAllBank1Sectors) refers to stm32f4xx_flash.o(i.FLASH_WaitForLastOperation) for FLASH_WaitForLastOperation
    stm32f4xx_flash.o(i.FLASH_EraseAllBank2Sectors) refers to stm32f4xx_flash.o(i.FLASH_WaitForLastOperation) for FLASH_WaitForLastOperation
    stm32f4xx_flash.o(i.FLASH_EraseAllSectors) refers to stm32f4xx_flash.o(i.FLASH_WaitForLastOperation) for FLASH_WaitForLastOperation
    stm32f4xx_flash.o(i.FLASH_EraseSector) refers to stm32f4xx_flash.o(i.FLASH_WaitForLastOperation) for FLASH_WaitForLastOperation
    stm32f4xx_flash.o(i.FLASH_OB_Launch) refers to stm32f4xx_flash.o(i.FLASH_WaitForLastOperation) for FLASH_WaitForLastOperation
    stm32f4xx_flash.o(i.FLASH_OB_PCROP1Config) refers to stm32f4xx_flash.o(i.FLASH_WaitForLastOperation) for FLASH_WaitForLastOperation
    stm32f4xx_flash.o(i.FLASH_OB_PCROPConfig) refers to stm32f4xx_flash.o(i.FLASH_WaitForLastOperation) for FLASH_WaitForLastOperation
    stm32f4xx_flash.o(i.FLASH_OB_RDPConfig) refers to stm32f4xx_flash.o(i.FLASH_WaitForLastOperation) for FLASH_WaitForLastOperation
    stm32f4xx_flash.o(i.FLASH_OB_UserConfig) refers to stm32f4xx_flash.o(i.FLASH_WaitForLastOperation) for FLASH_WaitForLastOperation
    stm32f4xx_flash.o(i.FLASH_OB_WRP1Config) refers to stm32f4xx_flash.o(i.FLASH_WaitForLastOperation) for FLASH_WaitForLastOperation
    stm32f4xx_flash.o(i.FLASH_OB_WRPConfig) refers to stm32f4xx_flash.o(i.FLASH_WaitForLastOperation) for FLASH_WaitForLastOperation
    stm32f4xx_flash.o(i.FLASH_ProgramByte) refers to stm32f4xx_flash.o(i.FLASH_WaitForLastOperation) for FLASH_WaitForLastOperation
    stm32f4xx_flash.o(i.FLASH_ProgramDoubleWord) refers to stm32f4xx_flash.o(i.FLASH_WaitForLastOperation) for FLASH_WaitForLastOperation
[...]
    BSP_USART_Init                           0x08001515   Thumb Code   212  driver_bsp.o(i.BSP_USART_Init)
    BSP_User_Power_Init                      0x080015e9   Thumb Code    80  driver_bsp.o(i.BSP_User_Power_Init)
    Beep_Init                                0x0800163d   Thumb Code     2  beep.o(i.Beep_Init)
    Bridge_Bind                              0x08001641   Thumb Code   154  driver_bridge.o(i.Bridge_Bind)
    Bridge_Check_Motor_Watchdog              0x080016e1   Thumb Code    90  driver_bridge.o(i.Bridge_Check_Motor_Watchdog)
    Bridge_Receive_CAN                       0x0800173d   Thumb Code   152  driver_bridge.o(i.Bridge_Receive_CAN)
    Bridge_Receive_USART                     0x080017dd   Thumb Code   144  driver_bridge.o(i.Bridge_Receive_USART)
    Bridge_Send_Motor                        0x08001871   Thumb Code   280  driver_bridge.o(i.Bridge_Send_Motor)
    Bridge_Send_Protocol                     0x080019a1   Thumb Code    80  driver_bridge.o(i.Bridge_Send_Protocol)
    Bridge_Send_Protocol_Once                0x08001a0d   Thumb Code   138  driver_bridge.o(i.Bridge_Send_Protocol_Once)
    BusFault_Handler                         0x08001aa5   Thumb Code     4  interrupt.o(i.BusFault_Handler)
    CAN1_RX0_IRQHandler                      0x08001aa9   Thumb Code    12  interrupt.o(i.CAN1_RX0_IRQHandler)
    CAN2_RX0_IRQHandler                      0x08001ab9   Thumb Code    12  interrupt.o(i.CAN2_RX0_IRQHandler)
    CAN_FilterInit                           0x08001ac9   Thumb Code   258  stm32f4xx_can.o(i.CAN_FilterInit)
    CAN_ITConfig                             0x08001bd1   Thumb Code    18  stm32f4xx_can.o(i.CAN_ITConfig)
    CAN_Init                                 0x08001be3   Thumb Code   276  stm32f4xx_can.o(i.CAN_Init)
    CAN_Receive                              0x08001cf7   Thumb Code   240  stm32f4xx_can.o(i.CAN_Receive)
    CAN_Transmit                             0x08001de7   Thumb Code   294  stm32f4xx_can.o(i.CAN_Transmit)
    CAN_TransmitStatus                       0x08001f0d   Thumb Code   138  stm32f4xx_can.o(i.CAN_TransmitStatus)
    Can_Send                                 0x08001fad   Thumb Code   128  driver_can.o(i.Can_Send)
    Can_Send_Msg                             0x0800202d   Thumb Code   154  driver_can.o(i.Can_Send_Msg)
    Chassis_Calculate_Rotor_Speed            0x080020c9   Thumb Code   178  driver_chassis.o(i.Chassis_Calculate_Rotor_Speed)
    Chassis_Fix                              0x08002185   Thumb Code   114  driver_chassis.o(i.Chassis_Fix)
    Chassis_Init                             0x080021f9   Thumb Code   114  driver_chassis.o(i.Chassis_Init)
    Chassis_Limit_Power                      0x0800227d   Thumb Code   402  driver_chassis.o(i.Chassis_Limit_Power)
    Chassis_Limit_Rotor_Speed                0x08002425   Thumb Code   120  driver_chassis.o(i.Chassis_Limit_Rotor_Speed)
    Chassis_Scale_Rotor_Speed                0x080024a1   Thumb Code   114  driver_chassis.o(i.Chassis_Scale_Rotor_Speed)
    Chassis_Update                           0x08002513   Thumb Code    14  driver_chassis.o(i.Chassis_Update)
    DBUS_Init                                0x08002521   Thumb Code    28  driver_dbus.o(i.DBUS_Init)
    DBus_Update                              0x0800253d   Thumb Code   272  driver_dbus.o(i.DBus_Update)
    DMA_ClearFlag                            0x0800264d   Thumb Code    38  stm32f4xx_dma.o(i.DMA_ClearFlag)
    DMA_Cmd                                  0x08002681   Thumb Code    22  stm32f4xx_dma.o(i.DMA_Cmd)
    DMA_Disable                              0x08002699   Thumb Code    36  driver_bsp.o(i.DMA_Disable)
    DMA_Enable                               0x080026c1   Thumb Code    72  driver_bsp.o(i.DMA_Enable)
    DMA_GetCmdStatus                         0x0800270d   Thumb Code    20  stm32f4xx_dma.o(i.DMA_GetCmdStatus)
    DMA_GetCurrDataCounter                   0x08002721   Thumb Code     8  stm32f4xx_dma.o(i.DMA_GetCurrDataCounter)
    DMA_Get_Data_Counter                     0x08002729   Thumb Code    18  driver_bsp.o(i.DMA_Get_Data_Counter)
    DMA_Get_Stream                           0x0800273d   Thumb Code    30  driver_bsp.o(i.DMA_Get_Stream)
    DMA_Init                                 0x08002761   Thumb Code    82  stm32f4xx_dma.o(i.DMA_Init)
    DMA_SetCurrDataCounter                   0x080027b9   Thumb Code     4  stm32f4xx_dma.o(i.DMA_SetCurrDataCounter)
    DebugMon_Handler                         0x080027bd   Thumb Code     4  interrupt.o(i.DebugMon_Handler)
    Delay_Init                               0x080027c1   Thumb Code    76  delay.o(i.Delay_Init)
    EXTI9_5_IRQHandler                       0x08002815   Thumb Code    36  interrupt.o(i.EXTI9_5_IRQHandler)
    EXTI_ClearFlag                           0x0800283d   Thumb Code     6  stm32f4xx_exti.o(i.EXTI_ClearFlag)
    EXTI_ClearITPendingBit                   0x08002849   Thumb Code     6  stm32f4xx_exti.o(i.EXTI_ClearITPendingBit)
    EXTI_GetITStatus                         0x08002855   Thumb Code    20  stm32f4xx_exti.o(i.EXTI_GetITStatus)
    EXTI_Init                                0x0800286d   Thumb Code   142  stm32f4xx_exti.o(i.EXTI_Init)
    Filter_Apply_Limit_Breadth               0x08002901   Thumb Code   104  driver_filter.o(i.Filter_Apply_Limit_Breadth)
    Filter_Update                            0x08002969   Thumb Code   160  driver_filter.o(i.Filter_Update)
    FirstOrderLowPassFilter                  0x08002a0d   Thumb Code   126  vegmath.o(i.FirstOrderLowPassFilter)
    GPIO_Init                                0x08002a95   Thumb Code   144  stm32f4xx_gpio.o(i.GPIO_Init)
    GPIO_PinAFConfig                         0x08002b25   Thumb Code    70  stm32f4xx_gpio.o(i.GPIO_PinAFConfig)
    GPIO_ReadInputDataBit                    0x08002b6b   Thumb Code    18  stm32f4xx_gpio.o(i.GPIO_ReadInputDataBit)
    GPIO_ResetBits                           0x08002b7d   Thumb Code     4  stm32f4xx_gpio.o(i.GPIO_ResetBits)
    GPIO_SetBits                             0x08002b81   Thumb Code     4  stm32f4xx_gpio.o(i.GPIO_SetBits)
    Get_CRC16_Check_Sum                      0x08002b85   Thumb Code    52  vegmath.o(i.Get_CRC16_Check_Sum)
    Get_CRC8_Check_Sum                       0x08002bc1   Thumb Code    30  vegmath.o(i.Get_CRC8_Check_Sum)
    Gyroscope_Init                           0x08002be5   Thumb Code    76  driver_gyroscope.o(i.Gyroscope_Init)
    Gyroscope_Set_Bias                       0x08002c39   Thumb Code     8  driver_gyroscope.o(i.Gyroscope_Set_Bias)
    Gyroscope_Solve                          0x08002c41   Thumb Code  1140  driver_gyroscope.o(i.Gyroscope_Solve)
    Gyroscope_Update                         0x080030b5   Thumb Code   182  driver_gyroscope.o(i.Gyroscope_Update)
    HardFault_Handler                        0x08003175   Thumb Code     4  interrupt.o(i.HardFault_Handler)
    IIC_Ack                                  0x08003179   Thumb Code    66  mpu6500_i2c.o(i.IIC_Ack)
    IIC_Delay                                0x080031c5   Thumb Code    26  mpu6500_i2c.o(i.IIC_Delay)
    IIC_GPIO_Init                            0x080031e1   Thumb Code    16  mpu6500_i2c.o(i.IIC_GPIO_Init)
    IIC_ReadBit                              0x080031f9   Thumb Code    78  mpu6500_i2c.o(i.IIC_ReadBit)
    IIC_ReadData                             0x08003251   Thumb Code   152  mpu6500_i2c.o(i.IIC_ReadData)
    IIC_SDA_In                               0x0800330d   Thumb Code    40  mpu6500_i2c.o(i.IIC_SDA_In)
    IIC_SDA_Out                              0x08003339   Thumb Code    42  mpu6500_i2c.o(i.IIC_SDA_Out)
    IIC_Start                                0x08003369   Thumb Code    86  mpu6500_i2c.o(i.IIC_Start)
    IIC_Stop                                 0x080033e1   Thumb Code    44  mpu6500_i2c.o(i.IIC_Stop)
    IIC_WaitAck                              0x08003415   Thumb Code    74  mpu6500_i2c.o(i.IIC_WaitAck)
    IIC_WriteBit                             0x08003469   Thumb Code    86  mpu6500_i2c.o(i.IIC_WriteBit)
    IIC_WriteData                            0x080034c9   Thumb Code   106  mpu6500_i2c.o(i.IIC_WriteData)
    LED_Cancel_Warning                       0x08003565   Thumb Code     8  driver_bsp.o(i.LED_Cancel_Warning)
    LED_Init                                 0x08003571   Thumb Code   108  led.o(i.LED_Init)
    LED_Run_Horse_XP                         0x080035e5   Thumb Code   124  driver_bsp.o(i.LED_Run_Horse_XP)
    LED_Set_Progress                         0x0800366d   Thumb Code    42  driver_bsp.o(i.LED_Set_Progress)
    LED_Set_Row                              0x08003699   Thumb Code    34  driver_bsp.o(i.LED_Set_Row)
    LED_Set_Warning                          0x080036c1   Thumb Code    16  driver_bsp.o(i.LED_Set_Warning)
    LED_Task_Warning                         0x080036dd   Thumb Code    66  driver_bsp.o(i.LED_Task_Warning)
    MPU6500_EnableInt                        0x0800372d   Thumb Code    44  mpu6500_driver.o(i.MPU6500_EnableInt)
    MPU6500_Init                             0x08003759   Thumb Code   190  mpu6500_driver.o(i.MPU6500_Init)
    MPU6500_Initialize                       0x0800381d   Thumb Code    20  mpu6500_driver.o(i.MPU6500_Initialize)
    MadgwickAHRSupdateIMU                    0x08003831   Thumb Code   968  madgwickahrs.o(i.MadgwickAHRSupdateIMU)
    MemManage_Handler                        0x08003c11   Thumb Code     4  interrupt.o(i.MemManage_Handler)
    Motor_Init                               0x08003c15   Thumb Code    22  driver_motor.o(i.Motor_Init)
    Motor_Set_Angle_Bias                     0x08003c2b   Thumb Code    22  driver_motor.o(i.Motor_Set_Angle_Bias)
    Motor_Update                             0x08003c41   Thumb Code   514  driver_motor.o(i.Motor_Update)
    NMI_Handler                              0x08003e7d   Thumb Code     4  interrupt.o(i.NMI_Handler)
    NVIC_Init                                0x08003e81   Thumb Code   106  misc.o(i.NVIC_Init)
    NVIC_PriorityGroupConfig                 0x08003ef9   Thumb Code    10  misc.o(i.NVIC_PriorityGroupConfig)
    PID_Calculate                            0x08003f0d   Thumb Code   278  driver_pid.o(i.PID_Calculate)
    PID_Init                                 0x08004025   Thumb Code   102  driver_pid.o(i.PID_Init)
    PWM_Set_Compare                          0x08004091   Thumb Code     8  driver_bsp.o(i.PWM_Set_Compare)
    Protocol_Get_Info_Handle                 0x08004099   Thumb Code    62  driver_protocol.o(i.Protocol_Get_Info_Handle)
    Protocol_Init                            0x080040e1   Thumb Code    82  driver_protocol.o(i.Protocol_Init)
    Protocol_Pack                            0x0800413d   Thumb Code   336  driver_protocol.o(i.Protocol_Pack)
    Protocol_Unpack                          0x0800428d   Thumb Code   596  driver_protocol.o(i.Protocol_Unpack)
    RCC_AHB1PeriphClockCmd                   0x080044e1   Thumb Code    26  stm32f4xx_rcc.o(i.RCC_AHB1PeriphClockCmd)
    RCC_APB1PeriphClockCmd                   0x08004501   Thumb Code    26  stm32f4xx_rcc.o(i.RCC_APB1PeriphClockCmd)
    RCC_APB2PeriphClockCmd                   0x08004521   Thumb Code    26  stm32f4xx_rcc.o(i.RCC_APB2PeriphClockCmd)
    RCC_GetClocksFreq                        0x08004541   Thumb Code   214  stm32f4xx_rcc.o(i.RCC_GetClocksFreq)
    SYSCFG_EXTILineConfig                    0x08004629   Thumb Code    60  stm32f4xx_syscfg.o(i.SYSCFG_EXTILineConfig)
    SysTick_CLKSourceConfig                  0x08004789   Thumb Code    40  misc.o(i.SysTick_CLKSourceConfig)
    SysTick_Handler                          0x080047b1   Thumb Code    16  delay.o(i.SysTick_Handler)
    SystemInit                               0x080047c1   Thumb Code    88  system_stm32f4xx.o(i.SystemInit)
    TIM2_IRQHandler                          0x08004829   Thumb Code    40  interrupt.o(i.TIM2_IRQHandler)
    TIM_ARRPreloadConfig                     0x08004855   Thumb Code    24  stm32f4xx_tim.o(i.TIM_ARRPreloadConfig)
    TIM_ClearFlag                            0x0800486d   Thumb Code     6  stm32f4xx_tim.o(i.TIM_ClearFlag)
    TIM_ClearITPendingBit                    0x08004873   Thumb Code     6  stm32f4xx_tim.o(i.TIM_ClearITPendingBit)
    TIM_Cmd                                  0x08004879   Thumb Code    24  stm32f4xx_tim.o(i.TIM_Cmd)
    TIM_CtrlPWMOutputs                       0x08004891   Thumb Code    30  stm32f4xx_tim.o(i.TIM_CtrlPWMOutputs)
    TIM_GetITStatus                          0x080048af   Thumb Code    34  stm32f4xx_tim.o(i.TIM_GetITStatus)
    TIM_ITConfig                             0x080048d1   Thumb Code    18  stm32f4xx_tim.o(i.TIM_ITConfig)
    TIM_OC1Init                              0x080048e5   Thumb Code   114  stm32f4xx_tim.o(i.TIM_OC1Init)
    TIM_OC1PreloadConfig                     0x08004961   Thumb Code    18  stm32f4xx_tim.o(i.TIM_OC1PreloadConfig)
    TIM_OC2Init                              0x08004975   Thumb Code   154  stm32f4xx_tim.o(i.TIM_OC2Init)
    TIM_OC2PreloadConfig                     0x08004a19   Thumb Code    26  stm32f4xx_tim.o(i.TIM_OC2PreloadConfig)
    TIM_OC3Init                              0x08004a35   Thumb Code   150  stm32f4xx_tim.o(i.TIM_OC3Init)
    TIM_OC3PreloadConfig                     0x08004ad5   Thumb Code    18  stm32f4xx_tim.o(i.TIM_OC3PreloadConfig)
    TIM_OC4Init                              0x08004ae9   Thumb Code   112  stm32f4xx_tim.o(i.TIM_OC4Init)
    TIM_OC4PreloadConfig                     0x08004b61   Thumb Code    26  stm32f4xx_tim.o(i.TIM_OC4PreloadConfig)
    TIM_TimeBaseInit                         0x08004b7d   Thumb Code   104  stm32f4xx_tim.o(i.TIM_TimeBaseInit)
    Task_Blink                               0x08004c01   Thumb Code    24  tasks_1.o(i.Task_Blink)
    Task_Can_Send                            0x08004c19   Thumb Code    58  tasks_1.o(i.Task_Can_Send)
    Task_Chassis                             0x08004c65   Thumb Code  2986  tasks_1.o(i.Task_Chassis)
    Task_Control                             0x08005859   Thumb Code   300  tasks_1.o(i.Task_Control)
    Task_Fire_Frict                          0x080059b9   Thumb Code   566  tasks_1.o(i.Task_Fire_Frict)
    Task_Fire_Stir                           0x08005c49   Thumb Code   426  tasks_1.o(i.Task_Fire_Stir)
    Task_Gimbal                              0x08005e39   Thumb Code  1752  tasks_1.o(i.Task_Gimbal)
    Task_Host                                0x08006549   Thumb Code   228  tasks_1.o(i.Task_Host)
    Task_Send_Protocol                       0x08006649   Thumb Code    92  driver_bridge.o(i.Task_Send_Protocol)
    UART7_IRQHandler                         0x080066ad   Thumb Code    14  interrupt.o(i.UART7_IRQHandler)
    UART8_IRQHandler                         0x080066c1   Thumb Code    14  interrupt.o(i.UART8_IRQHandler)
    USART1_IRQHandler                        0x080066d5   Thumb Code    62  interrupt.o(i.USART1_IRQHandler)
    USART3_IRQHandler                        0x0800672d   Thumb Code    14  interrupt.o(i.USART3_IRQHandler)
    USART6_IRQHandler                        0x08006741   Thumb Code    14  interrupt.o(i.USART6_IRQHandler)
    USART_Cmd                                0x08006755   Thumb Code    24  stm32f4xx_usart.o(i.USART_Cmd)
    USART_DMACmd                             0x0800676d   Thumb Code    18  stm32f4xx_usart.o(i.USART_DMACmd)
    USART_ITConfig                           0x0800677f   Thumb Code    74  stm32f4xx_usart.o(i.USART_ITConfig)
    USART_Init                               0x080067c9   Thumb Code   204  stm32f4xx_usart.o(i.USART_Init)
    UsageFault_Handler                       0x0800689d   Thumb Code     4  interrupt.o(i.UsageFault_Handler)
    Verify_CRC16_Check_Sum                   0x080068a1   Thumb Code    56  vegmath.o(i.Verify_CRC16_Check_Sum)
    Verify_CRC8_Check_Sum                    0x080068d9   Thumb Code    44  vegmath.o(i.Verify_CRC8_Check_Sum)
    __ARM_fpclassify                         0x08006905   Thumb Code    48  fpclassify.o(i.__ARM_fpclassify)
    __hardfp_asin                            0x08006939   Thumb Code   770  asin.o(i.__hardfp_asin)
    __hardfp_atan                            0x08006c99   Thumb Code   622  atan.o(i.__hardfp_atan)
    __hardfp_atan2                           0x08006f71   Thumb Code   448  atan2.o(i.__hardfp_atan2)
    __hardfp_fabs                            0x08007171   Thumb Code    20  fabs.o(i.__hardfp_fabs)
    __hardfp_fmod                            0x08007185   Thumb Code   254  fmod.o(i.__hardfp_fmod)
    __hardfp_pow                             0x08007289   Thumb Code  3072  pow.o(i.__hardfp_pow)
    __kernel_poly                            0x08007ed9   Thumb Code   248  poly.o(i.__kernel_poly)
    __mathlib_dbl_divzero                    0x08007fd1   Thumb Code    28  dunder.o(i.__mathlib_dbl_divzero)
    __mathlib_dbl_infnan                     0x08008001   Thumb Code    20  dunder.o(i.__mathlib_dbl_infnan)
    __mathlib_dbl_infnan2                    0x08008015   Thumb Code    20  dunder.o(i.__mathlib_dbl_infnan2)
    __mathlib_dbl_invalid                    0x08008029   Thumb Code    24  dunder.o(i.__mathlib_dbl_invalid)
    __mathlib_dbl_overflow                   0x08008049   Thumb Code    24  dunder.o(i.__mathlib_dbl_overflow)
    __mathlib_dbl_underflow                  0x08008069   Thumb Code    24  dunder.o(i.__mathlib_dbl_underflow)
    _is_digit                                0x08008089   Thumb Code    14  __printf_wp.o(i._is_digit)
    atan                                     0x08008097   Thumb Code    16  atan.o(i.atan)
    cordic                                   0x080080a9   Thumb Code    96  vegmath.o(i.cordic)
    delay_ms                                 0x08008111   Thumb Code    62  delay.o(i.delay_ms)
    delay_us                                 0x08008155   Thumb Code    68  delay.o(i.delay_us)
    fabs                                     0x0800819d   Thumb Code    24  fabs.o(i.fabs)
    fputc                                    0x080081b5   Thumb Code    24  usart.o(i.fputc)
    invSqrt                                  0x080081d1   Thumb Code    56  madgwickahrs.o(i.invSqrt)
    main                                     0x0800820d   Thumb Code  1360  main.o(i.main)
    pvPortMalloc                             0x080090f5   Thumb Code   296  heap_4.o(i.pvPortMalloc)
    pvTaskIncrementMutexHeldCount            0x08009231   Thumb Code    26  tasks.o(i.pvTaskIncrementMutexHeldCount)
    pxPortInitialiseStack                    0x08009251   Thumb Code    38  port.o(i.pxPortInitialiseStack)
    sqrt                                     0x0800927d   Thumb Code   110  sqrt.o(i.sqrt)
    uxListRemove                             0x080092eb   Thumb Code    40  list.o(i.uxListRemove)
    vListInitialise                          0x08009313   Thumb Code    26  list.o(i.vListInitialise)
    vListInitialiseItem                      0x0800932d   Thumb Code     6  list.o(i.vListInitialiseItem)
    vListInsert                              0x08009333   Thumb Code    52  list.o(i.vListInsert)
    vListInsertEnd                           0x08009367   Thumb Code    24  list.o(i.vListInsertEnd)
    vPortEnterCritical                       0x08009381   Thumb Code    76  port.o(i.vPortEnterCritical)
    vPortExitCritical                        0x080093d5   Thumb Code    56  port.o(i.vPortExitCritical)
    vPortFree                                0x08009411   Thumb Code   140  heap_4.o(i.vPortFree)
    vPortSetupTimerInterrupt                 0x080094a5   Thumb Code    26  port.o(i.vPortSetupTimerInterrupt)
    vPortValidateInterruptPriority           0x080094c5   Thumb Code   106  port.o(i.vPortValidateInterruptPriority)
    vQueueAddToRegistry                      0x0800953d   Thumb Code    38  queue.o(i.vQueueAddToRegistry)
    vQueueWaitForMessageRestricted           0x08009569   Thumb Code    74  queue.o(i.vQueueWaitForMessageRestricted)
    vTaskDelay                               0x080095b5   Thumb Code    82  tasks.o(i.vTaskDelay)
    vTaskDelayUntil                          0x08009611   Thumb Code   200  tasks.o(i.vTaskDelayUntil)
    vTaskDelete                              0x080096e5   Thumb Code   202  tasks.o(i.vTaskDelete)
    vTaskMissedYield                         0x080097d9   Thumb Code     8  tasks.o(i.vTaskMissedYield)
    vTaskPlaceOnEventList                    0x080097e5   Thumb Code    52  tasks.o(i.vTaskPlaceOnEventList)
    vTaskPlaceOnEventListRestricted          0x0800981d   Thumb Code    60  tasks.o(i.vTaskPlaceOnEventListRestricted)
    vTaskPriorityInherit                     0x0800985d   Thumb Code   164  tasks.o(i.vTaskPriorityInherit)
    vTaskSetTimeOutState                     0x0800990d   Thumb Code    38  tasks.o(i.vTaskSetTimeOutState)
    vTaskStartScheduler                      0x0800993d   Thumb Code   122  tasks.o(i.vTaskStartScheduler)
    vTaskSuspendAll                          0x080099d9   Thumb Code    12  tasks.o(i.vTaskSuspendAll)
    vTaskSwitchContext                       0x080099e9   Thumb Code   170  tasks.o(i.vTaskSwitchContext)
    vegcos                                   0x08009ab5   Thumb Code    32  vegmath.o(i.vegcos)
    vegsin                                   0x08009ad9   Thumb Code   194  vegmath.o(i.vegsin)
    xPortStartScheduler                      0x08009bc1   Thumb Code   288  port.o(i.xPortStartScheduler)
    xPortSysTickHandler                      0x08009cfd   Thumb Code    46  port.o(i.xPortSysTickHandler)
    xQueueGenericCreate                      0x08009d31   Thumb Code    88  queue.o(i.xQueueGenericCreate)
    xQueueGenericReceive                     0x08009d89   Thumb Code   446  queue.o(i.xQueueGenericReceive)
    xQueueGenericReset                       0x08009f4d   Thumb Code   146  queue.o(i.xQueueGenericReset)
    xQueueGenericSend                        0x08009fe5   Thumb Code   420  queue.o(i.xQueueGenericSend)
    xQueueGenericSendFromISR                 0x0800a18d   Thumb Code   248  queue.o(i.xQueueGenericSendFromISR)
    xTaskCheckForTimeOut                     0x0800a285   Thumb Code   132  tasks.o(i.xTaskCheckForTimeOut)
    xTaskCreate                              0x0800a311   Thumb Code    96  tasks.o(i.xTaskCreate)
    xTaskGetSchedulerState                   0x0800a371   Thumb Code    24  tasks.o(i.xTaskGetSchedulerState)
    xTaskGetTickCount                        0x0800a391   Thumb Code     6  tasks.o(i.xTaskGetTickCount)
    xTaskIncrementTick                       0x0800a39d   Thumb Code   282  tasks.o(i.xTaskIncrementTick)
    xTaskPriorityDisinherit                  0x0800a4e5   Thumb Code   188  tasks.o(i.xTaskPriorityDisinherit)
    xTaskRemoveFromEventList                 0x0800a5ad   Thumb Code   128  tasks.o(i.xTaskRemoveFromEventList)
    xTaskResumeAll                           0x0800a645   Thumb Code   224  tasks.o(i.xTaskResumeAll)
    xTimerCreateTimerTask                    0x0800a749   Thumb Code    66  timers.o(i.xTimerCreateTimerTask)
    xTimerGenericCommand                     0x0800a7a1   Thumb Code   126  timers.o(i.xTimerGenericCommand)
    __aeabi_dneg                             0x0800a825   Thumb Code     0  basic.o(x$fpl$basic)
    _dneg                                    0x0800a825   Thumb Code     6  basic.o(x$fpl$basic)
    __aeabi_fneg                             0x0800a82b   Thumb Code     0  basic.o(x$fpl$basic)
    _fneg                                    0x0800a82b   Thumb Code     6  basic.o(x$fpl$basic)
    _dabs                                    0x0800a831   Thumb Code     6  basic.o(x$fpl$basic)
    _fabs                                    0x0800a837   Thumb Code     6  basic.o(x$fpl$basic)
    __aeabi_d2f                              0x0800a83d   Thumb Code     0  d2f.o(x$fpl$d2f)
    _d2f                                     0x0800a83d   Thumb Code    98  d2f.o(x$fpl$d2f)
    __aeabi_dadd                             0x0800a8a1   Thumb Code     0  daddsub_clz.o(x$fpl$dadd)
    _dadd                                    0x0800a8a1   Thumb Code   332  daddsub_clz.o(x$fpl$dadd)
    __fpl_dcheck_NaN1                        0x0800a9f1   Thumb Code    10  dcheck1.o(x$fpl$dcheck1)
    __fpl_dcmp_Inf                           0x0800aa01   Thumb Code    24  dcmpi.o(x$fpl$dcmpinf)
    __aeabi_ddiv                             0x0800aa19   Thumb Code     0  ddiv.o(x$fpl$ddiv)
    _ddiv                                    0x0800aa19   Thumb Code   552  ddiv.o(x$fpl$ddiv)
    __aeabi_cdcmpeq                          0x0800acc9   Thumb Code     0  deqf.o(x$fpl$deqf)
    _dcmpeq                                  0x0800acc9   Thumb Code   120  deqf.o(x$fpl$deqf)
    __aeabi_d2iz                             0x0800ad41   Thumb Code     0  dfix.o(x$fpl$dfix)
    _dfix                                    0x0800ad41   Thumb Code    94  dfix.o(x$fpl$dfix)
    __aeabi_d2uiz                            0x0800ada1   Thumb Code     0  dfixu.o(x$fpl$dfixu)
    _dfixu                                   0x0800ada1   Thumb Code    90  dfixu.o(x$fpl$dfixu)
    __aeabi_i2d                              0x0800adfb   Thumb Code     0  dflt_clz.o(x$fpl$dflt)
    _dflt                                    0x0800adfb   Thumb Code    46  dflt_clz.o(x$fpl$dflt)
    __aeabi_cdcmple                          0x0800ae29   Thumb Code     0  dleqf.o(x$fpl$dleqf)
    _dcmple                                  0x0800ae29   Thumb Code   120  dleqf.o(x$fpl$dleqf)
    __fpl_dcmple_InfNaN                      0x0800ae8b   Thumb Code     0  dleqf.o(x$fpl$dleqf)
    __aeabi_dmul                             0x0800aea1   Thumb Code     0  dmul.o(x$fpl$dmul)
    _dmul                                    0x0800aea1   Thumb Code   332  dmul.o(x$fpl$dmul)
    __fpl_dnaninf                            0x0800aff5   Thumb Code   156  dnaninf.o(x$fpl$dnaninf)
    _drem                                    0x0800b091   Thumb Code   328  drem_clz.o(x$fpl$drem)
    __fpl_dretinf                            0x0800b1e1   Thumb Code    12  dretinf.o(x$fpl$dretinf)
    __aeabi_cdrcmple                         0x0800b1ed   Thumb Code     0  drleqf.o(x$fpl$drleqf)
    _drcmple                                 0x0800b1ed   Thumb Code   108  drleqf.o(x$fpl$drleqf)
    __aeabi_drsub                            0x0800b259   Thumb Code     0  daddsub_clz.o(x$fpl$drsb)
    _drsb                                    0x0800b259   Thumb Code    22  daddsub_clz.o(x$fpl$drsb)
    _dsqrt                                   0x0800b271   Thumb Code   404  dsqrt_umaal.o(x$fpl$dsqrt)
    __aeabi_dsub                             0x0800b409   Thumb Code     0  daddsub_clz.o(x$fpl$dsub)
    _dsub                                    0x0800b409   Thumb Code   464  daddsub_clz.o(x$fpl$dsub)
    __aeabi_f2d                              0x0800b5dd   Thumb Code     0  f2d.o(x$fpl$f2d)
    _f2d                                     0x0800b5dd   Thumb Code    86  f2d.o(x$fpl$f2d)
    __fpl_fnaninf                            0x0800b633   Thumb Code   140  fnaninf.o(x$fpl$fnaninf)
    _fp_init                                 0x0800b6bf   Thumb Code    10  fpinit.o(x$fpl$fpinit)
    __fplib_config_fpu_vfp                   0x0800b6c7   Thumb Code     0  fpinit.o(x$fpl$fpinit)
    __fplib_config_pureend_doubles           0x0800b6c7   Thumb Code     0  fpinit.o(x$fpl$fpinit)
    __fpl_fretinf                            0x0800b6c9   Thumb Code    10  fretinf.o(x$fpl$fretinf)
    __fpl_return_NaN                         0x0800b6d3   Thumb Code   100  retnan.o(x$fpl$retnan)
    __ARM_scalbn                             0x0800b737   Thumb Code    92  scalbn.o(x$fpl$scalbn)
    __fpl_cmpreturn                          0x0800b793   Thumb Code    48  trapv.o(x$fpl$trapveneer)
    CRC8_INIT                                0x0800b7c2   Data           1  vegmath.o(.constdata)
    __I$use$fp                               0x0800b7c2   Number         0  usenofp.o(x$fpl$usenofp)
    CRC8_TAB                                 0x0800b7c3   Data         256  vegmath.o(.constdata)
    wCRC_Table                               0x0800b8c4   Data         512  vegmath.o(.constdata)
    __mathlib_zero                           0x0800bc60   Data           8  qnan.o(.constdata)
    Region$$Table$$Base                      0x0800bc68   Number         0  anon$$obj.o(Region$$Table)
    Region$$Table$$Limit                     0x0800bc88   Number         0  anon$$obj.o(Region$$Table)
    pxCurrentTCB                             0x20000010   Data           4  tasks.o(.data)
    beta                                     0x20000090   Data           4  madgwickahrs.o(.data)
    q0                                       0x20000094   Data           4  madgwickahrs.o(.data)
    q1                                       0x20000098   Data           4  madgwickahrs.o(.data)
    q2                                       0x2000009c   Data           4  madgwickahrs.o(.data)
    q3                                       0x200000a0   Data           4  madgwickahrs.o(.data)
    IMU_id                                   0x200000a4   Data           2  mpu6500_driver.o(.data)
    cordic_ctab                              0x200000a8   Data         128  vegmath.o(.data)
    CRC_INIT                                 0x20000128   Data           2  vegmath.o(.data)
    __stdout                                 0x2000012c   Data           4  usart.o(.data)
    Filter_Yaw                               0x20000164   Data          52  driver_gyroscope.o(.data)
    DMA_Table                                0x20000198   Data         360  driver_bsp.o(.data)
    LedWarningLock                           0x20000300   Data           1  driver_bsp.o(.data)
    LedWarningRow                            0x20000301   Data           1  driver_bsp.o(.data)
    LedWarningBlinkTimes                     0x20000302   Data           2  driver_bsp.o(.data)
    LedWarningLastWakeTime                   0x20000304   Data           2  driver_bsp.o(.data)
    ProtocolInfoList                         0x2000035b   Data        1020  driver_protocol.o(.data)
    ProtocolInfoListSize                     0x20000757   Data           1  driver_protocol.o(.data)
    SystemCoreClock                          0x200007d0   Data           4  system_stm32f4xx.o(.data)
    AHBPrescTable                            0x200007d4   Data          16  system_stm32f4xx.o(.data)
    Board_Id                                 0x20000823   Data           1  main.o(.data)
    Robot_Id                                 0x20000824   Data           1  main.o(.data)
    ulHighFrequencyTimerTicks                0x20000828   Data           4  main.o(.data)
    ControlMode                              0x2000082c   Data           1  main.o(.data)
    FrictEnabled                             0x2000082d   Data           1  main.o(.data)
    StirEnabled                              0x2000082e   Data           1  main.o(.data)
    MagzineOpened                            0x2000082f   Data           1  main.o(.data)
    FastShootMode                            0x20000830   Data           1  main.o(.data)
    PsAimEnabled                             0x20000831   Data           1  main.o(.data)
    PsShootEnabled                           0x20000832   Data           1  main.o(.data)
    SwingMode                                0x20000833   Data           1  main.o(.data)
    SafetyMode                               0x20000834   Data           1  main.o(.data)
    PigeonMode                               0x20000835   Data           1  main.o(.data)
    FastmoveMode                             0x20000836   Data           1  main.o(.data)
    FacingEnemyMode                          0x20000837   Data           1  main.o(.data)
    mouseData                                0x20000838   Data           8  main.o(.data)
    PigeonCurrent                            0x20000840   Data           1  main.o(.data)
    PigeonVoltage                            0x20000841   Data           1  main.o(.data)
    PigeonEnergy                             0x20000842   Data           1  main.o(.data)
    PigeonChargeEnable                       0x20000843   Data           1  main.o(.data)
    xQueueRegistry                           0x20000844   Data          64  queue.o(.bss)
    HostAutoaimData                          0x200135b0   Data           9  main.o(.bss)
    HostChassisData                          0x200135b9   Data          12  main.o(.bss)
    Motor_LF                                 0x200135c8   Data          44  main.o(.bss)
    Motor_RF                                 0x200135f4   Data          44  main.o(.bss)
    Motor_RB                                 0x20013620   Data          44  main.o(.bss)
    Motor_LB                                 0x2001364c   Data          44  main.o(.bss)
    Motor_LAJI                               0x20013678   Data          44  main.o(.bss)
    Motor_Yaw                                0x200136a4   Data          44  main.o(.bss)
    Motor_Pitch                              0x200136d0   Data          44  main.o(.bss)
    PID_Cloud_YawAngle                       0x200136fc   Data          60  main.o(.bss)
    PID_Cloud_YawSpeed                       0x20013738   Data          60  main.o(.bss)
    PID_Cloud_PitchAngle                     0x20013774   Data          60  main.o(.bss)
    PID_Cloud_PitchSpeed                     0x200137b0   Data          60  main.o(.bss)
    PID_Follow_Angle                         0x200137ec   Data          60  main.o(.bss)
    PID_Follow_Speed                         0x20013828   Data          60  main.o(.bss)
    remoteBuffer                             0x20013864   Data          19  main.o(.bss)
    remoteData                               0x20013878   Data          12  main.o(.bss)
    keyboardData                             0x20013884   Data          40  main.o(.bss)
    ImuData                                  0x200138ac   Data          44  main.o(.bss)
    Gyroscope_EulerData                      0x200138d8   Data          20  main.o(.bss)
    DebugData                                0x200138ec   Data          32  main.o(.bss)
    ChassisData                              0x2001390c   Data         120  main.o(.bss)
    PID_LFCM                                 0x20013984   Data          60  main.o(.bss)
    PID_LBCM                                 0x200139c0   Data          60  main.o(.bss)
    PID_RBCM                                 0x200139fc   Data          60  main.o(.bss)
    PID_RFCM                                 0x20013a38   Data          60  main.o(.bss)
    PID_YawAngle                             0x20013a74   Data          60  main.o(.bss)
    PID_YawSpeed                             0x20013ab0   Data          60  main.o(.bss)
    ProtocolData                             0x20013aec   Data         618  main.o(.bss)
    Node_Judge                               0x20013d56   Data         418  main.o(.bss)
    Node_Host                                0x20013ef8   Data         418  main.o(.bss)
    Node_Board                               0x2001409a   Data         418  main.o(.bss)
    PWM_Magazine_Servo                       0x2001423c   Data          36  main.o(.bss)
    Motor_Stir                               0x20014260   Data          44  main.o(.bss)
    Motor_FL                                 0x2001428c   Data          44  main.o(.bss)
    Motor_FR                                 0x200142b8   Data          44  main.o(.bss)
    PID_StirSpeed                            0x200142e4   Data          60  main.o(.bss)
    PID_StirAngle                            0x20014320   Data          60  main.o(.bss)
    PID_FireL                                0x2001435c   Data          60  main.o(.bss)
    PID_FireR                                0x20014398   Data          60  main.o(.bss)
    PWM_Test                                 0x200143d4   Data          36  main.o(.bss)
    BridgeData                               0x200143f8   Data         152  main.o(.bss)
    _random_number_data                      0x20014490   Data         228  rand.o(.bss)
    __libspace_start                         0x20014574   Data          96  libspace.o(.bss)
    __temporary_stack_top$libspace           0x200145d4   Data           0  libspace.o(.bss)



==============================================================================

Memory Map of the image

  Image Entry point : 0x080001ad

  Load Region LR_IROM1 (Base: 0x08000000, Size: 0x0000c4cc, Max: 0x00200000, ABSOLUTE, COMPRESSED[0x0000becc])

    Execution Region ER_IROM1 (Exec base: 0x08000000, Load base: 0x08000000, Size: 0x0000bc88, Max: 0x00200000, ABSOLUTE)

    Exec Addr    Load Addr    Size         Type   Attr      Idx    E Section Name        Object

    0x08000000   0x08000000   0x000001ac   Data   RO            3    RESET               startup_stm32f427xx.o
    0x080001ac   0x080001ac   0x00000008   Code   RO         5298  * !!!main             c_w.l(__main.o)
    0x080001b4   0x080001b4   0x00000034   Code   RO         5756    !!!scatter          c_w.l(__scatter.o)
    0x080001e8   0x080001e8   0x0000005a   Code   RO         5754    !!dczerorl2         c_w.l(__dczerorl2.o)
    0x08000242   0x08000242   0x00000002   PAD
    0x08000244   0x08000244   0x0000001c   Code   RO         5758    !!handler_zi        c_w.l(__scatter_zi.o)
    0x08000260   0x08000260   0x00000000   Code   RO         5276    .ARM.Collect$$_printf_percent$$00000000  c_w.l(_printf_percent.o)
    0x08000260   0x08000260   0x00000006   Code   RO         5272    .ARM.Collect$$_printf_percent$$0000000C  c_w.l(_printf_x.o)
    0x08000266   0x08000266   0x00000004   Code   RO         5468    .ARM.Collect$$_printf_percent$$00000017  c_w.l(_printf_percent_end.o)
    0x0800026a   0x0800026a   0x00000002   Code   RO         5687    .ARM.Collect$$libinit$$00000000  c_w.l(libinit.o)
    0x0800026c   0x0800026c   0x00000004   Code   RO         5471    .ARM.Collect$$libinit$$00000001  c_w.l(libinit2.o)
    0x08000270   0x08000270   0x00000000   Code   RO         5474    .ARM.Collect$$libinit$$00000004  c_w.l(libinit2.o)
    0x08000270   0x08000270   0x00000008   Code   RO         5475    .ARM.Collect$$libinit$$00000005  c_w.l(libinit2.o)
    0x08000278   0x08000278   0x00000000   Code   RO         5477    .ARM.Collect$$libinit$$0000000A  c_w.l(libinit2.o)
    0x08000278   0x08000278   0x00000000   Code   RO         5479    .ARM.Collect$$libinit$$0000000C  c_w.l(libinit2.o)
    0x08000278   0x08000278   0x00000004   Code   RO         5480    .ARM.Collect$$libinit$$0000000D  c_w.l(libinit2.o)
    0x0800027c   0x0800027c   0x00000000   Code   RO         5481    .ARM.Collect$$libinit$$0000000E  c_w.l(libinit2.o)
    0x0800027c   0x0800027c   0x00000000   Code   RO         5484    .ARM.Collect$$libinit$$00000011  c_w.l(libinit2.o)
    0x0800027c   0x0800027c   0x00000000   Code   RO         5486    .ARM.Collect$$libinit$$00000013  c_w.l(libinit2.o)
    0x0800027c   0x0800027c   0x00000000   Code   RO         5488    .ARM.Collect$$libinit$$00000015  c_w.l(libinit2.o)
    0x0800027c   0x0800027c   0x00000000   Code   RO         5490    .ARM.Collect$$libinit$$00000017  c_w.l(libinit2.o)
    0x0800027c   0x0800027c   0x00000000   Code   RO         5492    .ARM.Collect$$libinit$$00000019  c_w.l(libinit2.o)
    0x0800027c   0x0800027c   0x00000000   Code   RO         5494    .ARM.Collect$$libinit$$0000001B  c_w.l(libinit2.o)
    0x0800027c   0x0800027c   0x00000000   Code   RO         5496    .ARM.Collect$$libinit$$0000001D  c_w.l(libinit2.o)
    0x0800027c   0x0800027c   0x00000000   Code   RO         5498    .ARM.Collect$$libinit$$0000001F  c_w.l(libinit2.o)
    0x0800027c   0x0800027c   0x00000000   Code   RO         5500    .ARM.Collect$$libinit$$00000021  c_w.l(libinit2.o)
    0x0800027c   0x0800027c   0x00000000   Code   RO         5502    .ARM.Collect$$libinit$$00000023  c_w.l(libinit2.o)
    0x0800027c   0x0800027c   0x00000000   Code   RO         5504    .ARM.Collect$$libinit$$00000025  c_w.l(libinit2.o)
    0x0800027c   0x0800027c   0x00000000   Code   RO         5508    .ARM.Collect$$libinit$$0000002C  c_w.l(libinit2.o)
    0x0800027c   0x0800027c   0x00000000   Code   RO         5510    .ARM.Collect$$libinit$$0000002E  c_w.l(libinit2.o)
    0x0800027c   0x0800027c   0x00000000   Code   RO         5512    .ARM.Collect$$libinit$$00000030  c_w.l(libinit2.o)
    0x0800027c   0x0800027c   0x00000000   Code   RO         5514    .ARM.Collect$$libinit$$00000032  c_w.l(libinit2.o)
    0x0800027c   0x0800027c   0x00000002   Code   RO         5515    .ARM.Collect$$libinit$$00000033  c_w.l(libinit2.o)
    0x0800027e   0x0800027e   0x00000002   Code   RO         5751    .ARM.Collect$$libshutdown$$00000000  c_w.l(libshutdown.o)
    0x08000280   0x08000280   0x00000000   Code   RO         5703    .ARM.Collect$$libshutdown$$00000002  c_w.l(libshutdown2.o)
    0x08000280   0x08000280   0x00000000   Code   RO         5705    .ARM.Collect$$libshutdown$$00000004  c_w.l(libshutdown2.o)
    0x08000280   0x08000280   0x00000000   Code   RO         5707    .ARM.Collect$$libshutdown$$00000006  c_w.l(libshutdown2.o)
    0x08000280   0x08000280   0x00000000   Code   RO         5710    .ARM.Collect$$libshutdown$$00000009  c_w.l(libshutdown2.o)
    0x08000280   0x08000280   0x00000000   Code   RO         5713    .ARM.Collect$$libshutdown$$0000000C  c_w.l(libshutdown2.o)
    0x08000280   0x08000280   0x00000000   Code   RO         5715    .ARM.Collect$$libshutdown$$0000000E  c_w.l(libshutdown2.o)
    0x08000280   0x08000280   0x00000000   Code   RO         5718    .ARM.Collect$$libshutdown$$00000011  c_w.l(libshutdown2.o)
    0x08000280   0x08000280   0x00000002   Code   RO         5719    .ARM.Collect$$libshutdown$$00000012  c_w.l(libshutdown2.o)
    0x08000282   0x08000282   0x00000000   Code   RO         5422    .ARM.Collect$$rtentry$$00000000  c_w.l(__rtentry.o)
    0x08000282   0x08000282   0x00000000   Code   RO         5576    .ARM.Collect$$rtentry$$00000002  c_w.l(__rtentry2.o)
    0x08000282   0x08000282   0x00000006   Code   RO         5588    .ARM.Collect$$rtentry$$00000004  c_w.l(__rtentry4.o)
    0x08000288   0x08000288   0x00000000   Code   RO         5578    .ARM.Collect$$rtentry$$00000009  c_w.l(__rtentry2.o)
    0x08000288   0x08000288   0x00000004   Code   RO         5579    .ARM.Collect$$rtentry$$0000000A  c_w.l(__rtentry2.o)
    0x0800028c   0x0800028c   0x00000000   Code   RO         5581    .ARM.Collect$$rtentry$$0000000C  c_w.l(__rtentry2.o)
    0x0800028c   0x0800028c   0x00000008   Code   RO         5582    .ARM.Collect$$rtentry$$0000000D  c_w.l(__rtentry2.o)
    0x08000294   0x08000294   0x00000002   Code   RO         5692    .ARM.Collect$$rtexit$$00000000  c_w.l(rtexit.o)
    0x08000296   0x08000296   0x00000000   Code   RO         5725    .ARM.Collect$$rtexit$$00000002  c_w.l(rtexit2.o)
    0x08000296   0x08000296   0x00000004   Code   RO         5726    .ARM.Collect$$rtexit$$00000003  c_w.l(rtexit2.o)
    0x0800029a   0x0800029a   0x00000006   Code   RO         5727    .ARM.Collect$$rtexit$$00000004  c_w.l(rtexit2.o)
    0x080002a0   0x080002a0   0x000000b6   Code   RO         3519    .emb_text           port.o
    0x08000356   0x08000356   0x00000002   PAD
    0x08000358   0x08000358   0x00000034   Code   RO         5277    .emb_text           c_w.l(rand.o)
    0x0800038c   0x0800038c   0x00000000   Code   RO         5602    .emb_text           c_w.l(maybetermalloc1.o)
    0x0800038c   0x0800038c   0x00000040   Code   RO            4    .text               startup_stm32f427xx.o
    0x080003cc   0x080003cc   0x0000005e   Code   RO         5159    .text               c_w.l(h1_alloc.o)
    0x0800042a   0x0800042a   0x00000002   PAD
    0x0800042c   0x0800042c   0x00000018   Code   RO         5217    .text               c_w.l(noretval__2printf.o)
    0x08000444   0x08000444   0x00000028   Code   RO         5219    .text               c_w.l(noretval__2sprintf.o)
    0x0800046c   0x0800046c   0x0000004e   Code   RO         5223    .text               c_w.l(_printf_pad.o)
    0x080004ba   0x080004ba   0x00000002   PAD
    0x080004bc   0x080004bc   0x00000058   Code   RO         5232    .text               c_w.l(_printf_hex_int.o)
    0x08000514   0x08000514   0x0000010e   Code   RO         5258    .text               c_w.l(__printf_wp.o)
    0x08000622   0x08000622   0x00000002   PAD
    0x08000624   0x08000624   0x0000003c   Code   RO         5278    .text               c_w.l(rand.o)
    0x08000660   0x08000660   0x0000008a   Code   RO         5286    .text               c_w.l(rt_memcpy_v6.o)
    0x080006ea   0x080006ea   0x00000064   Code   RO         5288    .text               c_w.l(rt_memcpy_w.o)
    0x0800074e   0x0800074e   0x00000010   Code   RO         5290    .text               c_w.l(aeabi_memset.o)
    0x0800075e   0x0800075e   0x00000044   Code   RO         5292    .text               c_w.l(rt_memclr.o)
    0x080007a2   0x080007a2   0x0000004e   Code   RO         5294    .text               c_w.l(rt_memclr_w.o)
    0x080007f0   0x080007f0   0x00000006   Code   RO         5296    .text               c_w.l(heapauxi.o)
    0x080007f6   0x080007f6   0x00000002   PAD
    0x080007f8   0x080007f8   0x00000008   Code   RO         5426    .text               c_w.l(rt_heap_descriptor_intlibspace.o)
    0x08000800   0x08000800   0x00000004   Code   RO         5428    .text               c_w.l(hguard.o)
    0x08000804   0x08000804   0x0000008a   Code   RO         5430    .text               c_w.l(init_alloc.o)
    0x0800088e   0x0800088e   0x0000000e   Code   RO         5436    .text               c_w.l(h1_init.o)
    0x0800089c   0x0800089c   0x0000004e   Code   RO         5438    .text               c_w.l(h1_free.o)
    0x080008ea   0x080008ea   0x00000016   Code   RO         5454    .text               c_w.l(_rserrno.o)
    0x08000900   0x08000900   0x000000b2   Code   RO         5456    .text               c_w.l(_printf_intcommon.o)
    0x080009b2   0x080009b2   0x00000002   PAD
    0x080009b4   0x080009b4   0x00000030   Code   RO         5460    .text               c_w.l(_printf_char_common.o)
    0x080009e4   0x080009e4   0x0000000a   Code   RO         5462    .text               c_w.l(_sputc.o)
    0x080009ee   0x080009ee   0x00000002   PAD
    0x080009f0   0x080009f0   0x00000024   Code   RO         5466    .text               c_w.l(_printf_char_file.o)
    0x08000a14   0x08000a14   0x00000008   Code   RO         5572    .text               c_w.l(libspace.o)
    0x08000a1c   0x08000a1c   0x00000008   Code   RO         5598    .text               c_w.l(rt_errno_addr_intlibspace.o)
    0x08000a24   0x08000a24   0x00000034   Code   RO         5604    .text               c_w.l(h1_extend.o)
    0x08000a58   0x08000a58   0x00000008   Code   RO         5639    .text               c_w.l(ferror.o)
    0x08000a60   0x08000a60   0x0000000e   Code   RO         5646    .text               c_w.l(defsig_rtmem_outer.o)
    0x08000a6e   0x08000a6e   0x00000002   Code   RO         5661    .text               c_w.l(use_no_semi.o)
    0x08000a70   0x08000a70   0x00000000   Code   RO         5663    .text               c_w.l(indicate_semi.o)
    0x08000a70   0x08000a70   0x0000004a   Code   RO         5664    .text               c_w.l(sys_stackheap_outer.o)
    0x08000aba   0x08000aba   0x00000012   Code   RO         5670    .text               c_w.l(exit.o)
    0x08000acc   0x08000acc   0x0000000a   Code   RO         5672    .text               c_w.l(defsig_exit.o)
    0x08000ad6   0x08000ad6   0x00000002   PAD
    0x08000ad8   0x08000ad8   0x00000050   Code   RO         5674    .text               c_w.l(defsig_rtmem_inner.o)
    0x08000b28   0x08000b28   0x0000000c   Code   RO         5690    .text               c_w.l(sys_exit.o)
    0x08000b34   0x08000b34   0x00000032   Code   RO         5700    .text               c_w.l(defsig_general.o)
    0x08000b66   0x08000b66   0x0000000e   Code   RO         5722    .text               c_w.l(sys_wrch.o)
    0x08000b74   0x08000b74   0x000000a0   Code   RO         4458    i.BSP_Beep_Init     driver_bsp.o
    0x08000c14   0x08000c14   0x000001dc   Code   RO         4460    i.BSP_CAN_Init      driver_bsp.o
    0x08000df0   0x08000df0   0x000000b0   Code   RO         4461    i.BSP_DBUS_Init     driver_bsp.o
    0x08000ea0   0x08000ea0   0x000000c8   Code   RO         4462    i.BSP_DMA_Init      driver_bsp.o
    0x08000f68   0x08000f68   0x0000012c   Code   RO         4463    i.BSP_IMU_Init      driver_bsp.o
    0x08001094   0x08001094   0x00000040   Code   RO         4464    i.BSP_LED_Init      driver_bsp.o
    0x080010d4   0x080010d4   0x00000038   Code   RO         4465    i.BSP_Laser_Init    driver_bsp.o
    0x0800110c   0x0800110c   0x0000012c   Code   RO         4467    i.BSP_PWM_Init      driver_bsp.o
    0x08001238   0x08001238   0x00000068   Code   RO         4468    i.BSP_PWM_Set_Port  driver_bsp.o
    0x080012a0   0x080012a0   0x00000150   Code   RO         4469    i.BSP_Stone_Id_Init  driver_bsp.o
    0x080013f0   0x080013f0   0x000000a0   Code   RO         4470    i.BSP_TIM2_Init     driver_bsp.o
    0x08001490   0x08001490   0x00000044   Code   RO         4471    i.BSP_UART7_Init    driver_bsp.o
    0x080014d4   0x080014d4   0x00000040   Code   RO         4472    i.BSP_UART8_Init    driver_bsp.o
    0x08001514   0x08001514   0x000000d4   Code   RO         4477    i.BSP_USART_Init    driver_bsp.o
    0x080015e8   0x080015e8   0x00000054   Code   RO         4478    i.BSP_User_Power_Init  driver_bsp.o
    0x0800163c   0x0800163c   0x00000002   Code   RO         3843    i.Beep_Init         beep.o
    0x0800163e   0x0800163e   0x00000002   PAD
    0x08001640   0x08001640   0x000000a0   Code   RO         4826    i.Bridge_Bind       driver_bridge.o
    0x080016e0   0x080016e0   0x0000005a   Code   RO         4827    i.Bridge_Check_Motor_Watchdog  driver_bridge.o
    0x0800173a   0x0800173a   0x00000002   PAD
    0x0800173c   0x0800173c   0x000000a0   Code   RO         4828    i.Bridge_Receive_CAN  driver_bridge.o
    0x080017dc   0x080017dc   0x00000094   Code   RO         4829    i.Bridge_Receive_USART  driver_bridge.o
    0x08001870   0x08001870   0x00000130   Code   RO         4831    i.Bridge_Send_Motor  driver_bridge.o
    0x080019a0   0x080019a0   0x0000006c   Code   RO         4832    i.Bridge_Send_Protocol  driver_bridge.o
    0x08001a0c   0x08001a0c   0x00000098   Code   RO         4833    i.Bridge_Send_Protocol_Once  driver_bridge.o
    0x08001aa4   0x08001aa4   0x00000004   Code   RO         4936    i.BusFault_Handler  interrupt.o
    0x08001aa8   0x08001aa8   0x00000010   Code   RO         4937    i.CAN1_RX0_IRQHandler  interrupt.o
    0x08001ab8   0x08001ab8   0x00000010   Code   RO         4938    i.CAN2_RX0_IRQHandler  interrupt.o
    0x08001ac8   0x08001ac8   0x00000108   Code   RO          415    i.CAN_FilterInit    stm32f4xx_can.o
    0x08001bd0   0x08001bd0   0x00000012   Code   RO          421    i.CAN_ITConfig      stm32f4xx_can.o
    0x08001be2   0x08001be2   0x00000114   Code   RO          422    i.CAN_Init          stm32f4xx_can.o
    0x08001cf6   0x08001cf6   0x000000f0   Code   RO          425    i.CAN_Receive       stm32f4xx_can.o
    0x08001de6   0x08001de6   0x00000126   Code   RO          430    i.CAN_Transmit      stm32f4xx_can.o
    0x08001f0c   0x08001f0c   0x000000a0   Code   RO          431    i.CAN_TransmitStatus  stm32f4xx_can.o
    0x08001fac   0x08001fac   0x00000080   Code   RO         4042    i.Can_Send          driver_can.o
    0x0800202c   0x0800202c   0x0000009a   Code   RO         4043    i.Can_Send_Msg      driver_can.o
    0x080020c6   0x080020c6   0x00000002   PAD
    0x080020c8   0x080020c8   0x000000bc   Code   RO         4241    i.Chassis_Calculate_Rotor_Speed  driver_chassis.o
    0x08002184   0x08002184   0x00000072   Code   RO         4242    i.Chassis_Fix       driver_chassis.o
    0x080021f6   0x080021f6   0x00000002   PAD
    0x080021f8   0x080021f8   0x00000084   Code   RO         4243    i.Chassis_Init      driver_chassis.o
    0x0800227c   0x0800227c   0x000001a8   Code   RO         4244    i.Chassis_Limit_Power  driver_chassis.o
    0x08002424   0x08002424   0x0000007c   Code   RO         4245    i.Chassis_Limit_Rotor_Speed  driver_chassis.o
    0x080024a0   0x080024a0   0x00000072   Code   RO         4246    i.Chassis_Scale_Rotor_Speed  driver_chassis.o
    0x08002512   0x08002512   0x0000000e   Code   RO         4247    i.Chassis_Update    driver_chassis.o
    0x08002520   0x08002520   0x0000001c   Code   RO         4071    i.DBUS_Init         driver_dbus.o
    0x0800253c   0x0800253c   0x00000110   Code   RO         4072    i.DBus_Update       driver_dbus.o
    0x0800264c   0x0800264c   0x00000034   Code   RO          572    i.DMA_ClearFlag     stm32f4xx_dma.o
    0x08002680   0x08002680   0x00000016   Code   RO          574    i.DMA_Cmd           stm32f4xx_dma.o
    0x08002696   0x08002696   0x00000002   PAD
    0x08002698   0x08002698   0x00000028   Code   RO         4479    i.DMA_Disable       driver_bsp.o
    0x080026c0   0x080026c0   0x0000004c   Code   RO         4480    i.DMA_Enable        driver_bsp.o
    0x0800270c   0x0800270c   0x00000014   Code   RO          579    i.DMA_GetCmdStatus  stm32f4xx_dma.o
    0x08002720   0x08002720   0x00000008   Code   RO          580    i.DMA_GetCurrDataCounter  stm32f4xx_dma.o
    0x08002728   0x08002728   0x00000012   Code   RO         4481    i.DMA_Get_Data_Counter  driver_bsp.o
    0x0800273a   0x0800273a   0x00000002   PAD
    0x0800273c   0x0800273c   0x00000024   Code   RO         4482    i.DMA_Get_Stream    driver_bsp.o
    0x08002760   0x08002760   0x00000058   Code   RO          586    i.DMA_Init          stm32f4xx_dma.o
    0x080027b8   0x080027b8   0x00000004   Code   RO          589    i.DMA_SetCurrDataCounter  stm32f4xx_dma.o
    0x080027bc   0x080027bc   0x00000004   Code   RO         4939    i.DebugMon_Handler  interrupt.o
    0x080027c0   0x080027c0   0x00000054   Code   RO         3598    i.Delay_Init        delay.o
    0x08002814   0x08002814   0x00000028   Code   RO         4940    i.EXTI9_5_IRQHandler  interrupt.o
    0x0800283c   0x0800283c   0x0000000c   Code   RO          828    i.EXTI_ClearFlag    stm32f4xx_exti.o
    0x08002848   0x08002848   0x0000000c   Code   RO          829    i.EXTI_ClearITPendingBit  stm32f4xx_exti.o
    0x08002854   0x08002854   0x00000018   Code   RO          833    i.EXTI_GetITStatus  stm32f4xx_exti.o
    0x0800286c   0x0800286c   0x00000094   Code   RO          834    i.EXTI_Init         stm32f4xx_exti.o
    0x08002900   0x08002900   0x00000068   Code   RO         4363    i.Filter_Apply_Limit_Breadth  driver_filter.o
    0x08002968   0x08002968   0x000000a4   Code   RO         4364    i.Filter_Update     driver_filter.o
    0x08002a0c   0x08002a0c   0x00000088   Code   RO         3923    i.FirstOrderLowPassFilter  vegmath.o
    0x08002a94   0x08002a94   0x00000090   Code   RO         1145    i.GPIO_Init         stm32f4xx_gpio.o
    0x08002b24   0x08002b24   0x00000046   Code   RO         1146    i.GPIO_PinAFConfig  stm32f4xx_gpio.o
    0x08002b6a   0x08002b6a   0x00000012   Code   RO         1149    i.GPIO_ReadInputDataBit  stm32f4xx_gpio.o
    0x08002b7c   0x08002b7c   0x00000004   Code   RO         1152    i.GPIO_ResetBits    stm32f4xx_gpio.o
    0x08002b80   0x08002b80   0x00000004   Code   RO         1153    i.GPIO_SetBits      stm32f4xx_gpio.o
    0x08002b84   0x08002b84   0x0000003c   Code   RO         3924    i.Get_CRC16_Check_Sum  vegmath.o
    0x08002bc0   0x08002bc0   0x00000024   Code   RO         3925    i.Get_CRC8_Check_Sum  vegmath.o
    0x08002be4   0x08002be4   0x00000054   Code   RO         4402    i.Gyroscope_Init    driver_gyroscope.o
    0x08002c38   0x08002c38   0x00000008   Code   RO         4403    i.Gyroscope_Set_Bias  driver_gyroscope.o
    0x08002c40   0x08002c40   0x00000474   Code   RO         4404    i.Gyroscope_Solve   driver_gyroscope.o
    0x080030b4   0x080030b4   0x000000c0   Code   RO         4405    i.Gyroscope_Update  driver_gyroscope.o
    0x08003174   0x08003174   0x00000004   Code   RO         4941    i.HardFault_Handler  interrupt.o
    0x08003178   0x08003178   0x0000004c   Code   RO         3754    i.IIC_Ack           mpu6500_i2c.o
    0x080031c4   0x080031c4   0x0000001a   Code   RO         3755    i.IIC_Delay         mpu6500_i2c.o
    0x080031de   0x080031de   0x00000002   PAD
    0x080031e0   0x080031e0   0x00000018   Code   RO         3756    i.IIC_GPIO_Init     mpu6500_i2c.o
    0x080031f8   0x080031f8   0x00000058   Code   RO         3757    i.IIC_ReadBit       mpu6500_i2c.o
    0x08003250   0x08003250   0x000000bc   Code   RO         3758    i.IIC_ReadData      mpu6500_i2c.o
    0x0800330c   0x0800330c   0x0000002c   Code   RO         3759    i.IIC_SDA_In        mpu6500_i2c.o
    0x08003338   0x08003338   0x00000030   Code   RO         3760    i.IIC_SDA_Out       mpu6500_i2c.o
    0x08003368   0x08003368   0x00000078   Code   RO         3761    i.IIC_Start         mpu6500_i2c.o
    0x080033e0   0x080033e0   0x00000034   Code   RO         3762    i.IIC_Stop          mpu6500_i2c.o
    0x08003414   0x08003414   0x00000054   Code   RO         3763    i.IIC_WaitAck       mpu6500_i2c.o
    0x08003468   0x08003468   0x00000060   Code   RO         3764    i.IIC_WriteBit      mpu6500_i2c.o
    0x080034c8   0x080034c8   0x0000009c   Code   RO         3765    i.IIC_WriteData     mpu6500_i2c.o
    0x08003564   0x08003564   0x0000000c   Code   RO         4485    i.LED_Cancel_Warning  driver_bsp.o
    0x08003570   0x08003570   0x00000074   Code   RO         3898    i.LED_Init          led.o
    0x080035e4   0x080035e4   0x00000088   Code   RO         4487    i.LED_Run_Horse_XP  driver_bsp.o
    0x0800366c   0x0800366c   0x0000002a   Code   RO         4490    i.LED_Set_Progress  driver_bsp.o
    0x08003696   0x08003696   0x00000002   PAD
    0x08003698   0x08003698   0x00000028   Code   RO         4491    i.LED_Set_Row       driver_bsp.o
    0x080036c0   0x080036c0   0x0000001c   Code   RO         4492    i.LED_Set_Warning   driver_bsp.o
    0x080036dc   0x080036dc   0x00000050   Code   RO         4493    i.LED_Task_Warning  driver_bsp.o
    0x0800372c   0x0800372c   0x0000002c   Code   RO         3706    i.MPU6500_EnableInt  mpu6500_driver.o
    0x08003758   0x08003758   0x000000c4   Code   RO         3707    i.MPU6500_Init      mpu6500_driver.o
    0x0800381c   0x0800381c   0x00000014   Code   RO         3708    i.MPU6500_Initialize  mpu6500_driver.o
    0x08003830   0x08003830   0x000003e0   Code   RO         3665    i.MadgwickAHRSupdateIMU  madgwickahrs.o
    0x08003c10   0x08003c10   0x00000004   Code   RO         4942    i.MemManage_Handler  interrupt.o
    0x08003c14   0x08003c14   0x00000016   Code   RO         4331    i.Motor_Init        driver_motor.o
    0x08003c2a   0x08003c2a   0x00000016   Code   RO         4332    i.Motor_Set_Angle_Bias  driver_motor.o
    0x08003c40   0x08003c40   0x0000023c   Code   RO         4333    i.Motor_Update      driver_motor.o
    0x08003e7c   0x08003e7c   0x00000004   Code   RO         4943    i.NMI_Handler       interrupt.o
    0x08003e80   0x08003e80   0x00000078   Code   RO           12    i.NVIC_Init         misc.o
    0x08003ef8   0x08003ef8   0x00000014   Code   RO           13    i.NVIC_PriorityGroupConfig  misc.o
    0x08003f0c   0x08003f0c   0x00000116   Code   RO         4107    i.PID_Calculate     driver_pid.o
    0x08004022   0x08004022   0x00000002   PAD
    0x08004024   0x08004024   0x0000006c   Code   RO         4109    i.PID_Init          driver_pid.o
    0x08004090   0x08004090   0x00000008   Code   RO         4494    i.PWM_Set_Compare   driver_bsp.o
    0x08004098   0x08004098   0x00000048   Code   RO         4722    i.Protocol_Get_Info_Handle  driver_protocol.o
    0x080040e0   0x080040e0   0x0000005c   Code   RO         4723    i.Protocol_Init     driver_protocol.o
    0x0800413c   0x0800413c   0x00000150   Code   RO         4724    i.Protocol_Pack     driver_protocol.o
    0x0800428c   0x0800428c   0x00000254   Code   RO         4725    i.Protocol_Unpack   driver_protocol.o
    0x080044e0   0x080044e0   0x00000020   Code   RO         1242    i.RCC_AHB1PeriphClockCmd  stm32f4xx_rcc.o
    0x08004500   0x08004500   0x00000020   Code   RO         1251    i.RCC_APB1PeriphClockCmd  stm32f4xx_rcc.o
    0x08004520   0x08004520   0x00000020   Code   RO         1254    i.RCC_APB2PeriphClockCmd  stm32f4xx_rcc.o
    0x08004540   0x08004540   0x000000e8   Code   RO         1263    i.RCC_GetClocksFreq  stm32f4xx_rcc.o
    0x08004628   0x08004628   0x00000040   Code   RO         1579    i.SYSCFG_EXTILineConfig  stm32f4xx_syscfg.o
    0x08004668   0x08004668   0x00000120   Code   RO         4899    i.SetSysClock       system_stm32f4xx.o
    0x08004788   0x08004788   0x00000028   Code   RO           16    i.SysTick_CLKSourceConfig  misc.o
    0x080047b0   0x080047b0   0x00000010   Code   RO         3599    i.SysTick_Handler   delay.o
    0x080047c0   0x080047c0   0x00000068   Code   RO         4901    i.SystemInit        system_stm32f4xx.o
    0x08004828   0x08004828   0x0000002c   Code   RO         4944    i.TIM2_IRQHandler   interrupt.o
    0x08004854   0x08004854   0x00000018   Code   RO         1636    i.TIM_ARRPreloadConfig  stm32f4xx_tim.o
    0x0800486c   0x0800486c   0x00000006   Code   RO         1642    i.TIM_ClearFlag     stm32f4xx_tim.o
    0x08004872   0x08004872   0x00000006   Code   RO         1643    i.TIM_ClearITPendingBit  stm32f4xx_tim.o
    0x08004878   0x08004878   0x00000018   Code   RO         1648    i.TIM_Cmd           stm32f4xx_tim.o
    0x08004890   0x08004890   0x0000001e   Code   RO         1650    i.TIM_CtrlPWMOutputs  stm32f4xx_tim.o
    0x080048ae   0x080048ae   0x00000022   Code   RO         1669    i.TIM_GetITStatus   stm32f4xx_tim.o
    0x080048d0   0x080048d0   0x00000012   Code   RO         1673    i.TIM_ITConfig      stm32f4xx_tim.o
    0x080048e2   0x080048e2   0x00000002   PAD
    0x080048e4   0x080048e4   0x0000007c   Code   RO         1677    i.TIM_OC1Init       stm32f4xx_tim.o
    0x08004960   0x08004960   0x00000012   Code   RO         1680    i.TIM_OC1PreloadConfig  stm32f4xx_tim.o
    0x08004972   0x08004972   0x00000002   PAD
    0x08004974   0x08004974   0x000000a4   Code   RO         1682    i.TIM_OC2Init       stm32f4xx_tim.o
    0x08004a18   0x08004a18   0x0000001a   Code   RO         1685    i.TIM_OC2PreloadConfig  stm32f4xx_tim.o
    0x08004a32   0x08004a32   0x00000002   PAD
    0x08004a34   0x08004a34   0x000000a0   Code   RO         1687    i.TIM_OC3Init       stm32f4xx_tim.o
    0x08004ad4   0x08004ad4   0x00000012   Code   RO         1690    i.TIM_OC3PreloadConfig  stm32f4xx_tim.o
    0x08004ae6   0x08004ae6   0x00000002   PAD
    0x08004ae8   0x08004ae8   0x00000078   Code   RO         1692    i.TIM_OC4Init       stm32f4xx_tim.o
    0x08004b60   0x08004b60   0x0000001a   Code   RO         1694    i.TIM_OC4PreloadConfig  stm32f4xx_tim.o
    0x08004b7a   0x08004b7a   0x00000002   PAD
    0x08004b7c   0x08004b7c   0x00000084   Code   RO         1720    i.TIM_TimeBaseInit  stm32f4xx_tim.o
    0x08004c00   0x08004c00   0x00000018   Code   RO         5081    i.Task_Blink        tasks_1.o
    0x08004c18   0x08004c18   0x0000004c   Code   RO         5082    i.Task_Can_Send     tasks_1.o
    0x08004c64   0x08004c64   0x00000bf4   Code   RO         5083    i.Task_Chassis      tasks_1.o
    0x08005858   0x08005858   0x00000160   Code   RO         5084    i.Task_Control      tasks_1.o
    0x080059b8   0x080059b8   0x00000290   Code   RO         5085    i.Task_Fire_Frict   tasks_1.o
    0x08005c48   0x08005c48   0x000001f0   Code   RO         5086    i.Task_Fire_Stir    tasks_1.o
    0x08005e38   0x08005e38   0x00000710   Code   RO         5087    i.Task_Gimbal       tasks_1.o
    0x08006548   0x08006548   0x00000100   Code   RO         5088    i.Task_Host         tasks_1.o
    0x08006648   0x08006648   0x00000064   Code   RO         4834    i.Task_Send_Protocol  driver_bridge.o
    0x080066ac   0x080066ac   0x00000014   Code   RO         4945    i.UART7_IRQHandler  interrupt.o
    0x080066c0   0x080066c0   0x00000014   Code   RO         4946    i.UART8_IRQHandler  interrupt.o
    0x080066d4   0x080066d4   0x00000058   Code   RO         4947    i.USART1_IRQHandler  interrupt.o
    0x0800672c   0x0800672c   0x00000014   Code   RO         4948    i.USART3_IRQHandler  interrupt.o
    0x08006740   0x08006740   0x00000014   Code   RO         4949    i.USART6_IRQHandler  interrupt.o
    0x08006754   0x08006754   0x00000018   Code   RO         2198    i.USART_Cmd         stm32f4xx_usart.o
    0x0800676c   0x0800676c   0x00000012   Code   RO         2199    i.USART_DMACmd      stm32f4xx_usart.o
    0x0800677e   0x0800677e   0x0000004a   Code   RO         2204    i.USART_ITConfig    stm32f4xx_usart.o
    0x080067c8   0x080067c8   0x000000d4   Code   RO         2205    i.USART_Init        stm32f4xx_usart.o
    0x0800689c   0x0800689c   0x00000004   Code   RO         4950    i.UsageFault_Handler  interrupt.o
    0x080068a0   0x080068a0   0x00000038   Code   RO         3926    i.Verify_CRC16_Check_Sum  vegmath.o
    0x080068d8   0x080068d8   0x0000002c   Code   RO         3927    i.Verify_CRC8_Check_Sum  vegmath.o
    0x08006904   0x08006904   0x00000030   Code   RO         5565    i.__ARM_fpclassify  m_wm.l(fpclassify.o)
    0x08006934   0x08006934   0x00000004   PAD
    0x08006938   0x08006938   0x00000360   Code   RO         5336    i.__hardfp_asin     m_wm.l(asin.o)
    0x08006c98   0x08006c98   0x000002d8   Code   RO         5537    i.__hardfp_atan     m_wm.l(atan.o)
    0x08006f70   0x08006f70   0x00000200   Code   RO         5350    i.__hardfp_atan2    m_wm.l(atan2.o)
    0x08007170   0x08007170   0x00000014   Code   RO         5376    i.__hardfp_fabs     m_wm.l(fabs.o)
    0x08007184   0x08007184   0x00000104   Code   RO         5382    i.__hardfp_fmod     m_wm.l(fmod.o)
    0x08007288   0x08007288   0x00000c50   Code   RO         5394    i.__hardfp_pow      m_wm.l(pow.o)
    0x08007ed8   0x08007ed8   0x000000f8   Code   RO         5567    i.__kernel_poly     m_wm.l(poly.o)
    0x08007fd0   0x08007fd0   0x00000030   Code   RO         5551    i.__mathlib_dbl_divzero  m_wm.l(dunder.o)
    0x08008000   0x08008000   0x00000014   Code   RO         5552    i.__mathlib_dbl_infnan  m_wm.l(dunder.o)
    0x08008014   0x08008014   0x00000014   Code   RO         5553    i.__mathlib_dbl_infnan2  m_wm.l(dunder.o)
    0x08008028   0x08008028   0x00000020   Code   RO         5554    i.__mathlib_dbl_invalid  m_wm.l(dunder.o)
    0x08008048   0x08008048   0x00000020   Code   RO         5555    i.__mathlib_dbl_overflow  m_wm.l(dunder.o)
    0x08008068   0x08008068   0x00000020   Code   RO         5557    i.__mathlib_dbl_underflow  m_wm.l(dunder.o)
    0x08008088   0x08008088   0x0000000e   Code   RO         5260    i._is_digit         c_w.l(__printf_wp.o)
    0x08008096   0x08008096   0x00000010   Code   RO         5539    i.atan              m_wm.l(atan.o)
    0x080080a6   0x080080a6   0x00000002   PAD
    0x080080a8   0x080080a8   0x00000068   Code   RO         3928    i.cordic            vegmath.o
    0x08008110   0x08008110   0x00000044   Code   RO         3600    i.delay_ms          delay.o
    0x08008154   0x08008154   0x00000048   Code   RO         3601    i.delay_us          delay.o
    0x0800819c   0x0800819c   0x00000018   Code   RO         5378    i.fabs              m_wm.l(fabs.o)
    0x080081b4   0x080081b4   0x0000001c   Code   RO         4009    i.fputc             usart.o
    0x080081d0   0x080081d0   0x0000003c   Code   RO         3666    i.invSqrt           madgwickahrs.o
    0x0800820c   0x0800820c   0x00000564   Code   RO         5048    i.main              main.o
    0x08008770   0x08008770   0x00000098   Code   RO         2982    i.prvAddCurrentTaskToDelayedList  tasks.o
    0x08008808   0x08008808   0x000000b8   Code   RO         2983    i.prvAddNewTaskToReadyList  tasks.o
    0x080088c0   0x080088c0   0x00000064   Code   RO         3340    i.prvCheckForValidListAndQueue  timers.o
    0x08008924   0x08008924   0x00000064   Code   RO         2984    i.prvCheckTasksWaitingTermination  tasks.o
    0x08008988   0x08008988   0x0000002a   Code   RO         2781    i.prvCopyDataFromQueue  queue.o
    0x080089b2   0x080089b2   0x0000007c   Code   RO         2782    i.prvCopyDataToQueue  queue.o
    0x08008a2e   0x08008a2e   0x00000012   Code   RO         2985    i.prvDeleteTCB      tasks.o
    0x08008a40   0x08008a40   0x00000028   Code   RO         3341    i.prvGetNextExpireTime  timers.o
    0x08008a68   0x08008a68   0x0000007c   Code   RO         3470    i.prvHeapInit       heap_4.o
    0x08008ae4   0x08008ae4   0x00000028   Code   RO         2986    i.prvIdleTask       tasks.o
    0x08008b0c   0x08008b0c   0x0000002a   Code   RO         2784    i.prvInitialiseNewQueue  queue.o
    0x08008b36   0x08008b36   0x000000b6   Code   RO         2987    i.prvInitialiseNewTask  tasks.o
    0x08008bec   0x08008bec   0x00000068   Code   RO         2988    i.prvInitialiseTaskLists  tasks.o
    0x08008c54   0x08008c54   0x00000068   Code   RO         3471    i.prvInsertBlockIntoFreeList  heap_4.o
    0x08008cbc   0x08008cbc   0x00000058   Code   RO         3343    i.prvInsertTimerInActiveList  timers.o
    0x08008d14   0x08008d14   0x0000001a   Code   RO         2785    i.prvIsQueueEmpty   queue.o
    0x08008d2e   0x08008d2e   0x0000001e   Code   RO         2786    i.prvIsQueueFull    queue.o
    0x08008d4c   0x08008d4c   0x00000064   Code   RO         3344    i.prvProcessExpiredTimer  timers.o
    0x08008db0   0x08008db0   0x000000f8   Code   RO         3345    i.prvProcessReceivedCommands  timers.o
    0x08008ea8   0x08008ea8   0x00000074   Code   RO         3346    i.prvProcessTimerOrBlockTask  timers.o
    0x08008f1c   0x08008f1c   0x00000034   Code   RO         2990    i.prvResetNextTaskUnblockTime  tasks.o
    0x08008f50   0x08008f50   0x0000002c   Code   RO         3347    i.prvSampleTimeNow  timers.o
    0x08008f7c   0x08008f7c   0x000000a0   Code   RO         3348    i.prvSwitchTimerLists  timers.o
    0x0800901c   0x0800901c   0x00000040   Code   RO         3520    i.prvTaskExitError  port.o
    0x0800905c   0x0800905c   0x0000001a   Code   RO         3349    i.prvTimerTask      timers.o
    0x08009076   0x08009076   0x0000007e   Code   RO         2787    i.prvUnlockQueue    queue.o
    0x080090f4   0x080090f4   0x0000013c   Code   RO         3472    i.pvPortMalloc      heap_4.o
    0x08009230   0x08009230   0x00000020   Code   RO         2994    i.pvTaskIncrementMutexHeldCount  tasks.o
    0x08009250   0x08009250   0x0000002c   Code   RO         3521    i.pxPortInitialiseStack  port.o
    0x0800927c   0x0800927c   0x0000006e   Code   RO         5410    i.sqrt              m_wm.l(sqrt.o)
    0x080092ea   0x080092ea   0x00000028   Code   RO         2744    i.uxListRemove      list.o
    0x08009312   0x08009312   0x0000001a   Code   RO         2745    i.vListInitialise   list.o
    0x0800932c   0x0800932c   0x00000006   Code   RO         2746    i.vListInitialiseItem  list.o
    0x08009332   0x08009332   0x00000034   Code   RO         2747    i.vListInsert       list.o
    0x08009366   0x08009366   0x00000018   Code   RO         2748    i.vListInsertEnd    list.o
    0x0800937e   0x0800937e   0x00000002   PAD
    0x08009380   0x08009380   0x00000054   Code   RO         3523    i.vPortEnterCritical  port.o
    0x080093d4   0x080093d4   0x0000003c   Code   RO         3524    i.vPortExitCritical  port.o
    0x08009410   0x08009410   0x00000094   Code   RO         3473    i.vPortFree         heap_4.o
    0x080094a4   0x080094a4   0x00000020   Code   RO         3525    i.vPortSetupTimerInterrupt  port.o
    0x080094c4   0x080094c4   0x00000078   Code   RO         3526    i.vPortValidateInterruptPriority  port.o
    0x0800953c   0x0800953c   0x0000002c   Code   RO         2793    i.vQueueAddToRegistry  queue.o
    0x08009568   0x08009568   0x0000004a   Code   RO         2797    i.vQueueWaitForMessageRestricted  queue.o
    0x080095b2   0x080095b2   0x00000002   PAD
    0x080095b4   0x080095b4   0x0000005c   Code   RO         3002    i.vTaskDelay        tasks.o
    0x08009610   0x08009610   0x000000d4   Code   RO         3003    i.vTaskDelayUntil   tasks.o
    0x080096e4   0x080096e4   0x000000f4   Code   RO         3004    i.vTaskDelete       tasks.o
    0x080097d8   0x080097d8   0x0000000c   Code   RO         3009    i.vTaskMissedYield  tasks.o
    0x080097e4   0x080097e4   0x00000038   Code   RO         3011    i.vTaskPlaceOnEventList  tasks.o
    0x0800981c   0x0800981c   0x00000040   Code   RO         3012    i.vTaskPlaceOnEventListRestricted  tasks.o
    0x0800985c   0x0800985c   0x000000b0   Code   RO         3014    i.vTaskPriorityInherit  tasks.o
    0x0800990c   0x0800990c   0x00000030   Code   RO         3018    i.vTaskSetTimeOutState  tasks.o
    0x0800993c   0x0800993c   0x0000009c   Code   RO         3019    i.vTaskStartScheduler  tasks.o
    0x080099d8   0x080099d8   0x00000010   Code   RO         3021    i.vTaskSuspendAll   tasks.o
    0x080099e8   0x080099e8   0x000000cc   Code   RO         3022    i.vTaskSwitchContext  tasks.o
    0x08009ab4   0x08009ab4   0x00000024   Code   RO         3930    i.vegcos            vegmath.o
    0x08009ad8   0x08009ad8   0x000000e8   Code   RO         3931    i.vegsin            vegmath.o
    0x08009bc0   0x08009bc0   0x0000013c   Code   RO         3527    i.xPortStartScheduler  port.o
    0x08009cfc   0x08009cfc   0x00000034   Code   RO         3528    i.xPortSysTickHandler  port.o
    0x08009d30   0x08009d30   0x00000058   Code   RO         2800    i.xQueueGenericCreate  queue.o
    0x08009d88   0x08009d88   0x000001c4   Code   RO         2801    i.xQueueGenericReceive  queue.o
    0x08009f4c   0x08009f4c   0x00000098   Code   RO         2802    i.xQueueGenericReset  queue.o
    0x08009fe4   0x08009fe4   0x000001a8   Code   RO         2803    i.xQueueGenericSend  queue.o
    0x0800a18c   0x0800a18c   0x000000f8   Code   RO         2804    i.xQueueGenericSendFromISR  queue.o
    0x0800a284   0x0800a284   0x0000008c   Code   RO         3023    i.xTaskCheckForTimeOut  tasks.o
    0x0800a310   0x0800a310   0x00000060   Code   RO         3024    i.xTaskCreate       tasks.o
    0x0800a370   0x0800a370   0x00000020   Code   RO         3028    i.xTaskGetSchedulerState  tasks.o
    0x0800a390   0x0800a390   0x0000000c   Code   RO         3029    i.xTaskGetTickCount  tasks.o
    0x0800a39c   0x0800a39c   0x00000148   Code   RO         3031    i.xTaskIncrementTick  tasks.o
    0x0800a4e4   0x0800a4e4   0x000000c8   Code   RO         3034    i.xTaskPriorityDisinherit  tasks.o
    0x0800a5ac   0x0800a5ac   0x00000098   Code   RO         3035    i.xTaskRemoveFromEventList  tasks.o
    0x0800a644   0x0800a644   0x00000104   Code   RO         3037    i.xTaskResumeAll    tasks.o
    0x0800a748   0x0800a748   0x00000058   Code   RO         3353    i.xTimerCreateTimerTask  timers.o
    0x0800a7a0   0x0800a7a0   0x00000084   Code   RO         3354    i.xTimerGenericCommand  timers.o
    0x0800a824   0x0800a824   0x00000018   Code   RO         5516    x$fpl$basic         fz_wm.l(basic.o)
    0x0800a83c   0x0800a83c   0x00000062   Code   RO         5300    x$fpl$d2f           fz_wm.l(d2f.o)
    0x0800a89e   0x0800a89e   0x00000002   PAD
    0x0800a8a0   0x0800a8a0   0x00000150   Code   RO         5302    x$fpl$dadd          fz_wm.l(daddsub_clz.o)
    0x0800a9f0   0x0800a9f0   0x00000010   Code   RO         5655    x$fpl$dcheck1       fz_wm.l(dcheck1.o)
    0x0800aa00   0x0800aa00   0x00000018   Code   RO         5518    x$fpl$dcmpinf       fz_wm.l(dcmpi.o)
    0x0800aa18   0x0800aa18   0x000002b0   Code   RO         5309    x$fpl$ddiv          fz_wm.l(ddiv.o)
    0x0800acc8   0x0800acc8   0x00000078   Code   RO         5520    x$fpl$deqf          fz_wm.l(deqf.o)
    0x0800ad40   0x0800ad40   0x0000005e   Code   RO         5312    x$fpl$dfix          fz_wm.l(dfix.o)
    0x0800ad9e   0x0800ad9e   0x00000002   PAD
    0x0800ada0   0x0800ada0   0x0000005a   Code   RO         5316    x$fpl$dfixu         fz_wm.l(dfixu.o)
    0x0800adfa   0x0800adfa   0x0000002e   Code   RO         5321    x$fpl$dflt          fz_wm.l(dflt_clz.o)
    0x0800ae28   0x0800ae28   0x00000078   Code   RO         5326    x$fpl$dleqf         fz_wm.l(dleqf.o)
    0x0800aea0   0x0800aea0   0x00000154   Code   RO         5328    x$fpl$dmul          fz_wm.l(dmul.o)
    0x0800aff4   0x0800aff4   0x0000009c   Code   RO         5522    x$fpl$dnaninf       fz_wm.l(dnaninf.o)
    0x0800b090   0x0800b090   0x00000150   Code   RO         5524    x$fpl$drem          fz_wm.l(drem_clz.o)
    0x0800b1e0   0x0800b1e0   0x0000000c   Code   RO         5526    x$fpl$dretinf       fz_wm.l(dretinf.o)
    0x0800b1ec   0x0800b1ec   0x0000006c   Code   RO         5330    x$fpl$drleqf        fz_wm.l(drleqf.o)
    0x0800b258   0x0800b258   0x00000016   Code   RO         5303    x$fpl$drsb          fz_wm.l(daddsub_clz.o)
    0x0800b26e   0x0800b26e   0x00000002   PAD
    0x0800b270   0x0800b270   0x00000198   Code   RO         5528    x$fpl$dsqrt         fz_wm.l(dsqrt_umaal.o)
    0x0800b408   0x0800b408   0x000001d4   Code   RO         5304    x$fpl$dsub          fz_wm.l(daddsub_clz.o)
    0x0800b5dc   0x0800b5dc   0x00000056   Code   RO         5332    x$fpl$f2d           fz_wm.l(f2d.o)
    0x0800b632   0x0800b632   0x0000008c   Code   RO         5530    x$fpl$fnaninf       fz_wm.l(fnaninf.o)
    0x0800b6be   0x0800b6be   0x0000000a   Code   RO         5657    x$fpl$fpinit        fz_wm.l(fpinit.o)
    0x0800b6c8   0x0800b6c8   0x0000000a   Code   RO         5532    x$fpl$fretinf       fz_wm.l(fretinf.o)
    0x0800b6d2   0x0800b6d2   0x00000064   Code   RO         5688    x$fpl$retnan        fz_wm.l(retnan.o)
    0x0800b736   0x0800b736   0x0000005c   Code   RO         5534    x$fpl$scalbn        fz_wm.l(scalbn.o)
    0x0800b792   0x0800b792   0x00000030   Code   RO         5720    x$fpl$trapveneer    fz_wm.l(trapv.o)
    0x0800b7c2   0x0800b7c2   0x00000000   Code   RO         5536    x$fpl$usenofp       fz_wm.l(usenofp.o)
    0x0800b7c2   0x0800b7c2   0x00000302   Data   RO         3932    .constdata          vegmath.o
    0x0800bac4   0x0800bac4   0x00000028   Data   RO         5233    .constdata          c_w.l(_printf_hex_int.o)
    0x0800baec   0x0800baec   0x00000004   PAD
    0x0800baf0   0x0800baf0   0x00000050   Data   RO         5339    .constdata          m_wm.l(asin.o)
    0x0800bb40   0x0800bb40   0x00000088   Data   RO         5397    .constdata          m_wm.l(pow.o)
    0x0800bbc8   0x0800bbc8   0x00000098   Data   RO         5540    .constdata          m_wm.l(atan.o)
    0x0800bc60   0x0800bc60   0x00000008   Data   RO         5569    .constdata          m_wm.l(qnan.o)
    0x0800bc68   0x0800bc68   0x00000020   Data   RO         5752    Region$$Table       anon$$obj.o


    Execution Region RW_IRAM1 (Exec base: 0x20000000, Load base: 0x0800bc88, Size: 0x000159d8, Max: 0x00030000, ABSOLUTE, COMPRESSED[0x00000244])

    Exec Addr    Load Addr    Size         Type   Attr      Idx    E Section Name        Object

    0x20000000   COMPRESSED   0x00000010   Data   RW         1295    .data               stm32f4xx_rcc.o
    0x20000010   COMPRESSED   0x00000044   Data   RW         3040    .data               tasks.o
    0x20000054   COMPRESSED   0x00000014   Data   RW         3360    .data               timers.o
    0x20000068   COMPRESSED   0x00000018   Data   RW         3478    .data               heap_4.o
    0x20000080   COMPRESSED   0x0000000c   Data   RW         3529    .data               port.o
    0x2000008c   COMPRESSED   0x00000004   Data   RW         3602    .data               delay.o
    0x20000090   COMPRESSED   0x00000014   Data   RW         3667    .data               madgwickahrs.o
    0x200000a4   COMPRESSED   0x00000002   Data   RW         3709    .data               mpu6500_driver.o
    0x200000a6   COMPRESSED   0x00000002   PAD
    0x200000a8   COMPRESSED   0x00000082   Data   RW         3933    .data               vegmath.o
    0x2000012a   COMPRESSED   0x00000002   PAD
    0x2000012c   COMPRESSED   0x00000004   Data   RW         4010    .data               usart.o
    0x20000130   COMPRESSED   0x00000068   Data   RW         4407    .data               driver_gyroscope.o
    0x20000198   COMPRESSED   0x00000184   Data   RW         4496    .data               driver_bsp.o
    0x2000031c   COMPRESSED   0x0000043c   Data   RW         4726    .data               driver_protocol.o
    0x20000758   COMPRESSED   0x00000078   Data   RW         4835    .data               driver_bridge.o
    0x200007d0   COMPRESSED   0x00000014   Data   RW         4902    .data               system_stm32f4xx.o
    0x200007e4   COMPRESSED   0x00000060   Data   RW         5050    .data               main.o
    0x20000844        -       0x00000040   Zero   RW         2812    .bss                queue.o
    0x20000884        -       0x000000f0   Zero   RW         3039    .bss                tasks.o
    0x20000974        -       0x00000028   Zero   RW         3359    .bss                timers.o
    0x2000099c        -       0x00012c00   Zero   RW         3477    .bss                heap_4.o
    0x2001359c        -       0x00000014   Zero   RW         4406    .bss                driver_gyroscope.o
    0x200135b0        -       0x00000ee0   Zero   RW         5049    .bss                main.o
    0x20014490        -       0x000000e4   Zero   RW         5279    .bss                c_w.l(rand.o)
    0x20014574        -       0x00000060   Zero   RW         5573    .bss                c_w.l(libspace.o)
    0x200145d4   COMPRESSED   0x00000004   PAD
    0x200145d8        -       0x00001000   Zero   RW            2    HEAP                startup_stm32f427xx.o
    0x200155d8        -       0x00000400   Zero   RW            1    STACK               startup_stm32f427xx.o


==============================================================================

Image component sizes


      Code (inc. data)   RO Data    RW Data    ZI Data      Debug   Object Name

         2          0          0          0          0       1316   beep.o
         0          0          0          0          0      10216   croutine.o
       240         18          0          4          0       2713   delay.o
      1222         92          0        120          0       8868   driver_bridge.o
      3276        194          0        388          0      23725   driver_bsp.o
       282          0          0          0          0       2190   driver_can.o
      1110         54          0          0          0      13244   driver_chassis.o
       300          0          0          0          0       3262   driver_dbus.o
       268          4          0          0          0       1969   driver_filter.o
      1424        122          0        104         20       4086   driver_gyroscope.o
         0          0          0          0          0     257092   driver_magic.o
       616         58          0          0          0       2907   driver_motor.o
       386          6          0          0          0       2551   driver_pid.o
      1096         32          0       1084          0       4781   driver_protocol.o
         0          0          0          0          0      11920   event_groups.o
       692         62          0         24      76800       4779   heap_4.o
       308         66          0          0          0       7958   interrupt.o
       116          8          0          0          0        599   led.o
       148          0          0          0          0       3610   list.o
      1052         28          0         20          0       2553   madgwickahrs.o
      1380        286          0         96       3808       4722   main.o
       180         24          0          0          0     314153   misc.o
       260          6          0          2          0       3057   mpu6500_driver.o
      1002        186          0          0          0       7954   mpu6500_i2c.o
       954         92          0         12          0      12037   port.o
      1872         22          0          0         64      16797   queue.o
        64         26        428          0       5120        888   startup_stm32f427xx.o
      1252         28          0          0          0       5561   stm32f4xx_can.o
       194         20          0          0          0       5134   stm32f4xx_dma.o
       196         22          0          0          0       2941   stm32f4xx_exti.o
       240          0          0          0          0       3871   stm32f4xx_gpio.o
       328         36          0         16          0       4955   stm32f4xx_rcc.o
        64          4          0          0          0        688   stm32f4xx_syscfg.o
       930         66          0          0          0      11494   stm32f4xx_tim.o
       328          8          0          0          0       3837   stm32f4xx_usart.o
       392         32          0         20          0       2125   system_stm32f4xx.o
      3364        438          0         68        240      25965   tasks.o
      6728        746          0          0          0       8840   tasks_1.o
      1142        118          0         20         40      18131   timers.o
        28          4          0          4          0       2606   usart.o
       704         74        770        130          0       7362   vegmath.o

    ----------------------------------------------------------------------
     34174       2982       1230       2116      86092     833457   Object Totals
         0          0         32          0          0          0   (incl. Generated)
        34          0          0          4          0          0   (incl. Padding)

    ----------------------------------------------------------------------

      Code (inc. data)   RO Data    RW Data    ZI Data      Debug   Library Member Name

        90          0          0          0          0          0   __dczerorl2.o
         8          0          0          0          0         68   __main.o
       284          0          0          0          0        156   __printf_wp.o
         0          0          0          0          0          0   __rtentry.o
        12          0          0          0          0          0   __rtentry2.o
         6          0          0          0          0          0   __rtentry4.o
        52          8          0          0          0          0   __scatter.o
        28          0          0          0          0          0   __scatter_zi.o
        48          6          0          0          0         96   _printf_char_common.o
        36          4          0          0          0         80   _printf_char_file.o
        88          4         40          0          0         88   _printf_hex_int.o
       178          0          0          0          0         88   _printf_intcommon.o
        78          0          0          0          0        108   _printf_pad.o
         0          0          0          0          0          0   _printf_percent.o
         4          0          0          0          0          0   _printf_percent_end.o
         6          0          0          0          0          0   _printf_x.o
        22          0          0          0          0        100   _rserrno.o
        10          0          0          0          0         68   _sputc.o
        16          0          0          0          0         68   aeabi_memset.o
        10          0          0          0          0         68   defsig_exit.o
        50          0          0          0          0         88   defsig_general.o
        80         58          0          0          0         76   defsig_rtmem_inner.o
        14          0          0          0          0         80   defsig_rtmem_outer.o
        18          0          0          0          0         80   exit.o
         8          0          0          0          0         68   ferror.o
        94          0          0          0          0         80   h1_alloc.o
        52          0          0          0          0         68   h1_extend.o
        78          0          0          0          0         80   h1_free.o
        14          0          0          0          0         84   h1_init.o
         6          0          0          0          0        152   heapauxi.o
         4          0          0          0          0        136   hguard.o
         0          0          0          0          0          0   indicate_semi.o
       138          0          0          0          0        168   init_alloc.o
         2          0          0          0          0          0   libinit.o
        18          0          0          0          0          0   libinit2.o
         2          0          0          0          0          0   libshutdown.o
         2          0          0          0          0          0   libshutdown2.o
         8          4          0          0         96         68   libspace.o
         0          0          0          0          0          0   maybetermalloc1.o
        24          4          0          0          0         84   noretval__2printf.o
        40          6          0          0          0         84   noretval__2sprintf.o
       112         18          0          0        228        160   rand.o
         8          4          0          0          0         68   rt_errno_addr_intlibspace.o
         8          4          0          0          0         68   rt_heap_descriptor_intlibspace.o
        68          0          0          0          0         68   rt_memclr.o
        78          0          0          0          0         80   rt_memclr_w.o
       138          0          0          0          0         68   rt_memcpy_v6.o
       100          0          0          0          0         80   rt_memcpy_w.o
         2          0          0          0          0          0   rtexit.o
        10          0          0          0          0          0   rtexit2.o
        12          4          0          0          0         68   sys_exit.o
        74          0          0          0          0         80   sys_stackheap_outer.o
        14          0          0          0          0         76   sys_wrch.o
         2          0          0          0          0         68   use_no_semi.o
        24          0          0          0          0        164   basic.o
        98          4          0          0          0        140   d2f.o
       826         16          0          0          0        492   daddsub_clz.o
        16          4          0          0          0        116   dcheck1.o
        24          0          0          0          0        116   dcmpi.o
       688        140          0          0          0        256   ddiv.o
       120          4          0          0          0        140   deqf.o
        94          4          0          0          0        140   dfix.o
        90          4          0          0          0        140   dfixu.o
        46          0          0          0          0        116   dflt_clz.o
       120          4          0          0          0        140   dleqf.o
       340         12          0          0          0        152   dmul.o
       156          4          0          0          0        140   dnaninf.o
       336         12          0          0          0        136   drem_clz.o
        12          0          0          0          0        116   dretinf.o
       108          0          0          0          0        128   drleqf.o
       408         56          0          0          0        168   dsqrt_umaal.o
        86          4          0          0          0        132   f2d.o
       140          4          0          0          0        132   fnaninf.o
        10          0          0          0          0        116   fpinit.o
        10          0          0          0          0        116   fretinf.o
       100          0          0          0          0        116   retnan.o
        92          0          0          0          0        116   scalbn.o
        48          0          0          0          0        116   trapv.o
         0          0          0          0          0          0   usenofp.o
       864         94         80          0          0        280   asin.o
       744        106        152          0          0        352   atan.o
       512         64          0          0          0        208   atan2.o
       184         44          0          0          0        744   dunder.o
        44          0          0          0          0        248   fabs.o
       260          6          0          0          0        144   fmod.o
        48          0          0          0          0        124   fpclassify.o
       248          0          0          0          0        152   poly.o
      3152        296        136          0          0        352   pow.o
         0          0          8          0          0          0   qnan.o
       110          0          0          0          0        148   sqrt.o

    ----------------------------------------------------------------------
     12440       1006        420          0        328       9664   Library Totals
        28          0          4          0          4          0   (incl. Padding)

    ----------------------------------------------------------------------

      Code (inc. data)   RO Data    RW Data    ZI Data      Debug   Library Name

      2254        124         40          0        324       3268   c_w.l
      3992        272          0          0          0       3644   fz_wm.l
      6166        610        376          0          0       2752   m_wm.l

    ----------------------------------------------------------------------
     12440       1006        420          0        328       9664   Library Totals

    ----------------------------------------------------------------------

==============================================================================


      Code (inc. data)   RO Data    RW Data    ZI Data      Debug   

     46614       3988       1650       2116      86420     814749   Grand Totals
     46614       3988       1650        580      86420     814749   ELF Image Totals (compressed)
     46614       3988       1650        580          0          0   ROM Totals

==============================================================================

    Total RO  Size (Code + RO Data)                48264 (  47.13kB)
    Total RW  Size (RW Data + ZI Data)             88536 (  86.46kB)
    Total ROM Size (Code + RO Data + RW Data)      48844 (  47.70kB)

==============================================================================

